Archive member included to satisfy reference by file (symbol)

../../libtock-c/libtock/build/cortex-m7/libtock.a(crt0.o)
                              (_start)
../../libtock-c/libtock/build/cortex-m7/libtock.a(tock.o)
                              ../../libtock-c/libtock/build/cortex-m7/libtock.a(crt0.o) (yield)
../drivers/build/cortex-m7/drivers.a(example_driver.o)
                              build/cortex-m7/main.o (example_driver_action)
../../libtock-c/newlib/cortex-m/v7-m/libc.a(lib_a-exit.o)
                              ../../libtock-c/libtock/build/cortex-m7/libtock.a(tock.o) (exit)
../../libtock-c/newlib/cortex-m/v7-m/libc.a(lib_a-impure.o)
                              ../../libtock-c/newlib/cortex-m/v7-m/libc.a(lib_a-exit.o) (_global_impure_ptr)
../../libtock-c/newlib/cortex-m/v7-m/libc.a(lib_a-memcpy-stub.o)
                              ../../libtock-c/libtock/build/cortex-m7/libtock.a(crt0.o) (memcpy)
../../libtock-c/newlib/cortex-m/v7-m/libc.a(lib_a-memset.o)
                              ../../libtock-c/libtock/build/cortex-m7/libtock.a(crt0.o) (memset)
../../libtock-c/newlib/cortex-m/v7-m/libc.a(lib_a-printf.o)
                              ../../libtock-c/libtock/build/cortex-m7/libtock.a(tock.o) (printf)
../../libtock-c/newlib/cortex-m/v7-m/libc.a(lib_a-puts.o)
                              build/cortex-m7/main.o (puts)
../../libtock-c/newlib/cortex-m/v7-m/libc.a(lib_a-wbuf.o)
                              ../../libtock-c/newlib/cortex-m/v7-m/libc.a(lib_a-puts.o) (__swbuf_r)
../../libtock-c/newlib/cortex-m/v7-m/libc.a(lib_a-wsetup.o)
                              ../../libtock-c/newlib/cortex-m/v7-m/libc.a(lib_a-puts.o) (__swsetup_r)
../../libtock-c/newlib/cortex-m/v7-m/libc.a(lib_a-fflush.o)
                              ../../libtock-c/newlib/cortex-m/v7-m/libc.a(lib_a-wbuf.o) (_fflush_r)
../../libtock-c/newlib/cortex-m/v7-m/libc.a(lib_a-findfp.o)
                              ../../libtock-c/newlib/cortex-m/v7-m/libc.a(lib_a-printf.o) (__sinit)
../../libtock-c/newlib/cortex-m/v7-m/libc.a(lib_a-fwalk.o)
                              ../../libtock-c/newlib/cortex-m/v7-m/libc.a(lib_a-findfp.o) (_fwalk)
../../libtock-c/newlib/cortex-m/v7-m/libc.a(lib_a-makebuf.o)
                              ../../libtock-c/newlib/cortex-m/v7-m/libc.a(lib_a-wsetup.o) (__smakebuf_r)
../../libtock-c/newlib/cortex-m/v7-m/libc.a(lib_a-nano-freer.o)
                              ../../libtock-c/newlib/cortex-m/v7-m/libc.a(lib_a-wsetup.o) (_free_r)
../../libtock-c/newlib/cortex-m/v7-m/libc.a(lib_a-nano-mallocr.o)
                              ../../libtock-c/newlib/cortex-m/v7-m/libc.a(lib_a-findfp.o) (_malloc_r)
../../libtock-c/newlib/cortex-m/v7-m/libc.a(lib_a-nano-vfprintf.o)
                              ../../libtock-c/newlib/cortex-m/v7-m/libc.a(lib_a-printf.o) (_vfprintf_r)
../../libtock-c/newlib/cortex-m/v7-m/libc.a(lib_a-nano-vfprintf_i.o)
                              ../../libtock-c/newlib/cortex-m/v7-m/libc.a(lib_a-nano-vfprintf.o) (_printf_i)
../../libtock-c/newlib/cortex-m/v7-m/libc.a(lib_a-sbrkr.o)
                              ../../libtock-c/newlib/cortex-m/v7-m/libc.a(lib_a-nano-mallocr.o) (_sbrk_r)
../../libtock-c/newlib/cortex-m/v7-m/libc.a(lib_a-stdio.o)
                              ../../libtock-c/newlib/cortex-m/v7-m/libc.a(lib_a-findfp.o) (__sread)
../../libtock-c/newlib/cortex-m/v7-m/libc.a(lib_a-writer.o)
                              ../../libtock-c/newlib/cortex-m/v7-m/libc.a(lib_a-stdio.o) (_write_r)
../../libtock-c/newlib/cortex-m/v7-m/libc.a(lib_a-closer.o)
                              ../../libtock-c/newlib/cortex-m/v7-m/libc.a(lib_a-stdio.o) (_close_r)
../../libtock-c/newlib/cortex-m/v7-m/libc.a(lib_a-fstatr.o)
                              ../../libtock-c/newlib/cortex-m/v7-m/libc.a(lib_a-makebuf.o) (_fstat_r)
../../libtock-c/newlib/cortex-m/v7-m/libc.a(lib_a-fvwrite.o)
                              ../../libtock-c/newlib/cortex-m/v7-m/libc.a(lib_a-nano-vfprintf.o) (__sfvwrite_r)
../../libtock-c/newlib/cortex-m/v7-m/libc.a(lib_a-isattyr.o)
                              ../../libtock-c/newlib/cortex-m/v7-m/libc.a(lib_a-makebuf.o) (_isatty_r)
../../libtock-c/newlib/cortex-m/v7-m/libc.a(lib_a-lseekr.o)
                              ../../libtock-c/newlib/cortex-m/v7-m/libc.a(lib_a-stdio.o) (_lseek_r)
../../libtock-c/newlib/cortex-m/v7-m/libc.a(lib_a-memchr-stub.o)
                              ../../libtock-c/newlib/cortex-m/v7-m/libc.a(lib_a-nano-vfprintf.o) (memchr)
../../libtock-c/newlib/cortex-m/v7-m/libc.a(lib_a-memmove.o)
                              ../../libtock-c/newlib/cortex-m/v7-m/libc.a(lib_a-fvwrite.o) (memmove)
../../libtock-c/newlib/cortex-m/v7-m/libc.a(lib_a-mlock.o)
                              ../../libtock-c/newlib/cortex-m/v7-m/libc.a(lib_a-nano-freer.o) (__malloc_lock)
../../libtock-c/newlib/cortex-m/v7-m/libc.a(lib_a-nano-reallocr.o)
                              ../../libtock-c/newlib/cortex-m/v7-m/libc.a(lib_a-fvwrite.o) (_realloc_r)
../../libtock-c/newlib/cortex-m/v7-m/libc.a(lib_a-readr.o)
                              ../../libtock-c/newlib/cortex-m/v7-m/libc.a(lib_a-stdio.o) (_read_r)
../../libtock-c/newlib/cortex-m/v7-m/libc.a(lib_a-reent.o)
                              ../../libtock-c/newlib/cortex-m/v7-m/libc.a(lib_a-sbrkr.o) (errno)
../../libtock-c/newlib/cortex-m/v7-m/libc.a(lib_a-nano-msizer.o)
                              ../../libtock-c/newlib/cortex-m/v7-m/libc.a(lib_a-nano-reallocr.o) (_malloc_usable_size_r)
../../libtock-c/libtock/build/cortex-m7/libtock.a(sys.o)
                              ../../libtock-c/newlib/cortex-m/v7-m/libc.a(lib_a-isattyr.o) (_isatty)
../../libtock-c/libtock/build/cortex-m7/libtock.a(console.o)
                              ../../libtock-c/libtock/build/cortex-m7/libtock.a(sys.o) (putnstr)
../../libtock-c/newlib/cortex-m/v7-m/libc.a(lib_a-errno.o)
                              ../../libtock-c/libtock/build/cortex-m7/libtock.a(sys.o) (__errno)
../../libtock-c/newlib/cortex-m/v7-m/libc.a(lib_a-malloc.o)
                              ../../libtock-c/libtock/build/cortex-m7/libtock.a(console.o) (malloc)
../../libtock-c/newlib/cortex-m/v7-m/libc.a(lib_a-strncpy.o)
                              ../../libtock-c/libtock/build/cortex-m7/libtock.a(console.o) (strncpy)

Allocating common symbols
Common symbol       size              file

errno               0x4               ../../libtock-c/newlib/cortex-m/v7-m/libc.a(lib_a-reent.o)

Discarded input sections

 .text          0x0000000000000000        0x0 build/cortex-m7/main.o
 .text          0x0000000000000000        0x0 ../../libtock-c/libtock/build/cortex-m7/libtock.a(crt0.o)
 .text._c_start_nopic
                0x0000000000000000       0x38 ../../libtock-c/libtock/build/cortex-m7/libtock.a(crt0.o)
 .text          0x0000000000000000        0x0 ../../libtock-c/libtock/build/cortex-m7/libtock.a(tock.o)
 .text.tock_enqueue
                0x0000000000000000       0x60 ../../libtock-c/libtock/build/cortex-m7/libtock.a(tock.o)
 .text.tock_command_return_u32_to_returncode
                0x0000000000000000       0x30 ../../libtock-c/libtock/build/cortex-m7/libtock.a(tock.o)
 .text.tock_subscribe_return_to_returncode
                0x0000000000000000       0x20 ../../libtock-c/libtock/build/cortex-m7/libtock.a(tock.o)
 .text.tock_allow_rw_return_to_returncode
                0x0000000000000000       0x20 ../../libtock-c/libtock/build/cortex-m7/libtock.a(tock.o)
 .text.tock_allow_ro_return_to_returncode
                0x0000000000000000       0x20 ../../libtock-c/libtock/build/cortex-m7/libtock.a(tock.o)
 .text.yield_no_wait
                0x0000000000000000       0x20 ../../libtock-c/libtock/build/cortex-m7/libtock.a(tock.o)
 .text.tock_exit
                0x0000000000000000        0x6 ../../libtock-c/libtock/build/cortex-m7/libtock.a(tock.o)
 .text.tock_restart
                0x0000000000000000        0x6 ../../libtock-c/libtock/build/cortex-m7/libtock.a(tock.o)
 .text.allow_readwrite
                0x0000000000000000       0x38 ../../libtock-c/libtock/build/cortex-m7/libtock.a(tock.o)
 .text.allow_userspace_read
                0x0000000000000000       0x3a ../../libtock-c/libtock/build/cortex-m7/libtock.a(tock.o)
 .text.tock_app_memory_begins_at
                0x0000000000000000       0x1e ../../libtock-c/libtock/build/cortex-m7/libtock.a(tock.o)
 .text.tock_app_memory_ends_at
                0x0000000000000000       0x1e ../../libtock-c/libtock/build/cortex-m7/libtock.a(tock.o)
 .text.tock_app_flash_begins_at
                0x0000000000000000       0x1e ../../libtock-c/libtock/build/cortex-m7/libtock.a(tock.o)
 .text.tock_app_flash_ends_at
                0x0000000000000000       0x1e ../../libtock-c/libtock/build/cortex-m7/libtock.a(tock.o)
 .text.tock_app_grant_begins_at
                0x0000000000000000       0x1e ../../libtock-c/libtock/build/cortex-m7/libtock.a(tock.o)
 .text.tock_app_number_writeable_flash_regions
                0x0000000000000000       0x1e ../../libtock-c/libtock/build/cortex-m7/libtock.a(tock.o)
 .text.tock_app_writeable_flash_region_begins_at
                0x0000000000000000       0x1e ../../libtock-c/libtock/build/cortex-m7/libtock.a(tock.o)
 .text.tock_app_writeable_flash_region_ends_at
                0x0000000000000000       0x1e ../../libtock-c/libtock/build/cortex-m7/libtock.a(tock.o)
 .text.driver_exists
                0x0000000000000000       0x1c ../../libtock-c/libtock/build/cortex-m7/libtock.a(tock.o)
 .rodata.tock_strrcode.str1.1
                0x0000000000000000      0x1c8 ../../libtock-c/libtock/build/cortex-m7/libtock.a(tock.o)
 .text.tock_strrcode
                0x0000000000000000       0xa8 ../../libtock-c/libtock/build/cortex-m7/libtock.a(tock.o)
 .text.tock_strerr
                0x0000000000000000       0x10 ../../libtock-c/libtock/build/cortex-m7/libtock.a(tock.o)
 .rodata.tock_expect.str1.1
                0x0000000000000000       0x65 ../../libtock-c/libtock/build/cortex-m7/libtock.a(tock.o)
 .text.tock_expect
                0x0000000000000000       0x4c ../../libtock-c/libtock/build/cortex-m7/libtock.a(tock.o)
 .text          0x0000000000000000        0x0 ../drivers/build/cortex-m7/drivers.a(example_driver.o)
 .text          0x0000000000000000        0x0 ../../libtock-c/newlib/cortex-m/v7-m/libc.a(lib_a-exit.o)
 .text          0x0000000000000000        0x0 ../../libtock-c/newlib/cortex-m/v7-m/libc.a(lib_a-impure.o)
 .text          0x0000000000000000        0x0 ../../libtock-c/newlib/cortex-m/v7-m/libc.a(lib_a-memcpy-stub.o)
 .text          0x0000000000000000        0x0 ../../libtock-c/newlib/cortex-m/v7-m/libc.a(lib_a-memset.o)
 .text          0x0000000000000000        0x0 ../../libtock-c/newlib/cortex-m/v7-m/libc.a(lib_a-printf.o)
 .text._printf_r
                0x0000000000000000       0x28 ../../libtock-c/newlib/cortex-m/v7-m/libc.a(lib_a-printf.o)
 .text.printf   0x0000000000000000       0x34 ../../libtock-c/newlib/cortex-m/v7-m/libc.a(lib_a-printf.o)
 .text          0x0000000000000000        0x0 ../../libtock-c/newlib/cortex-m/v7-m/libc.a(lib_a-puts.o)
 .text          0x0000000000000000        0x0 ../../libtock-c/newlib/cortex-m/v7-m/libc.a(lib_a-wbuf.o)
 .text.__swbuf  0x0000000000000000       0x14 ../../libtock-c/newlib/cortex-m/v7-m/libc.a(lib_a-wbuf.o)
 .text          0x0000000000000000        0x0 ../../libtock-c/newlib/cortex-m/v7-m/libc.a(lib_a-wsetup.o)
 .text          0x0000000000000000        0x0 ../../libtock-c/newlib/cortex-m/v7-m/libc.a(lib_a-fflush.o)
 .text.fflush   0x0000000000000000       0x30 ../../libtock-c/newlib/cortex-m/v7-m/libc.a(lib_a-fflush.o)
 .text          0x0000000000000000        0x0 ../../libtock-c/newlib/cortex-m/v7-m/libc.a(lib_a-findfp.o)
 .text.__fp_lock
                0x0000000000000000        0x4 ../../libtock-c/newlib/cortex-m/v7-m/libc.a(lib_a-findfp.o)
 .text.__fp_unlock
                0x0000000000000000        0x4 ../../libtock-c/newlib/cortex-m/v7-m/libc.a(lib_a-findfp.o)
 .text._cleanup
                0x0000000000000000       0x10 ../../libtock-c/newlib/cortex-m/v7-m/libc.a(lib_a-findfp.o)
 .text.__fp_lock_all
                0x0000000000000000       0x24 ../../libtock-c/newlib/cortex-m/v7-m/libc.a(lib_a-findfp.o)
 .text.__fp_unlock_all
                0x0000000000000000       0x24 ../../libtock-c/newlib/cortex-m/v7-m/libc.a(lib_a-findfp.o)
 .text          0x0000000000000000        0x0 ../../libtock-c/newlib/cortex-m/v7-m/libc.a(lib_a-fwalk.o)
 .text._fwalk   0x0000000000000000       0x3a ../../libtock-c/newlib/cortex-m/v7-m/libc.a(lib_a-fwalk.o)
 .text          0x0000000000000000        0x0 ../../libtock-c/newlib/cortex-m/v7-m/libc.a(lib_a-makebuf.o)
 .text          0x0000000000000000        0x0 ../../libtock-c/newlib/cortex-m/v7-m/libc.a(lib_a-nano-freer.o)
 .text          0x0000000000000000        0x0 ../../libtock-c/newlib/cortex-m/v7-m/libc.a(lib_a-nano-mallocr.o)
 .text          0x0000000000000000        0x0 ../../libtock-c/newlib/cortex-m/v7-m/libc.a(lib_a-nano-vfprintf.o)
 .text.__sfputc_r
                0x0000000000000000       0x2a ../../libtock-c/newlib/cortex-m/v7-m/libc.a(lib_a-nano-vfprintf.o)
 .text.__sfputs_r
                0x0000000000000000       0x24 ../../libtock-c/newlib/cortex-m/v7-m/libc.a(lib_a-nano-vfprintf.o)
 .text.__sprint_r
                0x0000000000000000       0x1a ../../libtock-c/newlib/cortex-m/v7-m/libc.a(lib_a-nano-vfprintf.o)
 .rodata._vfprintf_r.str1.1
                0x0000000000000000       0x11 ../../libtock-c/newlib/cortex-m/v7-m/libc.a(lib_a-nano-vfprintf.o)
 .text._vfprintf_r
                0x0000000000000000      0x23c ../../libtock-c/newlib/cortex-m/v7-m/libc.a(lib_a-nano-vfprintf.o)
 .text.vfprintf
                0x0000000000000000       0x1c ../../libtock-c/newlib/cortex-m/v7-m/libc.a(lib_a-nano-vfprintf.o)
 .text          0x0000000000000000        0x0 ../../libtock-c/newlib/cortex-m/v7-m/libc.a(lib_a-nano-vfprintf_i.o)
 .text._printf_common
                0x0000000000000000       0xde ../../libtock-c/newlib/cortex-m/v7-m/libc.a(lib_a-nano-vfprintf_i.o)
 .rodata._printf_i.str1.1
                0x0000000000000000       0x22 ../../libtock-c/newlib/cortex-m/v7-m/libc.a(lib_a-nano-vfprintf_i.o)
 .text._printf_i
                0x0000000000000000      0x260 ../../libtock-c/newlib/cortex-m/v7-m/libc.a(lib_a-nano-vfprintf_i.o)
 .text          0x0000000000000000        0x0 ../../libtock-c/newlib/cortex-m/v7-m/libc.a(lib_a-sbrkr.o)
 .text          0x0000000000000000        0x0 ../../libtock-c/newlib/cortex-m/v7-m/libc.a(lib_a-stdio.o)
 .text.__seofread
                0x0000000000000000        0x4 ../../libtock-c/newlib/cortex-m/v7-m/libc.a(lib_a-stdio.o)
 .text          0x0000000000000000        0x0 ../../libtock-c/newlib/cortex-m/v7-m/libc.a(lib_a-writer.o)
 .text          0x0000000000000000        0x0 ../../libtock-c/newlib/cortex-m/v7-m/libc.a(lib_a-closer.o)
 .text          0x0000000000000000        0x0 ../../libtock-c/newlib/cortex-m/v7-m/libc.a(lib_a-fstatr.o)
 .text          0x0000000000000000        0x0 ../../libtock-c/newlib/cortex-m/v7-m/libc.a(lib_a-fvwrite.o)
 .text.__sfvwrite_r
                0x0000000000000000      0x298 ../../libtock-c/newlib/cortex-m/v7-m/libc.a(lib_a-fvwrite.o)
 .text          0x0000000000000000        0x0 ../../libtock-c/newlib/cortex-m/v7-m/libc.a(lib_a-isattyr.o)
 .text          0x0000000000000000        0x0 ../../libtock-c/newlib/cortex-m/v7-m/libc.a(lib_a-lseekr.o)
 .text          0x0000000000000000        0x0 ../../libtock-c/newlib/cortex-m/v7-m/libc.a(lib_a-memchr-stub.o)
 .text.memchr   0x0000000000000000       0x1c ../../libtock-c/newlib/cortex-m/v7-m/libc.a(lib_a-memchr-stub.o)
 .text          0x0000000000000000        0x0 ../../libtock-c/newlib/cortex-m/v7-m/libc.a(lib_a-memmove.o)
 .text.memmove  0x0000000000000000       0x34 ../../libtock-c/newlib/cortex-m/v7-m/libc.a(lib_a-memmove.o)
 .text          0x0000000000000000        0x0 ../../libtock-c/newlib/cortex-m/v7-m/libc.a(lib_a-mlock.o)
 .text          0x0000000000000000        0x0 ../../libtock-c/newlib/cortex-m/v7-m/libc.a(lib_a-nano-reallocr.o)
 .text._realloc_r
                0x0000000000000000       0x5e ../../libtock-c/newlib/cortex-m/v7-m/libc.a(lib_a-nano-reallocr.o)
 .text          0x0000000000000000        0x0 ../../libtock-c/newlib/cortex-m/v7-m/libc.a(lib_a-readr.o)
 .text          0x0000000000000000        0x0 ../../libtock-c/newlib/cortex-m/v7-m/libc.a(lib_a-reent.o)
 .text.cleanup_glue
                0x0000000000000000       0x1a ../../libtock-c/newlib/cortex-m/v7-m/libc.a(lib_a-reent.o)
 .text._reclaim_reent
                0x0000000000000000       0xbc ../../libtock-c/newlib/cortex-m/v7-m/libc.a(lib_a-reent.o)
 .text          0x0000000000000000        0x0 ../../libtock-c/newlib/cortex-m/v7-m/libc.a(lib_a-nano-msizer.o)
 .text._malloc_usable_size_r
                0x0000000000000000       0x10 ../../libtock-c/newlib/cortex-m/v7-m/libc.a(lib_a-nano-msizer.o)
 .text          0x0000000000000000        0x0 ../../libtock-c/libtock/build/cortex-m7/libtock.a(sys.o)
 .text._unlink  0x0000000000000000        0x6 ../../libtock-c/libtock/build/cortex-m7/libtock.a(sys.o)
 .text._open    0x0000000000000000        0xa ../../libtock-c/libtock/build/cortex-m7/libtock.a(sys.o)
 .text._getpid  0x0000000000000000        0x4 ../../libtock-c/libtock/build/cortex-m7/libtock.a(sys.o)
 .text._kill    0x0000000000000000        0x6 ../../libtock-c/libtock/build/cortex-m7/libtock.a(sys.o)
 .text          0x0000000000000000        0x0 ../../libtock-c/libtock/build/cortex-m7/libtock.a(console.o)
 .text.getnstr_upcall
                0x0000000000000000       0x14 ../../libtock-c/libtock/build/cortex-m7/libtock.a(console.o)
 .text.getnstr_async
                0x0000000000000000       0x66 ../../libtock-c/libtock/build/cortex-m7/libtock.a(console.o)
 .text.getnstr  0x0000000000000000       0x38 ../../libtock-c/libtock/build/cortex-m7/libtock.a(console.o)
 .text.getch    0x0000000000000000       0x1c ../../libtock-c/libtock/build/cortex-m7/libtock.a(console.o)
 .text.getnstr_abort
                0x0000000000000000       0x22 ../../libtock-c/libtock/build/cortex-m7/libtock.a(console.o)
 .text          0x0000000000000000        0x0 ../../libtock-c/newlib/cortex-m/v7-m/libc.a(lib_a-errno.o)
 .text          0x0000000000000000        0x0 ../../libtock-c/newlib/cortex-m/v7-m/libc.a(lib_a-malloc.o)
 .text          0x0000000000000000        0x0 ../../libtock-c/newlib/cortex-m/v7-m/libc.a(lib_a-strncpy.o)

Memory Configuration

Name             Origin             Length             Attributes
FLASH            0x0000000080000000 0x0000000000070000 xr
SRAM             0x0000000000000000 0x0000000000010000 xrw
*default*        0x0000000000000000 0xffffffffffffffff

Linker script and memory map

                0x0000000000000800                STACK_SIZE = 0x800
                0x0000000000000400                APP_HEAP_SIZE = 0x400
                0x0000000000000400                KERNEL_HEAP_SIZE = 0x400
START GROUP
LOAD build/cortex-m7/main.o
LOAD ../../libtock-c/libtock/build/cortex-m7/libtock.a
LOAD ../drivers/build/cortex-m7/drivers.a
LOAD ../../libtock-c/libc++/cortex-m/libstdc++.a
LOAD ../../libtock-c/libc++/cortex-m/libsupc++.a
LOAD ../../libtock-c/libc++/cortex-m/libgcc.a
LOAD ../../libtock-c/newlib/cortex-m/v7-m/libc.a
LOAD ../../libtock-c/newlib/cortex-m/v7-m/libm.a
END GROUP
                0x0000000000070000                PROG_LENGTH = 0x70000
                0x0000000000010000                RAM_LENGTH = 0x10000

.crt0_header    0x0000000080000000       0x28
                0x0000000080000000        0x4 LONG 0xe8c (LOADADDR (.got) - ORIGIN (FLASH))
                0x0000000080000004        0x4 LONG 0x800 (_got - ORIGIN (SRAM))
                0x0000000080000008        0x4 LONG 0x64 SIZEOF (.got)
                0x000000008000000c        0x4 LONG 0xef0 (LOADADDR (.data) - ORIGIN (FLASH))
                0x0000000080000010        0x4 LONG 0x864 (_data - ORIGIN (SRAM))
                0x0000000080000014        0x4 LONG 0x70 SIZEOF (.data)
                0x0000000080000018        0x4 LONG 0x8d4 (_bss - ORIGIN (SRAM))
                0x000000008000001c        0x4 LONG 0x160 SIZEOF (.bss)
                0x0000000080000020        0x4 LONG 0xf60 (LOADADDR (.endflash) - ORIGIN (FLASH))
                0x0000000080000024        0x4 LONG 0x800 STACK_SIZE

.wfr.app_state  0x0000000080000028        0x0
 *(.app_state)
                0x0000000080000028                . = ALIGN (0x4)

.text           0x0000000080000028      0xe64
                0x0000000080000028                . = ALIGN (0x4)
                0x0000000080000028                _text = .
 *(.start)
 .start         0x0000000080000028       0x44 ../../libtock-c/libtock/build/cortex-m7/libtock.a(crt0.o)
                0x0000000080000028                _start
 *(.text*)
 .text.startup.main
                0x000000008000006c       0x18 build/cortex-m7/main.o
                0x000000008000006c                main
 .text._c_start_pic
                0x0000000080000084       0x7c ../../libtock-c/libtock/build/cortex-m7/libtock.a(crt0.o)
                0x0000000080000084                _c_start_pic
 .text.tock_status_to_returncode
                0x0000000080000100        0x4 ../../libtock-c/libtock/build/cortex-m7/libtock.a(tock.o)
                0x0000000080000100                tock_status_to_returncode
 .text.tock_command_return_novalue_to_returncode
                0x0000000080000104       0x2c ../../libtock-c/libtock/build/cortex-m7/libtock.a(tock.o)
                0x0000000080000104                tock_command_return_novalue_to_returncode
 .text.yield_check_tasks
                0x0000000080000130       0x54 ../../libtock-c/libtock/build/cortex-m7/libtock.a(tock.o)
                0x0000000080000130                yield_check_tasks
 .text.yield    0x0000000080000184       0x10 ../../libtock-c/libtock/build/cortex-m7/libtock.a(tock.o)
                0x0000000080000184                yield
 .text.yield_for
                0x0000000080000194       0x10 ../../libtock-c/libtock/build/cortex-m7/libtock.a(tock.o)
                0x0000000080000194                yield_for
 .text.subscribe
                0x00000000800001a4       0x38 ../../libtock-c/libtock/build/cortex-m7/libtock.a(tock.o)
                0x00000000800001a4                subscribe
 .text.command  0x00000000800001dc       0x1a ../../libtock-c/libtock/build/cortex-m7/libtock.a(tock.o)
                0x00000000800001dc                command
 .text.allow_readonly
                0x00000000800001f6       0x38 ../../libtock-c/libtock/build/cortex-m7/libtock.a(tock.o)
                0x00000000800001f6                allow_readonly
 .text.memop    0x000000008000022e       0x32 ../../libtock-c/libtock/build/cortex-m7/libtock.a(tock.o)
                0x000000008000022e                memop
 .text.example_driver_action
                0x0000000080000260        0x2 ../drivers/build/cortex-m7/drivers.a(example_driver.o)
                0x0000000080000260                example_driver_action
 *fill*         0x0000000080000262        0x2 ff
 .text.exit     0x0000000080000264       0x30 ../../libtock-c/newlib/cortex-m/v7-m/libc.a(lib_a-exit.o)
                0x0000000080000264                exit
 .text.memcpy   0x0000000080000294       0x1c ../../libtock-c/newlib/cortex-m/v7-m/libc.a(lib_a-memcpy-stub.o)
                0x0000000080000294                memcpy
 .text.memset   0x00000000800002b0       0x10 ../../libtock-c/newlib/cortex-m/v7-m/libc.a(lib_a-memset.o)
                0x00000000800002b0                memset
 .text._puts_r  0x00000000800002c0       0xc4 ../../libtock-c/newlib/cortex-m/v7-m/libc.a(lib_a-puts.o)
                0x00000000800002c0                _puts_r
 .text.puts     0x0000000080000384       0x14 ../../libtock-c/newlib/cortex-m/v7-m/libc.a(lib_a-puts.o)
                0x0000000080000384                puts
 .text.__swbuf_r
                0x0000000080000398       0xb0 ../../libtock-c/newlib/cortex-m/v7-m/libc.a(lib_a-wbuf.o)
                0x0000000080000398                __swbuf_r
 .text.__swsetup_r
                0x0000000080000448       0xec ../../libtock-c/newlib/cortex-m/v7-m/libc.a(lib_a-wsetup.o)
                0x0000000080000448                __swsetup_r
 .text.__sflush_r
                0x0000000080000534      0x10c ../../libtock-c/newlib/cortex-m/v7-m/libc.a(lib_a-fflush.o)
                0x0000000080000534                __sflush_r
 .text._fflush_r
                0x0000000080000640       0x60 ../../libtock-c/newlib/cortex-m/v7-m/libc.a(lib_a-fflush.o)
                0x0000000080000640                _fflush_r
 .text.std      0x00000000800006a0       0x58 ../../libtock-c/newlib/cortex-m/v7-m/libc.a(lib_a-findfp.o)
 .text._cleanup_r
                0x00000000800006f8       0x10 ../../libtock-c/newlib/cortex-m/v7-m/libc.a(lib_a-findfp.o)
                0x00000000800006f8                _cleanup_r
 .text.__sfmoreglue
                0x0000000080000708       0x2c ../../libtock-c/newlib/cortex-m/v7-m/libc.a(lib_a-findfp.o)
                0x0000000080000708                __sfmoreglue
 .text.__sfp_lock_acquire
                0x0000000080000734        0x2 ../../libtock-c/newlib/cortex-m/v7-m/libc.a(lib_a-findfp.o)
                0x0000000080000734                __sfp_lock_acquire
 .text.__sfp_lock_release
                0x0000000080000736        0x2 ../../libtock-c/newlib/cortex-m/v7-m/libc.a(lib_a-findfp.o)
                0x0000000080000736                __sfp_lock_release
 .text.__sinit_lock_acquire
                0x0000000080000738        0x2 ../../libtock-c/newlib/cortex-m/v7-m/libc.a(lib_a-findfp.o)
                0x0000000080000738                __sinit_lock_acquire
 .text.__sinit_lock_release
                0x000000008000073a        0x2 ../../libtock-c/newlib/cortex-m/v7-m/libc.a(lib_a-findfp.o)
                0x000000008000073a                __sinit_lock_release
 .text.__sinit  0x000000008000073c       0x78 ../../libtock-c/newlib/cortex-m/v7-m/libc.a(lib_a-findfp.o)
                0x000000008000073c                __sinit
 .text.__sfp    0x00000000800007b4       0x88 ../../libtock-c/newlib/cortex-m/v7-m/libc.a(lib_a-findfp.o)
                0x00000000800007b4                __sfp
 .text._fwalk_reent
                0x000000008000083c       0x3e ../../libtock-c/newlib/cortex-m/v7-m/libc.a(lib_a-fwalk.o)
                0x000000008000083c                _fwalk_reent
 .text.__swhatbuf_r
                0x000000008000087a       0x48 ../../libtock-c/newlib/cortex-m/v7-m/libc.a(lib_a-makebuf.o)
                0x000000008000087a                __swhatbuf_r
 *fill*         0x00000000800008c2        0x2 ff
 .text.__smakebuf_r
                0x00000000800008c4       0x84 ../../libtock-c/newlib/cortex-m/v7-m/libc.a(lib_a-makebuf.o)
                0x00000000800008c4                __smakebuf_r
 .text._free_r  0x0000000080000948       0x94 ../../libtock-c/newlib/cortex-m/v7-m/libc.a(lib_a-nano-freer.o)
                0x0000000080000948                _free_r
 .text._malloc_r
                0x00000000800009dc       0xbc ../../libtock-c/newlib/cortex-m/v7-m/libc.a(lib_a-nano-mallocr.o)
                0x00000000800009dc                _malloc_r
 .text._sbrk_r  0x0000000080000a98       0x24 ../../libtock-c/newlib/cortex-m/v7-m/libc.a(lib_a-sbrkr.o)
                0x0000000080000a98                _sbrk_r
 .text.__sread  0x0000000080000abc       0x22 ../../libtock-c/newlib/cortex-m/v7-m/libc.a(lib_a-stdio.o)
                0x0000000080000abc                __sread
 .text.__swrite
                0x0000000080000ade       0x38 ../../libtock-c/newlib/cortex-m/v7-m/libc.a(lib_a-stdio.o)
                0x0000000080000ade                __swrite
 .text.__sseek  0x0000000080000b16       0x24 ../../libtock-c/newlib/cortex-m/v7-m/libc.a(lib_a-stdio.o)
                0x0000000080000b16                __sseek
 .text.__sclose
                0x0000000080000b3a        0x8 ../../libtock-c/newlib/cortex-m/v7-m/libc.a(lib_a-stdio.o)
                0x0000000080000b3a                __sclose
 *fill*         0x0000000080000b42        0x2 ff
 .text._write_r
                0x0000000080000b44       0x28 ../../libtock-c/newlib/cortex-m/v7-m/libc.a(lib_a-writer.o)
                0x0000000080000b44                _write_r
 .text._close_r
                0x0000000080000b6c       0x24 ../../libtock-c/newlib/cortex-m/v7-m/libc.a(lib_a-closer.o)
                0x0000000080000b6c                _close_r
 .text._fstat_r
                0x0000000080000b90       0x28 ../../libtock-c/newlib/cortex-m/v7-m/libc.a(lib_a-fstatr.o)
                0x0000000080000b90                _fstat_r
 .text._isatty_r
                0x0000000080000bb8       0x24 ../../libtock-c/newlib/cortex-m/v7-m/libc.a(lib_a-isattyr.o)
                0x0000000080000bb8                _isatty_r
 .text._lseek_r
                0x0000000080000bdc       0x28 ../../libtock-c/newlib/cortex-m/v7-m/libc.a(lib_a-lseekr.o)
                0x0000000080000bdc                _lseek_r
 .text.__malloc_lock
                0x0000000080000c04        0x2 ../../libtock-c/newlib/cortex-m/v7-m/libc.a(lib_a-mlock.o)
                0x0000000080000c04                __malloc_lock
 .text.__malloc_unlock
                0x0000000080000c06        0x2 ../../libtock-c/newlib/cortex-m/v7-m/libc.a(lib_a-mlock.o)
                0x0000000080000c06                __malloc_unlock
 .text._read_r  0x0000000080000c08       0x28 ../../libtock-c/newlib/cortex-m/v7-m/libc.a(lib_a-readr.o)
                0x0000000080000c08                _read_r
 .text._isatty  0x0000000080000c30        0x8 ../../libtock-c/libtock/build/cortex-m7/libtock.a(sys.o)
                0x0000000080000c30                _isatty
 .text._write   0x0000000080000c38       0x10 ../../libtock-c/libtock/build/cortex-m7/libtock.a(sys.o)
                0x0000000080000c38                _write
 .text._close   0x0000000080000c48        0x6 ../../libtock-c/libtock/build/cortex-m7/libtock.a(sys.o)
                0x0000000080000c48                _close
 .text._fstat   0x0000000080000c4e        0xa ../../libtock-c/libtock/build/cortex-m7/libtock.a(sys.o)
                0x0000000080000c4e                _fstat
 .text._lseek   0x0000000080000c58        0x4 ../../libtock-c/libtock/build/cortex-m7/libtock.a(sys.o)
                0x0000000080000c58                _lseek
 .text._read    0x0000000080000c5c        0x4 ../../libtock-c/libtock/build/cortex-m7/libtock.a(sys.o)
                0x0000000080000c5c                _read
 .text._exit    0x0000000080000c60        0x2 ../../libtock-c/libtock/build/cortex-m7/libtock.a(sys.o)
                0x0000000080000c60                _exit
 .text._sbrk    0x0000000080000c62       0x28 ../../libtock-c/libtock/build/cortex-m7/libtock.a(sys.o)
                0x0000000080000c62                _sbrk
 .text.putnstr_async
                0x0000000080000c8a       0x66 ../../libtock-c/libtock/build/cortex-m7/libtock.a(console.o)
                0x0000000080000c8a                putnstr_async
 .text.putnstr  0x0000000080000cf0       0x90 ../../libtock-c/libtock/build/cortex-m7/libtock.a(console.o)
                0x0000000080000cf0                putnstr
 .text.putstr_upcall
                0x0000000080000d80       0x40 ../../libtock-c/libtock/build/cortex-m7/libtock.a(console.o)
 .text.__errno  0x0000000080000dc0       0x10 ../../libtock-c/newlib/cortex-m/v7-m/libc.a(lib_a-errno.o)
                0x0000000080000dc0                __errno
 .text.malloc   0x0000000080000dd0       0x14 ../../libtock-c/newlib/cortex-m/v7-m/libc.a(lib_a-malloc.o)
                0x0000000080000dd0                malloc
 .text.free     0x0000000080000de4       0x14 ../../libtock-c/newlib/cortex-m/v7-m/libc.a(lib_a-malloc.o)
                0x0000000080000de4                free
 .text.strncpy  0x0000000080000df8       0x26 ../../libtock-c/newlib/cortex-m/v7-m/libc.a(lib_a-strncpy.o)
                0x0000000080000df8                strncpy
 *(.rodata*)
 .rodata.main.str1.1
                0x0000000080000e1e        0xe build/cortex-m7/main.o
 .rodata.__sf_fake_stderr
                0x0000000080000e2c       0x20 ../../libtock-c/newlib/cortex-m/v7-m/libc.a(lib_a-findfp.o)
                0x0000000080000e2c                __sf_fake_stderr
 .rodata.__sf_fake_stdin
                0x0000000080000e4c       0x20 ../../libtock-c/newlib/cortex-m/v7-m/libc.a(lib_a-findfp.o)
                0x0000000080000e4c                __sf_fake_stdin
 .rodata.__sf_fake_stdout
                0x0000000080000e6c       0x20 ../../libtock-c/newlib/cortex-m/v7-m/libc.a(lib_a-findfp.o)
                0x0000000080000e6c                __sf_fake_stdout
 *(.srodata*)
 *(.syscalls)
                0x0000000080000e8c                _etext = .
 *(.ARM.extab*)
                0x0000000080000e8c                . = ALIGN (0x4)

.glue_7         0x0000000080000e8c        0x0
 .glue_7        0x0000000080000e8c        0x0 linker stubs

.glue_7t        0x0000000080000e8c        0x0
 .glue_7t       0x0000000080000e8c        0x0 linker stubs

.vfp11_veneer   0x0000000080000e8c        0x0
 .vfp11_veneer  0x0000000080000e8c        0x0 linker stubs

.v4_bx          0x0000000080000e8c        0x0
 .v4_bx         0x0000000080000e8c        0x0 linker stubs

.iplt           0x0000000080000e8c        0x0
 .iplt          0x0000000080000e8c        0x0 build/cortex-m7/main.o

.rel.dyn        0x0000000080000e8c        0x0
 .rel.iplt      0x0000000080000e8c        0x0 build/cortex-m7/main.o
 .rel.got       0x0000000080000e8c        0x0 build/cortex-m7/main.o

.stack          0x0000000000000000      0x800
                0x0000000000000000                _sram_origin = .
                0x0000000000000000                . = ALIGN (0x10)
                0x0000000000000000                _stack = .
                0x0000000000000800                . = (_stack + STACK_SIZE)
 *fill*         0x0000000000000000      0x800 
                0x0000000000000800                . = ALIGN (0x10)

.got            0x0000000000000800       0x64 load address 0x0000000080000e8c
                0x0000000000000800                . = ALIGN (0x4)
                0x0000000000000800                _got = .
 *(.got*)
 .got           0x0000000000000800       0x58 build/cortex-m7/main.o
 .got.plt       0x0000000000000858        0xc build/cortex-m7/main.o
                0x0000000000000858                _GLOBAL_OFFSET_TABLE_
 *(.got.plt*)
                0x0000000000000864                . = ALIGN (0x4)

.data           0x0000000000000864       0x70 load address 0x0000000080000ef0
                0x0000000000000864                . = ALIGN (0x4)
                0x0000000000000864                _data = .
 *(.data*)
 .data          0x0000000000000864        0x0 build/cortex-m7/main.o
 .data          0x0000000000000864        0x0 ../../libtock-c/libtock/build/cortex-m7/libtock.a(crt0.o)
 .data          0x0000000000000864        0x0 ../../libtock-c/libtock/build/cortex-m7/libtock.a(tock.o)
 .data          0x0000000000000864        0x0 ../drivers/build/cortex-m7/drivers.a(example_driver.o)
 .data          0x0000000000000864        0x0 ../../libtock-c/newlib/cortex-m/v7-m/libc.a(lib_a-exit.o)
 .data          0x0000000000000864        0x0 ../../libtock-c/newlib/cortex-m/v7-m/libc.a(lib_a-impure.o)
 .data.rel.impure_data
                0x0000000000000864       0x60 ../../libtock-c/newlib/cortex-m/v7-m/libc.a(lib_a-impure.o)
 .data.rel.local._impure_ptr
                0x00000000000008c4        0x4 ../../libtock-c/newlib/cortex-m/v7-m/libc.a(lib_a-impure.o)
                0x00000000000008c4                _impure_ptr
 .data.rel.ro.local._global_impure_ptr
                0x00000000000008c8        0x4 ../../libtock-c/newlib/cortex-m/v7-m/libc.a(lib_a-impure.o)
                0x00000000000008c8                _global_impure_ptr
 .data          0x00000000000008cc        0x0 ../../libtock-c/newlib/cortex-m/v7-m/libc.a(lib_a-memcpy-stub.o)
 .data          0x00000000000008cc        0x0 ../../libtock-c/newlib/cortex-m/v7-m/libc.a(lib_a-memset.o)
 .data          0x00000000000008cc        0x0 ../../libtock-c/newlib/cortex-m/v7-m/libc.a(lib_a-printf.o)
 .data          0x00000000000008cc        0x0 ../../libtock-c/newlib/cortex-m/v7-m/libc.a(lib_a-puts.o)
 .data          0x00000000000008cc        0x0 ../../libtock-c/newlib/cortex-m/v7-m/libc.a(lib_a-wbuf.o)
 .data          0x00000000000008cc        0x0 ../../libtock-c/newlib/cortex-m/v7-m/libc.a(lib_a-wsetup.o)
 .data          0x00000000000008cc        0x0 ../../libtock-c/newlib/cortex-m/v7-m/libc.a(lib_a-fflush.o)
 .data          0x00000000000008cc        0x0 ../../libtock-c/newlib/cortex-m/v7-m/libc.a(lib_a-findfp.o)
 .data          0x00000000000008cc        0x0 ../../libtock-c/newlib/cortex-m/v7-m/libc.a(lib_a-fwalk.o)
 .data          0x00000000000008cc        0x0 ../../libtock-c/newlib/cortex-m/v7-m/libc.a(lib_a-makebuf.o)
 .data          0x00000000000008cc        0x0 ../../libtock-c/newlib/cortex-m/v7-m/libc.a(lib_a-nano-freer.o)
 .data          0x00000000000008cc        0x0 ../../libtock-c/newlib/cortex-m/v7-m/libc.a(lib_a-nano-mallocr.o)
 .data          0x00000000000008cc        0x0 ../../libtock-c/newlib/cortex-m/v7-m/libc.a(lib_a-nano-vfprintf.o)
 .data          0x00000000000008cc        0x0 ../../libtock-c/newlib/cortex-m/v7-m/libc.a(lib_a-nano-vfprintf_i.o)
 .data          0x00000000000008cc        0x0 ../../libtock-c/newlib/cortex-m/v7-m/libc.a(lib_a-sbrkr.o)
 .data          0x00000000000008cc        0x0 ../../libtock-c/newlib/cortex-m/v7-m/libc.a(lib_a-stdio.o)
 .data          0x00000000000008cc        0x0 ../../libtock-c/newlib/cortex-m/v7-m/libc.a(lib_a-writer.o)
 .data          0x00000000000008cc        0x0 ../../libtock-c/newlib/cortex-m/v7-m/libc.a(lib_a-closer.o)
 .data          0x00000000000008cc        0x0 ../../libtock-c/newlib/cortex-m/v7-m/libc.a(lib_a-fstatr.o)
 .data          0x00000000000008cc        0x0 ../../libtock-c/newlib/cortex-m/v7-m/libc.a(lib_a-fvwrite.o)
 .data          0x00000000000008cc        0x0 ../../libtock-c/newlib/cortex-m/v7-m/libc.a(lib_a-isattyr.o)
 .data          0x00000000000008cc        0x0 ../../libtock-c/newlib/cortex-m/v7-m/libc.a(lib_a-lseekr.o)
 .data          0x00000000000008cc        0x0 ../../libtock-c/newlib/cortex-m/v7-m/libc.a(lib_a-memchr-stub.o)
 .data          0x00000000000008cc        0x0 ../../libtock-c/newlib/cortex-m/v7-m/libc.a(lib_a-memmove.o)
 .data          0x00000000000008cc        0x0 ../../libtock-c/newlib/cortex-m/v7-m/libc.a(lib_a-mlock.o)
 .data          0x00000000000008cc        0x0 ../../libtock-c/newlib/cortex-m/v7-m/libc.a(lib_a-nano-reallocr.o)
 .data          0x00000000000008cc        0x0 ../../libtock-c/newlib/cortex-m/v7-m/libc.a(lib_a-readr.o)
 .data          0x00000000000008cc        0x0 ../../libtock-c/newlib/cortex-m/v7-m/libc.a(lib_a-reent.o)
 .data          0x00000000000008cc        0x0 ../../libtock-c/newlib/cortex-m/v7-m/libc.a(lib_a-nano-msizer.o)
 .data          0x00000000000008cc        0x0 ../../libtock-c/libtock/build/cortex-m7/libtock.a(sys.o)
 .data          0x00000000000008cc        0x0 ../../libtock-c/libtock/build/cortex-m7/libtock.a(console.o)
 .data.getnstr_data
                0x00000000000008cc        0x8 ../../libtock-c/libtock/build/cortex-m7/libtock.a(console.o)
 .data          0x00000000000008d4        0x0 ../../libtock-c/newlib/cortex-m/v7-m/libc.a(lib_a-errno.o)
 .data          0x00000000000008d4        0x0 ../../libtock-c/newlib/cortex-m/v7-m/libc.a(lib_a-malloc.o)
 .data          0x00000000000008d4        0x0 ../../libtock-c/newlib/cortex-m/v7-m/libc.a(lib_a-strncpy.o)
 *(.sdata*)
                0x00000000000008d4                . = ALIGN (0x4)

.igot.plt       0x00000000000008d4        0x0 load address 0x0000000080000f60
 .igot.plt      0x00000000000008d4        0x0 build/cortex-m7/main.o

.bss            0x00000000000008d4      0x160 load address 0x0000000080000f60
                0x00000000000008d4                . = ALIGN (0x4)
                0x00000000000008d4                _bss = .
 *(.bss*)
 .bss           0x00000000000008d4        0x0 build/cortex-m7/main.o
 .bss           0x00000000000008d4        0x0 ../../libtock-c/libtock/build/cortex-m7/libtock.a(crt0.o)
 .bss           0x00000000000008d4        0x0 ../../libtock-c/libtock/build/cortex-m7/libtock.a(tock.o)
 .bss.task_cur  0x00000000000008d4        0x4 ../../libtock-c/libtock/build/cortex-m7/libtock.a(tock.o)
 .bss.task_last
                0x00000000000008d8        0x4 ../../libtock-c/libtock/build/cortex-m7/libtock.a(tock.o)
 .bss.task_queue
                0x00000000000008dc      0x140 ../../libtock-c/libtock/build/cortex-m7/libtock.a(tock.o)
 .bss           0x0000000000000a1c        0x0 ../drivers/build/cortex-m7/drivers.a(example_driver.o)
 .bss           0x0000000000000a1c        0x0 ../../libtock-c/newlib/cortex-m/v7-m/libc.a(lib_a-exit.o)
 .bss           0x0000000000000a1c        0x0 ../../libtock-c/newlib/cortex-m/v7-m/libc.a(lib_a-impure.o)
 .bss           0x0000000000000a1c        0x0 ../../libtock-c/newlib/cortex-m/v7-m/libc.a(lib_a-memcpy-stub.o)
 .bss           0x0000000000000a1c        0x0 ../../libtock-c/newlib/cortex-m/v7-m/libc.a(lib_a-memset.o)
 .bss           0x0000000000000a1c        0x0 ../../libtock-c/newlib/cortex-m/v7-m/libc.a(lib_a-printf.o)
 .bss           0x0000000000000a1c        0x0 ../../libtock-c/newlib/cortex-m/v7-m/libc.a(lib_a-puts.o)
 .bss           0x0000000000000a1c        0x0 ../../libtock-c/newlib/cortex-m/v7-m/libc.a(lib_a-wbuf.o)
 .bss           0x0000000000000a1c        0x0 ../../libtock-c/newlib/cortex-m/v7-m/libc.a(lib_a-wsetup.o)
 .bss           0x0000000000000a1c        0x0 ../../libtock-c/newlib/cortex-m/v7-m/libc.a(lib_a-fflush.o)
 .bss           0x0000000000000a1c        0x0 ../../libtock-c/newlib/cortex-m/v7-m/libc.a(lib_a-findfp.o)
 .bss           0x0000000000000a1c        0x0 ../../libtock-c/newlib/cortex-m/v7-m/libc.a(lib_a-fwalk.o)
 .bss           0x0000000000000a1c        0x0 ../../libtock-c/newlib/cortex-m/v7-m/libc.a(lib_a-makebuf.o)
 .bss           0x0000000000000a1c        0x0 ../../libtock-c/newlib/cortex-m/v7-m/libc.a(lib_a-nano-freer.o)
 .bss           0x0000000000000a1c        0x0 ../../libtock-c/newlib/cortex-m/v7-m/libc.a(lib_a-nano-mallocr.o)
 .bss.__malloc_free_list
                0x0000000000000a1c        0x4 ../../libtock-c/newlib/cortex-m/v7-m/libc.a(lib_a-nano-mallocr.o)
                0x0000000000000a1c                __malloc_free_list
 .bss.__malloc_sbrk_start
                0x0000000000000a20        0x4 ../../libtock-c/newlib/cortex-m/v7-m/libc.a(lib_a-nano-mallocr.o)
                0x0000000000000a20                __malloc_sbrk_start
 .bss           0x0000000000000a24        0x0 ../../libtock-c/newlib/cortex-m/v7-m/libc.a(lib_a-nano-vfprintf.o)
 .bss           0x0000000000000a24        0x0 ../../libtock-c/newlib/cortex-m/v7-m/libc.a(lib_a-nano-vfprintf_i.o)
 .bss           0x0000000000000a24        0x0 ../../libtock-c/newlib/cortex-m/v7-m/libc.a(lib_a-sbrkr.o)
 .bss           0x0000000000000a24        0x0 ../../libtock-c/newlib/cortex-m/v7-m/libc.a(lib_a-stdio.o)
 .bss           0x0000000000000a24        0x0 ../../libtock-c/newlib/cortex-m/v7-m/libc.a(lib_a-writer.o)
 .bss           0x0000000000000a24        0x0 ../../libtock-c/newlib/cortex-m/v7-m/libc.a(lib_a-closer.o)
 .bss           0x0000000000000a24        0x0 ../../libtock-c/newlib/cortex-m/v7-m/libc.a(lib_a-fstatr.o)
 .bss           0x0000000000000a24        0x0 ../../libtock-c/newlib/cortex-m/v7-m/libc.a(lib_a-fvwrite.o)
 .bss           0x0000000000000a24        0x0 ../../libtock-c/newlib/cortex-m/v7-m/libc.a(lib_a-isattyr.o)
 .bss           0x0000000000000a24        0x0 ../../libtock-c/newlib/cortex-m/v7-m/libc.a(lib_a-lseekr.o)
 .bss           0x0000000000000a24        0x0 ../../libtock-c/newlib/cortex-m/v7-m/libc.a(lib_a-memchr-stub.o)
 .bss           0x0000000000000a24        0x0 ../../libtock-c/newlib/cortex-m/v7-m/libc.a(lib_a-memmove.o)
 .bss           0x0000000000000a24        0x0 ../../libtock-c/newlib/cortex-m/v7-m/libc.a(lib_a-mlock.o)
 .bss           0x0000000000000a24        0x0 ../../libtock-c/newlib/cortex-m/v7-m/libc.a(lib_a-nano-reallocr.o)
 .bss           0x0000000000000a24        0x0 ../../libtock-c/newlib/cortex-m/v7-m/libc.a(lib_a-readr.o)
 .bss           0x0000000000000a24        0x0 ../../libtock-c/newlib/cortex-m/v7-m/libc.a(lib_a-reent.o)
 .bss           0x0000000000000a24        0x0 ../../libtock-c/newlib/cortex-m/v7-m/libc.a(lib_a-nano-msizer.o)
 .bss           0x0000000000000a24        0x0 ../../libtock-c/libtock/build/cortex-m7/libtock.a(sys.o)
 .bss.__dso_handle
                0x0000000000000a24        0x4 ../../libtock-c/libtock/build/cortex-m7/libtock.a(sys.o)
                0x0000000000000a24                __dso_handle
 .bss           0x0000000000000a28        0x0 ../../libtock-c/libtock/build/cortex-m7/libtock.a(console.o)
 .bss.putstr_head
                0x0000000000000a28        0x4 ../../libtock-c/libtock/build/cortex-m7/libtock.a(console.o)
 .bss.putstr_tail
                0x0000000000000a2c        0x4 ../../libtock-c/libtock/build/cortex-m7/libtock.a(console.o)
 .bss           0x0000000000000a30        0x0 ../../libtock-c/newlib/cortex-m/v7-m/libc.a(lib_a-errno.o)
 .bss           0x0000000000000a30        0x0 ../../libtock-c/newlib/cortex-m/v7-m/libc.a(lib_a-malloc.o)
 .bss           0x0000000000000a30        0x0 ../../libtock-c/newlib/cortex-m/v7-m/libc.a(lib_a-strncpy.o)
 *(.sbss*)
 *(COMMON)
 COMMON         0x0000000000000a30        0x4 ../../libtock-c/newlib/cortex-m/v7-m/libc.a(lib_a-reent.o)
                0x0000000000000a30                errno
                0x0000000000000a34                . = ALIGN (0x4)

.endflash       0x0000000080000f60        0x0
                [!provide]                        PROVIDE (__exidx_start = .)

.ARM.exidx
 *(.ARM.exidx* .gnu.linkonce.armexidx.*)
                [!provide]                        PROVIDE (__exidx_end = .)
                0x0000000000000001                ASSERT ((_got <= _bss), 
The GOT section must be before the BSS section for crt0 setup to be correct.)
                0x0000000000000001                ASSERT ((_data <= _bss), 
The data section must be before the BSS section for crt0 setup to be correct.)
OUTPUT(build/cortex-m7/cortex-m7.elf elf32-littlearm)
LOAD linker stubs

.GCC.command.line
                0x0000000000000000      0x6d6
 .GCC.command.line
                0x0000000000000000      0x41b build/cortex-m7/main.o
 .GCC.command.line
                0x000000000000041b       0x5d ../../libtock-c/libtock/build/cortex-m7/libtock.a(crt0.o)
                                        0x44b (size before relaxing)
 .GCC.command.line
                0x0000000000000478       0x5d ../../libtock-c/libtock/build/cortex-m7/libtock.a(tock.o)
                                        0x44b (size before relaxing)
 .GCC.command.line
                0x00000000000004d5      0x143 ../drivers/build/cortex-m7/drivers.a(example_driver.o)
                                        0x43a (size before relaxing)
 .GCC.command.line
                0x0000000000000618       0x5b ../../libtock-c/libtock/build/cortex-m7/libtock.a(sys.o)
                                        0x449 (size before relaxing)
 .GCC.command.line
                0x0000000000000673       0x63 ../../libtock-c/libtock/build/cortex-m7/libtock.a(console.o)
                                        0x451 (size before relaxing)

.comment        0x0000000000000000       0xd2
 .comment       0x0000000000000000       0x59 build/cortex-m7/main.o
                                         0x5a (size before relaxing)
 .comment       0x0000000000000059       0x5a ../../libtock-c/libtock/build/cortex-m7/libtock.a(crt0.o)
 .comment       0x0000000000000059       0x5a ../../libtock-c/libtock/build/cortex-m7/libtock.a(tock.o)
 .comment       0x0000000000000059       0x5a ../drivers/build/cortex-m7/drivers.a(example_driver.o)
 .comment       0x0000000000000059       0x79 ../../libtock-c/newlib/cortex-m/v7-m/libc.a(lib_a-exit.o)
                                         0x7a (size before relaxing)
 .comment       0x00000000000000d2       0x7a ../../libtock-c/newlib/cortex-m/v7-m/libc.a(lib_a-impure.o)
 .comment       0x00000000000000d2       0x7a ../../libtock-c/newlib/cortex-m/v7-m/libc.a(lib_a-memcpy-stub.o)
 .comment       0x00000000000000d2       0x7a ../../libtock-c/newlib/cortex-m/v7-m/libc.a(lib_a-memset.o)
 .comment       0x00000000000000d2       0x7a ../../libtock-c/newlib/cortex-m/v7-m/libc.a(lib_a-printf.o)
 .comment       0x00000000000000d2       0x7a ../../libtock-c/newlib/cortex-m/v7-m/libc.a(lib_a-puts.o)
 .comment       0x00000000000000d2       0x7a ../../libtock-c/newlib/cortex-m/v7-m/libc.a(lib_a-wbuf.o)
 .comment       0x00000000000000d2       0x7a ../../libtock-c/newlib/cortex-m/v7-m/libc.a(lib_a-wsetup.o)
 .comment       0x00000000000000d2       0x7a ../../libtock-c/newlib/cortex-m/v7-m/libc.a(lib_a-fflush.o)
 .comment       0x00000000000000d2       0x7a ../../libtock-c/newlib/cortex-m/v7-m/libc.a(lib_a-findfp.o)
 .comment       0x00000000000000d2       0x7a ../../libtock-c/newlib/cortex-m/v7-m/libc.a(lib_a-fwalk.o)
 .comment       0x00000000000000d2       0x7a ../../libtock-c/newlib/cortex-m/v7-m/libc.a(lib_a-makebuf.o)
 .comment       0x00000000000000d2       0x7a ../../libtock-c/newlib/cortex-m/v7-m/libc.a(lib_a-nano-freer.o)
 .comment       0x00000000000000d2       0x7a ../../libtock-c/newlib/cortex-m/v7-m/libc.a(lib_a-nano-mallocr.o)
 .comment       0x00000000000000d2       0x7a ../../libtock-c/newlib/cortex-m/v7-m/libc.a(lib_a-nano-vfprintf.o)
 .comment       0x00000000000000d2       0x7a ../../libtock-c/newlib/cortex-m/v7-m/libc.a(lib_a-nano-vfprintf_i.o)
 .comment       0x00000000000000d2       0x7a ../../libtock-c/newlib/cortex-m/v7-m/libc.a(lib_a-sbrkr.o)
 .comment       0x00000000000000d2       0x7a ../../libtock-c/newlib/cortex-m/v7-m/libc.a(lib_a-stdio.o)
 .comment       0x00000000000000d2       0x7a ../../libtock-c/newlib/cortex-m/v7-m/libc.a(lib_a-writer.o)
 .comment       0x00000000000000d2       0x7a ../../libtock-c/newlib/cortex-m/v7-m/libc.a(lib_a-closer.o)
 .comment       0x00000000000000d2       0x7a ../../libtock-c/newlib/cortex-m/v7-m/libc.a(lib_a-fstatr.o)
 .comment       0x00000000000000d2       0x7a ../../libtock-c/newlib/cortex-m/v7-m/libc.a(lib_a-fvwrite.o)
 .comment       0x00000000000000d2       0x7a ../../libtock-c/newlib/cortex-m/v7-m/libc.a(lib_a-isattyr.o)
 .comment       0x00000000000000d2       0x7a ../../libtock-c/newlib/cortex-m/v7-m/libc.a(lib_a-lseekr.o)
 .comment       0x00000000000000d2       0x7a ../../libtock-c/newlib/cortex-m/v7-m/libc.a(lib_a-memchr-stub.o)
 .comment       0x00000000000000d2       0x7a ../../libtock-c/newlib/cortex-m/v7-m/libc.a(lib_a-memmove.o)
 .comment       0x00000000000000d2       0x7a ../../libtock-c/newlib/cortex-m/v7-m/libc.a(lib_a-mlock.o)
 .comment       0x00000000000000d2       0x7a ../../libtock-c/newlib/cortex-m/v7-m/libc.a(lib_a-nano-reallocr.o)
 .comment       0x00000000000000d2       0x7a ../../libtock-c/newlib/cortex-m/v7-m/libc.a(lib_a-readr.o)
 .comment       0x00000000000000d2       0x7a ../../libtock-c/newlib/cortex-m/v7-m/libc.a(lib_a-reent.o)
 .comment       0x00000000000000d2       0x7a ../../libtock-c/newlib/cortex-m/v7-m/libc.a(lib_a-nano-msizer.o)
 .comment       0x00000000000000d2       0x5a ../../libtock-c/libtock/build/cortex-m7/libtock.a(sys.o)
 .comment       0x00000000000000d2       0x5a ../../libtock-c/libtock/build/cortex-m7/libtock.a(console.o)
 .comment       0x00000000000000d2       0x7a ../../libtock-c/newlib/cortex-m/v7-m/libc.a(lib_a-errno.o)
 .comment       0x00000000000000d2       0x7a ../../libtock-c/newlib/cortex-m/v7-m/libc.a(lib_a-malloc.o)
 .comment       0x00000000000000d2       0x7a ../../libtock-c/newlib/cortex-m/v7-m/libc.a(lib_a-strncpy.o)

.ARM.attributes
                0x0000000000000000       0x2e
 .ARM.attributes
                0x0000000000000000       0x2e build/cortex-m7/main.o
 .ARM.attributes
                0x000000000000002e       0x2e ../../libtock-c/libtock/build/cortex-m7/libtock.a(crt0.o)
 .ARM.attributes
                0x000000000000005c       0x2e ../../libtock-c/libtock/build/cortex-m7/libtock.a(tock.o)
 .ARM.attributes
                0x000000000000008a       0x2e ../drivers/build/cortex-m7/drivers.a(example_driver.o)
 .ARM.attributes
                0x00000000000000b8       0x2d ../../libtock-c/newlib/cortex-m/v7-m/libc.a(lib_a-exit.o)
 .ARM.attributes
                0x00000000000000e5       0x2d ../../libtock-c/newlib/cortex-m/v7-m/libc.a(lib_a-impure.o)
 .ARM.attributes
                0x0000000000000112       0x2d ../../libtock-c/newlib/cortex-m/v7-m/libc.a(lib_a-memcpy-stub.o)
 .ARM.attributes
                0x000000000000013f       0x2d ../../libtock-c/newlib/cortex-m/v7-m/libc.a(lib_a-memset.o)
 .ARM.attributes
                0x000000000000016c       0x2d ../../libtock-c/newlib/cortex-m/v7-m/libc.a(lib_a-printf.o)
 .ARM.attributes
                0x0000000000000199       0x2d ../../libtock-c/newlib/cortex-m/v7-m/libc.a(lib_a-puts.o)
 .ARM.attributes
                0x00000000000001c6       0x2d ../../libtock-c/newlib/cortex-m/v7-m/libc.a(lib_a-wbuf.o)
 .ARM.attributes
                0x00000000000001f3       0x2d ../../libtock-c/newlib/cortex-m/v7-m/libc.a(lib_a-wsetup.o)
 .ARM.attributes
                0x0000000000000220       0x2d ../../libtock-c/newlib/cortex-m/v7-m/libc.a(lib_a-fflush.o)
 .ARM.attributes
                0x000000000000024d       0x2d ../../libtock-c/newlib/cortex-m/v7-m/libc.a(lib_a-findfp.o)
 .ARM.attributes
                0x000000000000027a       0x2d ../../libtock-c/newlib/cortex-m/v7-m/libc.a(lib_a-fwalk.o)
 .ARM.attributes
                0x00000000000002a7       0x2d ../../libtock-c/newlib/cortex-m/v7-m/libc.a(lib_a-makebuf.o)
 .ARM.attributes
                0x00000000000002d4       0x2d ../../libtock-c/newlib/cortex-m/v7-m/libc.a(lib_a-nano-freer.o)
 .ARM.attributes
                0x0000000000000301       0x2d ../../libtock-c/newlib/cortex-m/v7-m/libc.a(lib_a-nano-mallocr.o)
 .ARM.attributes
                0x000000000000032e       0x2d ../../libtock-c/newlib/cortex-m/v7-m/libc.a(lib_a-nano-vfprintf.o)
 .ARM.attributes
                0x000000000000035b       0x2d ../../libtock-c/newlib/cortex-m/v7-m/libc.a(lib_a-nano-vfprintf_i.o)
 .ARM.attributes
                0x0000000000000388       0x2d ../../libtock-c/newlib/cortex-m/v7-m/libc.a(lib_a-sbrkr.o)
 .ARM.attributes
                0x00000000000003b5       0x2d ../../libtock-c/newlib/cortex-m/v7-m/libc.a(lib_a-stdio.o)
 .ARM.attributes
                0x00000000000003e2       0x2d ../../libtock-c/newlib/cortex-m/v7-m/libc.a(lib_a-writer.o)
 .ARM.attributes
                0x000000000000040f       0x2d ../../libtock-c/newlib/cortex-m/v7-m/libc.a(lib_a-closer.o)
 .ARM.attributes
                0x000000000000043c       0x2d ../../libtock-c/newlib/cortex-m/v7-m/libc.a(lib_a-fstatr.o)
 .ARM.attributes
                0x0000000000000469       0x2d ../../libtock-c/newlib/cortex-m/v7-m/libc.a(lib_a-fvwrite.o)
 .ARM.attributes
                0x0000000000000496       0x2d ../../libtock-c/newlib/cortex-m/v7-m/libc.a(lib_a-isattyr.o)
 .ARM.attributes
                0x00000000000004c3       0x2d ../../libtock-c/newlib/cortex-m/v7-m/libc.a(lib_a-lseekr.o)
 .ARM.attributes
                0x00000000000004f0       0x2d ../../libtock-c/newlib/cortex-m/v7-m/libc.a(lib_a-memchr-stub.o)
 .ARM.attributes
                0x000000000000051d       0x2d ../../libtock-c/newlib/cortex-m/v7-m/libc.a(lib_a-memmove.o)
 .ARM.attributes
                0x000000000000054a       0x2d ../../libtock-c/newlib/cortex-m/v7-m/libc.a(lib_a-mlock.o)
 .ARM.attributes
                0x0000000000000577       0x2d ../../libtock-c/newlib/cortex-m/v7-m/libc.a(lib_a-nano-reallocr.o)
 .ARM.attributes
                0x00000000000005a4       0x2d ../../libtock-c/newlib/cortex-m/v7-m/libc.a(lib_a-readr.o)
 .ARM.attributes
                0x00000000000005d1       0x2d ../../libtock-c/newlib/cortex-m/v7-m/libc.a(lib_a-reent.o)
 .ARM.attributes
                0x00000000000005fe       0x2d ../../libtock-c/newlib/cortex-m/v7-m/libc.a(lib_a-nano-msizer.o)
 .ARM.attributes
                0x000000000000062b       0x2e ../../libtock-c/libtock/build/cortex-m7/libtock.a(sys.o)
 .ARM.attributes
                0x0000000000000659       0x2e ../../libtock-c/libtock/build/cortex-m7/libtock.a(console.o)
 .ARM.attributes
                0x0000000000000687       0x2d ../../libtock-c/newlib/cortex-m/v7-m/libc.a(lib_a-errno.o)
 .ARM.attributes
                0x00000000000006b4       0x2d ../../libtock-c/newlib/cortex-m/v7-m/libc.a(lib_a-malloc.o)
 .ARM.attributes
                0x00000000000006e1       0x2d ../../libtock-c/newlib/cortex-m/v7-m/libc.a(lib_a-strncpy.o)

.debug_info     0x0000000000000000    0x205a8
 .debug_info    0x0000000000000000      0xa3a build/cortex-m7/main.o
 .debug_info    0x0000000000000a3a      0xf8e ../../libtock-c/libtock/build/cortex-m7/libtock.a(crt0.o)
 .debug_info    0x00000000000019c8     0x1da6 ../../libtock-c/libtock/build/cortex-m7/libtock.a(tock.o)
 .debug_info    0x000000000000376e       0x94 ../drivers/build/cortex-m7/drivers.a(example_driver.o)
 .debug_info    0x0000000000003802      0x9e7 ../../libtock-c/newlib/cortex-m/v7-m/libc.a(lib_a-exit.o)
 .debug_info    0x00000000000041e9      0x92a ../../libtock-c/newlib/cortex-m/v7-m/libc.a(lib_a-impure.o)
 .debug_info    0x0000000000004b13      0xf0c ../../libtock-c/newlib/cortex-m/v7-m/libc.a(lib_a-memcpy-stub.o)
 .debug_info    0x0000000000005a1f      0xec5 ../../libtock-c/newlib/cortex-m/v7-m/libc.a(lib_a-memset.o)
 .debug_info    0x00000000000068e4      0xc6e ../../libtock-c/newlib/cortex-m/v7-m/libc.a(lib_a-printf.o)
 .debug_info    0x0000000000007552      0xd2b ../../libtock-c/newlib/cortex-m/v7-m/libc.a(lib_a-puts.o)
 .debug_info    0x000000000000827d      0xc97 ../../libtock-c/newlib/cortex-m/v7-m/libc.a(lib_a-wbuf.o)
 .debug_info    0x0000000000008f14      0xbfa ../../libtock-c/newlib/cortex-m/v7-m/libc.a(lib_a-wsetup.o)
 .debug_info    0x0000000000009b0e      0xd64 ../../libtock-c/newlib/cortex-m/v7-m/libc.a(lib_a-fflush.o)
 .debug_info    0x000000000000a872     0x10b5 ../../libtock-c/newlib/cortex-m/v7-m/libc.a(lib_a-findfp.o)
 .debug_info    0x000000000000b927      0xca4 ../../libtock-c/newlib/cortex-m/v7-m/libc.a(lib_a-fwalk.o)
 .debug_info    0x000000000000c5cb      0xf55 ../../libtock-c/newlib/cortex-m/v7-m/libc.a(lib_a-makebuf.o)
 .debug_info    0x000000000000d520      0xb59 ../../libtock-c/newlib/cortex-m/v7-m/libc.a(lib_a-nano-freer.o)
 .debug_info    0x000000000000e079      0xc85 ../../libtock-c/newlib/cortex-m/v7-m/libc.a(lib_a-nano-mallocr.o)
 .debug_info    0x000000000000ecfe     0x1708 ../../libtock-c/newlib/cortex-m/v7-m/libc.a(lib_a-nano-vfprintf.o)
 .debug_info    0x0000000000010406     0x1562 ../../libtock-c/newlib/cortex-m/v7-m/libc.a(lib_a-nano-vfprintf_i.o)
 .debug_info    0x0000000000011968      0x9fb ../../libtock-c/newlib/cortex-m/v7-m/libc.a(lib_a-sbrkr.o)
 .debug_info    0x0000000000012363      0xe6d ../../libtock-c/newlib/cortex-m/v7-m/libc.a(lib_a-stdio.o)
 .debug_info    0x00000000000131d0      0xa2d ../../libtock-c/newlib/cortex-m/v7-m/libc.a(lib_a-writer.o)
 .debug_info    0x0000000000013bfd      0x9d8 ../../libtock-c/newlib/cortex-m/v7-m/libc.a(lib_a-closer.o)
 .debug_info    0x00000000000145d5      0xc24 ../../libtock-c/newlib/cortex-m/v7-m/libc.a(lib_a-fstatr.o)
 .debug_info    0x00000000000151f9      0xf0e ../../libtock-c/newlib/cortex-m/v7-m/libc.a(lib_a-fvwrite.o)
 .debug_info    0x0000000000016107      0x9d8 ../../libtock-c/newlib/cortex-m/v7-m/libc.a(lib_a-isattyr.o)
 .debug_info    0x0000000000016adf      0xa0e ../../libtock-c/newlib/cortex-m/v7-m/libc.a(lib_a-lseekr.o)
 .debug_info    0x00000000000174ed      0x9a3 ../../libtock-c/newlib/cortex-m/v7-m/libc.a(lib_a-memchr-stub.o)
 .debug_info    0x0000000000017e90      0xeee ../../libtock-c/newlib/cortex-m/v7-m/libc.a(lib_a-memmove.o)
 .debug_info    0x0000000000018d7e      0x961 ../../libtock-c/newlib/cortex-m/v7-m/libc.a(lib_a-mlock.o)
 .debug_info    0x00000000000196df      0xb96 ../../libtock-c/newlib/cortex-m/v7-m/libc.a(lib_a-nano-reallocr.o)
 .debug_info    0x000000000001a275      0xa26 ../../libtock-c/newlib/cortex-m/v7-m/libc.a(lib_a-readr.o)
 .debug_info    0x000000000001ac9b      0xb07 ../../libtock-c/newlib/cortex-m/v7-m/libc.a(lib_a-reent.o)
 .debug_info    0x000000000001b7a2      0xaa6 ../../libtock-c/newlib/cortex-m/v7-m/libc.a(lib_a-nano-msizer.o)
 .debug_info    0x000000000001c248     0x10b3 ../../libtock-c/libtock/build/cortex-m7/libtock.a(sys.o)
 .debug_info    0x000000000001d2fb     0x160f ../../libtock-c/libtock/build/cortex-m7/libtock.a(console.o)
 .debug_info    0x000000000001e90a      0x953 ../../libtock-c/newlib/cortex-m/v7-m/libc.a(lib_a-errno.o)
 .debug_info    0x000000000001f25d      0x9b6 ../../libtock-c/newlib/cortex-m/v7-m/libc.a(lib_a-malloc.o)
 .debug_info    0x000000000001fc13      0x995 ../../libtock-c/newlib/cortex-m/v7-m/libc.a(lib_a-strncpy.o)

.debug_abbrev   0x0000000000000000     0x5bc9
 .debug_abbrev  0x0000000000000000      0x1d1 build/cortex-m7/main.o
 .debug_abbrev  0x00000000000001d1      0x2e2 ../../libtock-c/libtock/build/cortex-m7/libtock.a(crt0.o)
 .debug_abbrev  0x00000000000004b3      0x455 ../../libtock-c/libtock/build/cortex-m7/libtock.a(tock.o)
 .debug_abbrev  0x0000000000000908       0x46 ../drivers/build/cortex-m7/drivers.a(example_driver.o)
 .debug_abbrev  0x000000000000094e      0x1f6 ../../libtock-c/newlib/cortex-m/v7-m/libc.a(lib_a-exit.o)
 .debug_abbrev  0x0000000000000b44      0x17a ../../libtock-c/newlib/cortex-m/v7-m/libc.a(lib_a-impure.o)
 .debug_abbrev  0x0000000000000cbe      0x1e3 ../../libtock-c/newlib/cortex-m/v7-m/libc.a(lib_a-memcpy-stub.o)
 .debug_abbrev  0x0000000000000ea1      0x1c3 ../../libtock-c/newlib/cortex-m/v7-m/libc.a(lib_a-memset.o)
 .debug_abbrev  0x0000000000001064      0x294 ../../libtock-c/newlib/cortex-m/v7-m/libc.a(lib_a-printf.o)
 .debug_abbrev  0x00000000000012f8      0x2e0 ../../libtock-c/newlib/cortex-m/v7-m/libc.a(lib_a-puts.o)
 .debug_abbrev  0x00000000000015d8      0x27a ../../libtock-c/newlib/cortex-m/v7-m/libc.a(lib_a-wbuf.o)
 .debug_abbrev  0x0000000000001852      0x23a ../../libtock-c/newlib/cortex-m/v7-m/libc.a(lib_a-wsetup.o)
 .debug_abbrev  0x0000000000001a8c      0x2e2 ../../libtock-c/newlib/cortex-m/v7-m/libc.a(lib_a-fflush.o)
 .debug_abbrev  0x0000000000001d6e      0x3cf ../../libtock-c/newlib/cortex-m/v7-m/libc.a(lib_a-findfp.o)
 .debug_abbrev  0x000000000000213d      0x210 ../../libtock-c/newlib/cortex-m/v7-m/libc.a(lib_a-fwalk.o)
 .debug_abbrev  0x000000000000234d      0x2f6 ../../libtock-c/newlib/cortex-m/v7-m/libc.a(lib_a-makebuf.o)
 .debug_abbrev  0x0000000000002643      0x271 ../../libtock-c/newlib/cortex-m/v7-m/libc.a(lib_a-nano-freer.o)
 .debug_abbrev  0x00000000000028b4      0x2dc ../../libtock-c/newlib/cortex-m/v7-m/libc.a(lib_a-nano-mallocr.o)
 .debug_abbrev  0x0000000000002b90      0x319 ../../libtock-c/newlib/cortex-m/v7-m/libc.a(lib_a-nano-vfprintf.o)
 .debug_abbrev  0x0000000000002ea9      0x2b2 ../../libtock-c/newlib/cortex-m/v7-m/libc.a(lib_a-nano-vfprintf_i.o)
 .debug_abbrev  0x000000000000315b      0x212 ../../libtock-c/newlib/cortex-m/v7-m/libc.a(lib_a-sbrkr.o)
 .debug_abbrev  0x000000000000336d      0x26c ../../libtock-c/newlib/cortex-m/v7-m/libc.a(lib_a-stdio.o)
 .debug_abbrev  0x00000000000035d9      0x1ec ../../libtock-c/newlib/cortex-m/v7-m/libc.a(lib_a-writer.o)
 .debug_abbrev  0x00000000000037c5      0x1e7 ../../libtock-c/newlib/cortex-m/v7-m/libc.a(lib_a-closer.o)
 .debug_abbrev  0x00000000000039ac      0x1fb ../../libtock-c/newlib/cortex-m/v7-m/libc.a(lib_a-fstatr.o)
 .debug_abbrev  0x0000000000003ba7      0x270 ../../libtock-c/newlib/cortex-m/v7-m/libc.a(lib_a-fvwrite.o)
 .debug_abbrev  0x0000000000003e17      0x1e7 ../../libtock-c/newlib/cortex-m/v7-m/libc.a(lib_a-isattyr.o)
 .debug_abbrev  0x0000000000003ffe      0x1fb ../../libtock-c/newlib/cortex-m/v7-m/libc.a(lib_a-lseekr.o)
 .debug_abbrev  0x00000000000041f9      0x1c3 ../../libtock-c/newlib/cortex-m/v7-m/libc.a(lib_a-memchr-stub.o)
 .debug_abbrev  0x00000000000043bc      0x1c8 ../../libtock-c/newlib/cortex-m/v7-m/libc.a(lib_a-memmove.o)
 .debug_abbrev  0x0000000000004584      0x1c5 ../../libtock-c/newlib/cortex-m/v7-m/libc.a(lib_a-mlock.o)
 .debug_abbrev  0x0000000000004749      0x24b ../../libtock-c/newlib/cortex-m/v7-m/libc.a(lib_a-nano-reallocr.o)
 .debug_abbrev  0x0000000000004994      0x1e7 ../../libtock-c/newlib/cortex-m/v7-m/libc.a(lib_a-readr.o)
 .debug_abbrev  0x0000000000004b7b      0x271 ../../libtock-c/newlib/cortex-m/v7-m/libc.a(lib_a-reent.o)
 .debug_abbrev  0x0000000000004dec      0x1e5 ../../libtock-c/newlib/cortex-m/v7-m/libc.a(lib_a-nano-msizer.o)
 .debug_abbrev  0x0000000000004fd1      0x2e8 ../../libtock-c/libtock/build/cortex-m7/libtock.a(sys.o)
 .debug_abbrev  0x00000000000052b9      0x3c6 ../../libtock-c/libtock/build/cortex-m7/libtock.a(console.o)
 .debug_abbrev  0x000000000000567f      0x198 ../../libtock-c/newlib/cortex-m/v7-m/libc.a(lib_a-errno.o)
 .debug_abbrev  0x0000000000005817      0x1f2 ../../libtock-c/newlib/cortex-m/v7-m/libc.a(lib_a-malloc.o)
 .debug_abbrev  0x0000000000005a09      0x1c0 ../../libtock-c/newlib/cortex-m/v7-m/libc.a(lib_a-strncpy.o)

.debug_loc      0x0000000000000000     0x53aa
 .debug_loc     0x0000000000000000       0x20 build/cortex-m7/main.o
 .debug_loc     0x0000000000000020      0x57b ../../libtock-c/libtock/build/cortex-m7/libtock.a(crt0.o)
 .debug_loc     0x000000000000059b      0xfcd ../../libtock-c/libtock/build/cortex-m7/libtock.a(tock.o)
 .debug_loc     0x0000000000001568       0x22 ../../libtock-c/newlib/cortex-m/v7-m/libc.a(lib_a-exit.o)
 .debug_loc     0x000000000000158a       0xd9 ../../libtock-c/newlib/cortex-m/v7-m/libc.a(lib_a-memcpy-stub.o)
 .debug_loc     0x0000000000001663       0x53 ../../libtock-c/newlib/cortex-m/v7-m/libc.a(lib_a-memset.o)
 .debug_loc     0x00000000000016b6       0x71 ../../libtock-c/newlib/cortex-m/v7-m/libc.a(lib_a-printf.o)
 .debug_loc     0x0000000000001727      0x21e ../../libtock-c/newlib/cortex-m/v7-m/libc.a(lib_a-puts.o)
 .debug_loc     0x0000000000001945      0x15b ../../libtock-c/newlib/cortex-m/v7-m/libc.a(lib_a-wbuf.o)
 .debug_loc     0x0000000000001aa0       0x66 ../../libtock-c/newlib/cortex-m/v7-m/libc.a(lib_a-wsetup.o)
 .debug_loc     0x0000000000001b06      0x2e4 ../../libtock-c/newlib/cortex-m/v7-m/libc.a(lib_a-fflush.o)
 .debug_loc     0x0000000000001dea      0x261 ../../libtock-c/newlib/cortex-m/v7-m/libc.a(lib_a-findfp.o)
 .debug_loc     0x000000000000204b      0x187 ../../libtock-c/newlib/cortex-m/v7-m/libc.a(lib_a-fwalk.o)
 .debug_loc     0x00000000000021d2      0x227 ../../libtock-c/newlib/cortex-m/v7-m/libc.a(lib_a-makebuf.o)
 .debug_loc     0x00000000000023f9      0x152 ../../libtock-c/newlib/cortex-m/v7-m/libc.a(lib_a-nano-freer.o)
 .debug_loc     0x000000000000254b      0x374 ../../libtock-c/newlib/cortex-m/v7-m/libc.a(lib_a-nano-mallocr.o)
 .debug_loc     0x00000000000028bf      0x642 ../../libtock-c/newlib/cortex-m/v7-m/libc.a(lib_a-nano-vfprintf.o)
 .debug_loc     0x0000000000002f01      0x4f9 ../../libtock-c/newlib/cortex-m/v7-m/libc.a(lib_a-nano-vfprintf_i.o)
 .debug_loc     0x00000000000033fa       0x6c ../../libtock-c/newlib/cortex-m/v7-m/libc.a(lib_a-sbrkr.o)
 .debug_loc     0x0000000000003466      0x345 ../../libtock-c/newlib/cortex-m/v7-m/libc.a(lib_a-stdio.o)
 .debug_loc     0x00000000000037ab       0xd0 ../../libtock-c/newlib/cortex-m/v7-m/libc.a(lib_a-writer.o)
 .debug_loc     0x000000000000387b       0x6c ../../libtock-c/newlib/cortex-m/v7-m/libc.a(lib_a-closer.o)
 .debug_loc     0x00000000000038e7       0x9e ../../libtock-c/newlib/cortex-m/v7-m/libc.a(lib_a-fstatr.o)
 .debug_loc     0x0000000000003985      0x67e ../../libtock-c/newlib/cortex-m/v7-m/libc.a(lib_a-fvwrite.o)
 .debug_loc     0x0000000000004003       0x6c ../../libtock-c/newlib/cortex-m/v7-m/libc.a(lib_a-isattyr.o)
 .debug_loc     0x000000000000406f       0xd0 ../../libtock-c/newlib/cortex-m/v7-m/libc.a(lib_a-lseekr.o)
 .debug_loc     0x000000000000413f      0x10f ../../libtock-c/newlib/cortex-m/v7-m/libc.a(lib_a-memchr-stub.o)
 .debug_loc     0x000000000000424e      0x1b1 ../../libtock-c/newlib/cortex-m/v7-m/libc.a(lib_a-memmove.o)
 .debug_loc     0x00000000000043ff      0x18b ../../libtock-c/newlib/cortex-m/v7-m/libc.a(lib_a-nano-reallocr.o)
 .debug_loc     0x000000000000458a       0xd0 ../../libtock-c/newlib/cortex-m/v7-m/libc.a(lib_a-readr.o)
 .debug_loc     0x000000000000465a      0x138 ../../libtock-c/newlib/cortex-m/v7-m/libc.a(lib_a-reent.o)
 .debug_loc     0x0000000000004792       0x86 ../../libtock-c/newlib/cortex-m/v7-m/libc.a(lib_a-nano-msizer.o)
 .debug_loc     0x0000000000004818      0x26c ../../libtock-c/libtock/build/cortex-m7/libtock.a(sys.o)
 .debug_loc     0x0000000000004a84      0x7f0 ../../libtock-c/libtock/build/cortex-m7/libtock.a(console.o)
 .debug_loc     0x0000000000005274       0x64 ../../libtock-c/newlib/cortex-m/v7-m/libc.a(lib_a-malloc.o)
 .debug_loc     0x00000000000052d8       0xd2 ../../libtock-c/newlib/cortex-m/v7-m/libc.a(lib_a-strncpy.o)

.debug_aranges  0x0000000000000000      0x760
 .debug_aranges
                0x0000000000000000       0x20 build/cortex-m7/main.o
 .debug_aranges
                0x0000000000000020       0x30 ../../libtock-c/libtock/build/cortex-m7/libtock.a(crt0.o)
 .debug_aranges
                0x0000000000000050      0x110 ../../libtock-c/libtock/build/cortex-m7/libtock.a(tock.o)
 .debug_aranges
                0x0000000000000160       0x20 ../drivers/build/cortex-m7/drivers.a(example_driver.o)
 .debug_aranges
                0x0000000000000180       0x20 ../../libtock-c/newlib/cortex-m/v7-m/libc.a(lib_a-exit.o)
 .debug_aranges
                0x00000000000001a0       0x18 ../../libtock-c/newlib/cortex-m/v7-m/libc.a(lib_a-impure.o)
 .debug_aranges
                0x00000000000001b8       0x20 ../../libtock-c/newlib/cortex-m/v7-m/libc.a(lib_a-memcpy-stub.o)
 .debug_aranges
                0x00000000000001d8       0x20 ../../libtock-c/newlib/cortex-m/v7-m/libc.a(lib_a-memset.o)
 .debug_aranges
                0x00000000000001f8       0x28 ../../libtock-c/newlib/cortex-m/v7-m/libc.a(lib_a-printf.o)
 .debug_aranges
                0x0000000000000220       0x28 ../../libtock-c/newlib/cortex-m/v7-m/libc.a(lib_a-puts.o)
 .debug_aranges
                0x0000000000000248       0x28 ../../libtock-c/newlib/cortex-m/v7-m/libc.a(lib_a-wbuf.o)
 .debug_aranges
                0x0000000000000270       0x20 ../../libtock-c/newlib/cortex-m/v7-m/libc.a(lib_a-wsetup.o)
 .debug_aranges
                0x0000000000000290       0x30 ../../libtock-c/newlib/cortex-m/v7-m/libc.a(lib_a-fflush.o)
 .debug_aranges
                0x00000000000002c0       0x68 ../../libtock-c/newlib/cortex-m/v7-m/libc.a(lib_a-findfp.o)
 .debug_aranges
                0x0000000000000328       0x28 ../../libtock-c/newlib/cortex-m/v7-m/libc.a(lib_a-fwalk.o)
 .debug_aranges
                0x0000000000000350       0x28 ../../libtock-c/newlib/cortex-m/v7-m/libc.a(lib_a-makebuf.o)
 .debug_aranges
                0x0000000000000378       0x20 ../../libtock-c/newlib/cortex-m/v7-m/libc.a(lib_a-nano-freer.o)
 .debug_aranges
                0x0000000000000398       0x20 ../../libtock-c/newlib/cortex-m/v7-m/libc.a(lib_a-nano-mallocr.o)
 .debug_aranges
                0x00000000000003b8       0x40 ../../libtock-c/newlib/cortex-m/v7-m/libc.a(lib_a-nano-vfprintf.o)
 .debug_aranges
                0x00000000000003f8       0x28 ../../libtock-c/newlib/cortex-m/v7-m/libc.a(lib_a-nano-vfprintf_i.o)
 .debug_aranges
                0x0000000000000420       0x20 ../../libtock-c/newlib/cortex-m/v7-m/libc.a(lib_a-sbrkr.o)
 .debug_aranges
                0x0000000000000440       0x40 ../../libtock-c/newlib/cortex-m/v7-m/libc.a(lib_a-stdio.o)
 .debug_aranges
                0x0000000000000480       0x20 ../../libtock-c/newlib/cortex-m/v7-m/libc.a(lib_a-writer.o)
 .debug_aranges
                0x00000000000004a0       0x20 ../../libtock-c/newlib/cortex-m/v7-m/libc.a(lib_a-closer.o)
 .debug_aranges
                0x00000000000004c0       0x20 ../../libtock-c/newlib/cortex-m/v7-m/libc.a(lib_a-fstatr.o)
 .debug_aranges
                0x00000000000004e0       0x20 ../../libtock-c/newlib/cortex-m/v7-m/libc.a(lib_a-fvwrite.o)
 .debug_aranges
                0x0000000000000500       0x20 ../../libtock-c/newlib/cortex-m/v7-m/libc.a(lib_a-isattyr.o)
 .debug_aranges
                0x0000000000000520       0x20 ../../libtock-c/newlib/cortex-m/v7-m/libc.a(lib_a-lseekr.o)
 .debug_aranges
                0x0000000000000540       0x20 ../../libtock-c/newlib/cortex-m/v7-m/libc.a(lib_a-memchr-stub.o)
 .debug_aranges
                0x0000000000000560       0x20 ../../libtock-c/newlib/cortex-m/v7-m/libc.a(lib_a-memmove.o)
 .debug_aranges
                0x0000000000000580       0x20 ../../libtock-c/newlib/cortex-m/v7-m/libc.a(lib_a-mlock.o)
 .debug_aranges
                0x00000000000005a0       0x20 ../../libtock-c/newlib/cortex-m/v7-m/libc.a(lib_a-nano-reallocr.o)
 .debug_aranges
                0x00000000000005c0       0x20 ../../libtock-c/newlib/cortex-m/v7-m/libc.a(lib_a-readr.o)
 .debug_aranges
                0x00000000000005e0       0x28 ../../libtock-c/newlib/cortex-m/v7-m/libc.a(lib_a-reent.o)
 .debug_aranges
                0x0000000000000608       0x20 ../../libtock-c/newlib/cortex-m/v7-m/libc.a(lib_a-nano-msizer.o)
 .debug_aranges
                0x0000000000000628       0x78 ../../libtock-c/libtock/build/cortex-m7/libtock.a(sys.o)
 .debug_aranges
                0x00000000000006a0       0x58 ../../libtock-c/libtock/build/cortex-m7/libtock.a(console.o)
 .debug_aranges
                0x00000000000006f8       0x20 ../../libtock-c/newlib/cortex-m/v7-m/libc.a(lib_a-errno.o)
 .debug_aranges
                0x0000000000000718       0x28 ../../libtock-c/newlib/cortex-m/v7-m/libc.a(lib_a-malloc.o)
 .debug_aranges
                0x0000000000000740       0x20 ../../libtock-c/newlib/cortex-m/v7-m/libc.a(lib_a-strncpy.o)

.debug_ranges   0x0000000000000000      0x7d8
 .debug_ranges  0x0000000000000000       0x10 build/cortex-m7/main.o
 .debug_ranges  0x0000000000000010       0xc8 ../../libtock-c/libtock/build/cortex-m7/libtock.a(crt0.o)
 .debug_ranges  0x00000000000000d8      0x100 ../../libtock-c/libtock/build/cortex-m7/libtock.a(tock.o)
 .debug_ranges  0x00000000000001d8       0x10 ../drivers/build/cortex-m7/drivers.a(example_driver.o)
 .debug_ranges  0x00000000000001e8       0x10 ../../libtock-c/newlib/cortex-m/v7-m/libc.a(lib_a-exit.o)
 .debug_ranges  0x00000000000001f8       0x10 ../../libtock-c/newlib/cortex-m/v7-m/libc.a(lib_a-memcpy-stub.o)
 .debug_ranges  0x0000000000000208       0x10 ../../libtock-c/newlib/cortex-m/v7-m/libc.a(lib_a-memset.o)
 .debug_ranges  0x0000000000000218       0x18 ../../libtock-c/newlib/cortex-m/v7-m/libc.a(lib_a-printf.o)
 .debug_ranges  0x0000000000000230       0x68 ../../libtock-c/newlib/cortex-m/v7-m/libc.a(lib_a-puts.o)
 .debug_ranges  0x0000000000000298       0x38 ../../libtock-c/newlib/cortex-m/v7-m/libc.a(lib_a-wbuf.o)
 .debug_ranges  0x00000000000002d0       0x40 ../../libtock-c/newlib/cortex-m/v7-m/libc.a(lib_a-wsetup.o)
 .debug_ranges  0x0000000000000310       0x68 ../../libtock-c/newlib/cortex-m/v7-m/libc.a(lib_a-fflush.o)
 .debug_ranges  0x0000000000000378       0x70 ../../libtock-c/newlib/cortex-m/v7-m/libc.a(lib_a-findfp.o)
 .debug_ranges  0x00000000000003e8       0x18 ../../libtock-c/newlib/cortex-m/v7-m/libc.a(lib_a-fwalk.o)
 .debug_ranges  0x0000000000000400       0x30 ../../libtock-c/newlib/cortex-m/v7-m/libc.a(lib_a-makebuf.o)
 .debug_ranges  0x0000000000000430       0x10 ../../libtock-c/newlib/cortex-m/v7-m/libc.a(lib_a-nano-freer.o)
 .debug_ranges  0x0000000000000440       0x48 ../../libtock-c/newlib/cortex-m/v7-m/libc.a(lib_a-nano-mallocr.o)
 .debug_ranges  0x0000000000000488       0x58 ../../libtock-c/newlib/cortex-m/v7-m/libc.a(lib_a-nano-vfprintf.o)
 .debug_ranges  0x00000000000004e0       0x90 ../../libtock-c/newlib/cortex-m/v7-m/libc.a(lib_a-nano-vfprintf_i.o)
 .debug_ranges  0x0000000000000570       0x10 ../../libtock-c/newlib/cortex-m/v7-m/libc.a(lib_a-sbrkr.o)
 .debug_ranges  0x0000000000000580       0x30 ../../libtock-c/newlib/cortex-m/v7-m/libc.a(lib_a-stdio.o)
 .debug_ranges  0x00000000000005b0       0x10 ../../libtock-c/newlib/cortex-m/v7-m/libc.a(lib_a-writer.o)
 .debug_ranges  0x00000000000005c0       0x10 ../../libtock-c/newlib/cortex-m/v7-m/libc.a(lib_a-closer.o)
 .debug_ranges  0x00000000000005d0       0x10 ../../libtock-c/newlib/cortex-m/v7-m/libc.a(lib_a-fstatr.o)
 .debug_ranges  0x00000000000005e0       0x30 ../../libtock-c/newlib/cortex-m/v7-m/libc.a(lib_a-fvwrite.o)
 .debug_ranges  0x0000000000000610       0x10 ../../libtock-c/newlib/cortex-m/v7-m/libc.a(lib_a-isattyr.o)
 .debug_ranges  0x0000000000000620       0x10 ../../libtock-c/newlib/cortex-m/v7-m/libc.a(lib_a-lseekr.o)
 .debug_ranges  0x0000000000000630       0x10 ../../libtock-c/newlib/cortex-m/v7-m/libc.a(lib_a-memchr-stub.o)
 .debug_ranges  0x0000000000000640       0x10 ../../libtock-c/newlib/cortex-m/v7-m/libc.a(lib_a-memmove.o)
 .debug_ranges  0x0000000000000650       0x10 ../../libtock-c/newlib/cortex-m/v7-m/libc.a(lib_a-mlock.o)
 .debug_ranges  0x0000000000000660       0x10 ../../libtock-c/newlib/cortex-m/v7-m/libc.a(lib_a-nano-reallocr.o)
 .debug_ranges  0x0000000000000670       0x10 ../../libtock-c/newlib/cortex-m/v7-m/libc.a(lib_a-readr.o)
 .debug_ranges  0x0000000000000680       0x30 ../../libtock-c/newlib/cortex-m/v7-m/libc.a(lib_a-reent.o)
 .debug_ranges  0x00000000000006b0       0x10 ../../libtock-c/newlib/cortex-m/v7-m/libc.a(lib_a-nano-msizer.o)
 .debug_ranges  0x00000000000006c0       0x68 ../../libtock-c/libtock/build/cortex-m7/libtock.a(sys.o)
 .debug_ranges  0x0000000000000728       0x78 ../../libtock-c/libtock/build/cortex-m7/libtock.a(console.o)
 .debug_ranges  0x00000000000007a0       0x10 ../../libtock-c/newlib/cortex-m/v7-m/libc.a(lib_a-errno.o)
 .debug_ranges  0x00000000000007b0       0x18 ../../libtock-c/newlib/cortex-m/v7-m/libc.a(lib_a-malloc.o)
 .debug_ranges  0x00000000000007c8       0x10 ../../libtock-c/newlib/cortex-m/v7-m/libc.a(lib_a-strncpy.o)

.debug_line     0x0000000000000000     0x7453
 .debug_line    0x0000000000000000       0xe2 build/cortex-m7/main.o
 .debug_line    0x00000000000000e2      0x2f4 ../../libtock-c/libtock/build/cortex-m7/libtock.a(crt0.o)
 .debug_line    0x00000000000003d6      0x8b8 ../../libtock-c/libtock/build/cortex-m7/libtock.a(tock.o)
 .debug_line    0x0000000000000c8e       0x6b ../drivers/build/cortex-m7/drivers.a(example_driver.o)
 .debug_line    0x0000000000000cf9      0x1c8 ../../libtock-c/newlib/cortex-m/v7-m/libc.a(lib_a-exit.o)
 .debug_line    0x0000000000000ec1      0x131 ../../libtock-c/newlib/cortex-m/v7-m/libc.a(lib_a-impure.o)
 .debug_line    0x0000000000000ff2      0x248 ../../libtock-c/newlib/cortex-m/v7-m/libc.a(lib_a-memcpy-stub.o)
 .debug_line    0x000000000000123a      0x22d ../../libtock-c/newlib/cortex-m/v7-m/libc.a(lib_a-memset.o)
 .debug_line    0x0000000000001467      0x296 ../../libtock-c/newlib/cortex-m/v7-m/libc.a(lib_a-printf.o)
 .debug_line    0x00000000000016fd      0x34d ../../libtock-c/newlib/cortex-m/v7-m/libc.a(lib_a-puts.o)
 .debug_line    0x0000000000001a4a      0x2f0 ../../libtock-c/newlib/cortex-m/v7-m/libc.a(lib_a-wbuf.o)
 .debug_line    0x0000000000001d3a      0x325 ../../libtock-c/newlib/cortex-m/v7-m/libc.a(lib_a-wsetup.o)
 .debug_line    0x000000000000205f      0x45f ../../libtock-c/newlib/cortex-m/v7-m/libc.a(lib_a-fflush.o)
 .debug_line    0x00000000000024be      0x52c ../../libtock-c/newlib/cortex-m/v7-m/libc.a(lib_a-findfp.o)
 .debug_line    0x00000000000029ea      0x2e7 ../../libtock-c/newlib/cortex-m/v7-m/libc.a(lib_a-fwalk.o)
 .debug_line    0x0000000000002cd1      0x3aa ../../libtock-c/newlib/cortex-m/v7-m/libc.a(lib_a-makebuf.o)
 .debug_line    0x000000000000307b      0x2ea ../../libtock-c/newlib/cortex-m/v7-m/libc.a(lib_a-nano-freer.o)
 .debug_line    0x0000000000003365      0x38c ../../libtock-c/newlib/cortex-m/v7-m/libc.a(lib_a-nano-mallocr.o)
 .debug_line    0x00000000000036f1      0x71c ../../libtock-c/newlib/cortex-m/v7-m/libc.a(lib_a-nano-vfprintf.o)
 .debug_line    0x0000000000003e0d      0x757 ../../libtock-c/newlib/cortex-m/v7-m/libc.a(lib_a-nano-vfprintf_i.o)
 .debug_line    0x0000000000004564      0x1de ../../libtock-c/newlib/cortex-m/v7-m/libc.a(lib_a-sbrkr.o)
 .debug_line    0x0000000000004742      0x2e8 ../../libtock-c/newlib/cortex-m/v7-m/libc.a(lib_a-stdio.o)
 .debug_line    0x0000000000004a2a      0x1d5 ../../libtock-c/newlib/cortex-m/v7-m/libc.a(lib_a-writer.o)
 .debug_line    0x0000000000004bff      0x1de ../../libtock-c/newlib/cortex-m/v7-m/libc.a(lib_a-closer.o)
 .debug_line    0x0000000000004ddd      0x27d ../../libtock-c/newlib/cortex-m/v7-m/libc.a(lib_a-fstatr.o)
 .debug_line    0x000000000000505a      0x5be ../../libtock-c/newlib/cortex-m/v7-m/libc.a(lib_a-fvwrite.o)
 .debug_line    0x0000000000005618      0x1df ../../libtock-c/newlib/cortex-m/v7-m/libc.a(lib_a-isattyr.o)
 .debug_line    0x00000000000057f7      0x1d5 ../../libtock-c/newlib/cortex-m/v7-m/libc.a(lib_a-lseekr.o)
 .debug_line    0x00000000000059cc      0x1d1 ../../libtock-c/newlib/cortex-m/v7-m/libc.a(lib_a-memchr-stub.o)
 .debug_line    0x0000000000005b9d      0x26f ../../libtock-c/newlib/cortex-m/v7-m/libc.a(lib_a-memmove.o)
 .debug_line    0x0000000000005e0c      0x199 ../../libtock-c/newlib/cortex-m/v7-m/libc.a(lib_a-mlock.o)
 .debug_line    0x0000000000005fa5      0x234 ../../libtock-c/newlib/cortex-m/v7-m/libc.a(lib_a-nano-reallocr.o)
 .debug_line    0x00000000000061d9      0x1d4 ../../libtock-c/newlib/cortex-m/v7-m/libc.a(lib_a-readr.o)
 .debug_line    0x00000000000063ad      0x2d3 ../../libtock-c/newlib/cortex-m/v7-m/libc.a(lib_a-reent.o)
 .debug_line    0x0000000000006680      0x1c2 ../../libtock-c/newlib/cortex-m/v7-m/libc.a(lib_a-nano-msizer.o)
 .debug_line    0x0000000000006842      0x2d6 ../../libtock-c/libtock/build/cortex-m7/libtock.a(sys.o)
 .debug_line    0x0000000000006b18      0x445 ../../libtock-c/libtock/build/cortex-m7/libtock.a(console.o)
 .debug_line    0x0000000000006f5d      0x156 ../../libtock-c/newlib/cortex-m/v7-m/libc.a(lib_a-errno.o)
 .debug_line    0x00000000000070b3      0x1cd ../../libtock-c/newlib/cortex-m/v7-m/libc.a(lib_a-malloc.o)
 .debug_line    0x0000000000007280      0x1d3 ../../libtock-c/newlib/cortex-m/v7-m/libc.a(lib_a-strncpy.o)

.debug_str      0x0000000000000000     0x26f7
 .debug_str     0x0000000000000000      0x52a build/cortex-m7/main.o
                                        0x603 (size before relaxing)
 .debug_str     0x000000000000052a      0x12e ../../libtock-c/libtock/build/cortex-m7/libtock.a(crt0.o)
                                        0x735 (size before relaxing)
 .debug_str     0x0000000000000658      0x7f2 ../../libtock-c/libtock/build/cortex-m7/libtock.a(tock.o)
                                        0xe2f (size before relaxing)
 .debug_str     0x0000000000000e4a       0x39 ../drivers/build/cortex-m7/drivers.a(example_driver.o)
                                        0x23e (size before relaxing)
 .debug_str     0x0000000000000e83      0x21e ../../libtock-c/newlib/cortex-m/v7-m/libc.a(lib_a-exit.o)
                                        0x69d (size before relaxing)
 .debug_str     0x00000000000010a1       0xb4 ../../libtock-c/newlib/cortex-m/v7-m/libc.a(lib_a-impure.o)
                                        0x651 (size before relaxing)
 .debug_str     0x0000000000001155      0x33b ../../libtock-c/newlib/cortex-m/v7-m/libc.a(lib_a-memcpy-stub.o)
                                        0x990 (size before relaxing)
 .debug_str     0x0000000000001490       0xaa ../../libtock-c/newlib/cortex-m/v7-m/libc.a(lib_a-memset.o)
                                        0x96a (size before relaxing)
 .debug_str     0x000000000000153a      0x1de ../../libtock-c/newlib/cortex-m/v7-m/libc.a(lib_a-printf.o)
                                        0x7cb (size before relaxing)
 .debug_str     0x0000000000001718       0x76 ../../libtock-c/newlib/cortex-m/v7-m/libc.a(lib_a-puts.o)
                                        0x7d4 (size before relaxing)
 .debug_str     0x000000000000178e       0x67 ../../libtock-c/newlib/cortex-m/v7-m/libc.a(lib_a-wbuf.o)
                                        0x7da (size before relaxing)
 .debug_str     0x00000000000017f5       0x55 ../../libtock-c/newlib/cortex-m/v7-m/libc.a(lib_a-wsetup.o)
                                        0x7d5 (size before relaxing)
 .debug_str     0x000000000000184a       0x70 ../../libtock-c/newlib/cortex-m/v7-m/libc.a(lib_a-fflush.o)
                                        0x803 (size before relaxing)
 .debug_str     0x00000000000018ba      0x182 ../../libtock-c/newlib/cortex-m/v7-m/libc.a(lib_a-findfp.o)
                                        0x913 (size before relaxing)
 .debug_str     0x0000000000001a3c       0x4e ../../libtock-c/newlib/cortex-m/v7-m/libc.a(lib_a-fwalk.o)
                                        0x7c7 (size before relaxing)
 .debug_str     0x0000000000001a8a      0x179 ../../libtock-c/newlib/cortex-m/v7-m/libc.a(lib_a-makebuf.o)
                                        0x948 (size before relaxing)
 .debug_str     0x0000000000001c03      0x12d ../../libtock-c/newlib/cortex-m/v7-m/libc.a(lib_a-nano-freer.o)
                                        0x781 (size before relaxing)
 .debug_str     0x0000000000001d30       0x49 ../../libtock-c/newlib/cortex-m/v7-m/libc.a(lib_a-nano-mallocr.o)
                                        0x7c2 (size before relaxing)
 .debug_str     0x0000000000001d79      0x15d ../../libtock-c/newlib/cortex-m/v7-m/libc.a(lib_a-nano-vfprintf.o)
                                        0xc5f (size before relaxing)
 .debug_str     0x0000000000001ed6       0xa1 ../../libtock-c/newlib/cortex-m/v7-m/libc.a(lib_a-nano-vfprintf_i.o)
                                        0xbdd (size before relaxing)
 .debug_str     0x0000000000001f77       0x54 ../../libtock-c/newlib/cortex-m/v7-m/libc.a(lib_a-sbrkr.o)
                                        0x694 (size before relaxing)
 .debug_str     0x0000000000001fcb       0x9f ../../libtock-c/newlib/cortex-m/v7-m/libc.a(lib_a-stdio.o)
                                        0x81b (size before relaxing)
 .debug_str     0x000000000000206a       0x40 ../../libtock-c/newlib/cortex-m/v7-m/libc.a(lib_a-writer.o)
                                        0x691 (size before relaxing)
 .debug_str     0x00000000000020aa       0x40 ../../libtock-c/newlib/cortex-m/v7-m/libc.a(lib_a-closer.o)
                                        0x681 (size before relaxing)
 .debug_str     0x00000000000020ea       0x4d ../../libtock-c/newlib/cortex-m/v7-m/libc.a(lib_a-fstatr.o)
                                        0x7ef (size before relaxing)
 .debug_str     0x0000000000002137       0x72 ../../libtock-c/newlib/cortex-m/v7-m/libc.a(lib_a-fvwrite.o)
                                        0x854 (size before relaxing)
 .debug_str     0x00000000000021a9       0x49 ../../libtock-c/newlib/cortex-m/v7-m/libc.a(lib_a-isattyr.o)
                                        0x68b (size before relaxing)
 .debug_str     0x00000000000021f2       0x47 ../../libtock-c/newlib/cortex-m/v7-m/libc.a(lib_a-lseekr.o)
                                        0x68f (size before relaxing)
 .debug_str     0x0000000000002239       0x5e ../../libtock-c/newlib/cortex-m/v7-m/libc.a(lib_a-memchr-stub.o)
                                        0x677 (size before relaxing)
 .debug_str     0x0000000000002297       0x4b ../../libtock-c/newlib/cortex-m/v7-m/libc.a(lib_a-memmove.o)
                                        0x985 (size before relaxing)
 .debug_str     0x00000000000022e2       0x59 ../../libtock-c/newlib/cortex-m/v7-m/libc.a(lib_a-mlock.o)
                                        0x67d (size before relaxing)
 .debug_str     0x000000000000233b       0x2c ../../libtock-c/newlib/cortex-m/v7-m/libc.a(lib_a-nano-reallocr.o)
                                        0x787 (size before relaxing)
 .debug_str     0x0000000000002367       0x3f ../../libtock-c/newlib/cortex-m/v7-m/libc.a(lib_a-readr.o)
                                        0x68f (size before relaxing)
 .debug_str     0x00000000000023a6       0x6b ../../libtock-c/newlib/cortex-m/v7-m/libc.a(lib_a-reent.o)
                                        0x68d (size before relaxing)
 .debug_str     0x0000000000002411        0xf ../../libtock-c/newlib/cortex-m/v7-m/libc.a(lib_a-nano-msizer.o)
                                        0x75c (size before relaxing)
 .debug_str     0x0000000000002420       0x7e ../../libtock-c/libtock/build/cortex-m7/libtock.a(sys.o)
                                        0x98a (size before relaxing)
 .debug_str     0x000000000000249e      0x117 ../../libtock-c/libtock/build/cortex-m7/libtock.a(console.o)
                                        0xbef (size before relaxing)
 .debug_str     0x00000000000025b5       0xa7 ../../libtock-c/newlib/cortex-m/v7-m/libc.a(lib_a-errno.o)
                                        0x663 (size before relaxing)
 .debug_str     0x000000000000265c       0x4d ../../libtock-c/newlib/cortex-m/v7-m/libc.a(lib_a-malloc.o)
                                        0x682 (size before relaxing)
 .debug_str     0x00000000000026a9       0x4e ../../libtock-c/newlib/cortex-m/v7-m/libc.a(lib_a-strncpy.o)
                                        0x673 (size before relaxing)

.debug_frame    0x0000000000000000      0xedc
 .debug_frame   0x0000000000000000       0x28 build/cortex-m7/main.o
 .debug_frame   0x0000000000000028       0x50 ../../libtock-c/libtock/build/cortex-m7/libtock.a(crt0.o)
 .debug_frame   0x0000000000000078      0x328 ../../libtock-c/libtock/build/cortex-m7/libtock.a(tock.o)
 .debug_frame   0x00000000000003a0       0x20 ../drivers/build/cortex-m7/drivers.a(example_driver.o)
 .debug_frame   0x00000000000003c0       0x28 ../../libtock-c/newlib/cortex-m/v7-m/libc.a(lib_a-exit.o)
 .debug_frame   0x00000000000003e8       0x28 ../../libtock-c/newlib/cortex-m/v7-m/libc.a(lib_a-memcpy-stub.o)
 .debug_frame   0x0000000000000410       0x20 ../../libtock-c/newlib/cortex-m/v7-m/libc.a(lib_a-memset.o)
 .debug_frame   0x0000000000000430       0x74 ../../libtock-c/newlib/cortex-m/v7-m/libc.a(lib_a-printf.o)
 .debug_frame   0x00000000000004a4       0x3c ../../libtock-c/newlib/cortex-m/v7-m/libc.a(lib_a-puts.o)
 .debug_frame   0x00000000000004e0       0x40 ../../libtock-c/newlib/cortex-m/v7-m/libc.a(lib_a-wbuf.o)
 .debug_frame   0x0000000000000520       0x2c ../../libtock-c/newlib/cortex-m/v7-m/libc.a(lib_a-wsetup.o)
 .debug_frame   0x000000000000054c       0x68 ../../libtock-c/newlib/cortex-m/v7-m/libc.a(lib_a-fflush.o)
 .debug_frame   0x00000000000005b4      0x13c ../../libtock-c/newlib/cortex-m/v7-m/libc.a(lib_a-findfp.o)
 .debug_frame   0x00000000000006f0       0x54 ../../libtock-c/newlib/cortex-m/v7-m/libc.a(lib_a-fwalk.o)
 .debug_frame   0x0000000000000744       0x58 ../../libtock-c/newlib/cortex-m/v7-m/libc.a(lib_a-makebuf.o)
 .debug_frame   0x000000000000079c       0x38 ../../libtock-c/newlib/cortex-m/v7-m/libc.a(lib_a-nano-freer.o)
 .debug_frame   0x00000000000007d4       0x30 ../../libtock-c/newlib/cortex-m/v7-m/libc.a(lib_a-nano-mallocr.o)
 .debug_frame   0x0000000000000804       0xb8 ../../libtock-c/newlib/cortex-m/v7-m/libc.a(lib_a-nano-vfprintf.o)
 .debug_frame   0x00000000000008bc       0x60 ../../libtock-c/newlib/cortex-m/v7-m/libc.a(lib_a-nano-vfprintf_i.o)
 .debug_frame   0x000000000000091c       0x2c ../../libtock-c/newlib/cortex-m/v7-m/libc.a(lib_a-sbrkr.o)
 .debug_frame   0x0000000000000948       0x88 ../../libtock-c/newlib/cortex-m/v7-m/libc.a(lib_a-stdio.o)
 .debug_frame   0x00000000000009d0       0x2c ../../libtock-c/newlib/cortex-m/v7-m/libc.a(lib_a-writer.o)
 .debug_frame   0x00000000000009fc       0x2c ../../libtock-c/newlib/cortex-m/v7-m/libc.a(lib_a-closer.o)
 .debug_frame   0x0000000000000a28       0x2c ../../libtock-c/newlib/cortex-m/v7-m/libc.a(lib_a-fstatr.o)
 .debug_frame   0x0000000000000a54       0x3c ../../libtock-c/newlib/cortex-m/v7-m/libc.a(lib_a-fvwrite.o)
 .debug_frame   0x0000000000000a90       0x2c ../../libtock-c/newlib/cortex-m/v7-m/libc.a(lib_a-isattyr.o)
 .debug_frame   0x0000000000000abc       0x2c ../../libtock-c/newlib/cortex-m/v7-m/libc.a(lib_a-lseekr.o)
 .debug_frame   0x0000000000000ae8       0x28 ../../libtock-c/newlib/cortex-m/v7-m/libc.a(lib_a-memchr-stub.o)
 .debug_frame   0x0000000000000b10       0x28 ../../libtock-c/newlib/cortex-m/v7-m/libc.a(lib_a-memmove.o)
 .debug_frame   0x0000000000000b38       0x30 ../../libtock-c/newlib/cortex-m/v7-m/libc.a(lib_a-mlock.o)
 .debug_frame   0x0000000000000b68       0x3c ../../libtock-c/newlib/cortex-m/v7-m/libc.a(lib_a-nano-reallocr.o)
 .debug_frame   0x0000000000000ba4       0x2c ../../libtock-c/newlib/cortex-m/v7-m/libc.a(lib_a-readr.o)
 .debug_frame   0x0000000000000bd0       0x5c ../../libtock-c/newlib/cortex-m/v7-m/libc.a(lib_a-reent.o)
 .debug_frame   0x0000000000000c2c       0x20 ../../libtock-c/newlib/cortex-m/v7-m/libc.a(lib_a-nano-msizer.o)
 .debug_frame   0x0000000000000c4c       0xf4 ../../libtock-c/libtock/build/cortex-m7/libtock.a(sys.o)
 .debug_frame   0x0000000000000d40      0x124 ../../libtock-c/libtock/build/cortex-m7/libtock.a(console.o)
 .debug_frame   0x0000000000000e64       0x20 ../../libtock-c/newlib/cortex-m/v7-m/libc.a(lib_a-errno.o)
 .debug_frame   0x0000000000000e84       0x30 ../../libtock-c/newlib/cortex-m/v7-m/libc.a(lib_a-malloc.o)
 .debug_frame   0x0000000000000eb4       0x28 ../../libtock-c/newlib/cortex-m/v7-m/libc.a(lib_a-strncpy.o)
