Archive member included to satisfy reference by file (symbol)

../../libtock-c/libtock/build/cortex-m0/libtock.a(crt0.o)
                              (_start)
../../libtock-c/libtock/build/cortex-m0/libtock.a(tock.o)
                              ../../libtock-c/libtock/build/cortex-m0/libtock.a(crt0.o) (yield)
../drivers/build/cortex-m0/drivers.a(example_driver.o)
                              build/cortex-m0/main.o (example_driver_action)
../../libtock-c/libc++/cortex-m/libgcc.a(_thumb1_case_uqi.o)
                              ../../libtock-c/libtock/build/cortex-m0/libtock.a(tock.o) (__gnu_thumb1_case_uqi)
../../libtock-c/newlib/cortex-m/v6-m/libc.a(lib_a-exit.o)
                              ../../libtock-c/libtock/build/cortex-m0/libtock.a(tock.o) (exit)
../../libtock-c/newlib/cortex-m/v6-m/libc.a(lib_a-impure.o)
                              ../../libtock-c/newlib/cortex-m/v6-m/libc.a(lib_a-exit.o) (_global_impure_ptr)
../../libtock-c/newlib/cortex-m/v6-m/libc.a(lib_a-memcpy-stub.o)
                              ../../libtock-c/libtock/build/cortex-m0/libtock.a(crt0.o) (memcpy)
../../libtock-c/newlib/cortex-m/v6-m/libc.a(lib_a-memset.o)
                              ../../libtock-c/libtock/build/cortex-m0/libtock.a(crt0.o) (memset)
../../libtock-c/newlib/cortex-m/v6-m/libc.a(lib_a-printf.o)
                              ../../libtock-c/libtock/build/cortex-m0/libtock.a(tock.o) (printf)
../../libtock-c/newlib/cortex-m/v6-m/libc.a(lib_a-puts.o)
                              build/cortex-m0/main.o (puts)
../../libtock-c/newlib/cortex-m/v6-m/libc.a(lib_a-wbuf.o)
                              ../../libtock-c/newlib/cortex-m/v6-m/libc.a(lib_a-puts.o) (__swbuf_r)
../../libtock-c/newlib/cortex-m/v6-m/libc.a(lib_a-wsetup.o)
                              ../../libtock-c/newlib/cortex-m/v6-m/libc.a(lib_a-puts.o) (__swsetup_r)
../../libtock-c/newlib/cortex-m/v6-m/libc.a(lib_a-fflush.o)
                              ../../libtock-c/newlib/cortex-m/v6-m/libc.a(lib_a-wbuf.o) (_fflush_r)
../../libtock-c/newlib/cortex-m/v6-m/libc.a(lib_a-findfp.o)
                              ../../libtock-c/newlib/cortex-m/v6-m/libc.a(lib_a-printf.o) (__sinit)
../../libtock-c/newlib/cortex-m/v6-m/libc.a(lib_a-fwalk.o)
                              ../../libtock-c/newlib/cortex-m/v6-m/libc.a(lib_a-findfp.o) (_fwalk)
../../libtock-c/newlib/cortex-m/v6-m/libc.a(lib_a-makebuf.o)
                              ../../libtock-c/newlib/cortex-m/v6-m/libc.a(lib_a-wsetup.o) (__smakebuf_r)
../../libtock-c/newlib/cortex-m/v6-m/libc.a(lib_a-nano-freer.o)
                              ../../libtock-c/newlib/cortex-m/v6-m/libc.a(lib_a-wsetup.o) (_free_r)
../../libtock-c/newlib/cortex-m/v6-m/libc.a(lib_a-nano-mallocr.o)
                              ../../libtock-c/newlib/cortex-m/v6-m/libc.a(lib_a-findfp.o) (_malloc_r)
../../libtock-c/newlib/cortex-m/v6-m/libc.a(lib_a-nano-vfprintf.o)
                              ../../libtock-c/newlib/cortex-m/v6-m/libc.a(lib_a-printf.o) (_vfprintf_r)
../../libtock-c/newlib/cortex-m/v6-m/libc.a(lib_a-nano-vfprintf_i.o)
                              ../../libtock-c/newlib/cortex-m/v6-m/libc.a(lib_a-nano-vfprintf.o) (_printf_i)
../../libtock-c/newlib/cortex-m/v6-m/libc.a(lib_a-sbrkr.o)
                              ../../libtock-c/newlib/cortex-m/v6-m/libc.a(lib_a-nano-mallocr.o) (_sbrk_r)
../../libtock-c/newlib/cortex-m/v6-m/libc.a(lib_a-stdio.o)
                              ../../libtock-c/newlib/cortex-m/v6-m/libc.a(lib_a-findfp.o) (__sread)
../../libtock-c/newlib/cortex-m/v6-m/libc.a(lib_a-writer.o)
                              ../../libtock-c/newlib/cortex-m/v6-m/libc.a(lib_a-stdio.o) (_write_r)
../../libtock-c/newlib/cortex-m/v6-m/libc.a(lib_a-closer.o)
                              ../../libtock-c/newlib/cortex-m/v6-m/libc.a(lib_a-stdio.o) (_close_r)
../../libtock-c/newlib/cortex-m/v6-m/libc.a(lib_a-fstatr.o)
                              ../../libtock-c/newlib/cortex-m/v6-m/libc.a(lib_a-makebuf.o) (_fstat_r)
../../libtock-c/newlib/cortex-m/v6-m/libc.a(lib_a-fvwrite.o)
                              ../../libtock-c/newlib/cortex-m/v6-m/libc.a(lib_a-nano-vfprintf.o) (__sfvwrite_r)
../../libtock-c/newlib/cortex-m/v6-m/libc.a(lib_a-isattyr.o)
                              ../../libtock-c/newlib/cortex-m/v6-m/libc.a(lib_a-makebuf.o) (_isatty_r)
../../libtock-c/newlib/cortex-m/v6-m/libc.a(lib_a-lseekr.o)
                              ../../libtock-c/newlib/cortex-m/v6-m/libc.a(lib_a-stdio.o) (_lseek_r)
../../libtock-c/newlib/cortex-m/v6-m/libc.a(lib_a-memchr-stub.o)
                              ../../libtock-c/newlib/cortex-m/v6-m/libc.a(lib_a-nano-vfprintf.o) (memchr)
../../libtock-c/newlib/cortex-m/v6-m/libc.a(lib_a-memmove.o)
                              ../../libtock-c/newlib/cortex-m/v6-m/libc.a(lib_a-fvwrite.o) (memmove)
../../libtock-c/newlib/cortex-m/v6-m/libc.a(lib_a-mlock.o)
                              ../../libtock-c/newlib/cortex-m/v6-m/libc.a(lib_a-nano-freer.o) (__malloc_lock)
../../libtock-c/newlib/cortex-m/v6-m/libc.a(lib_a-nano-reallocr.o)
                              ../../libtock-c/newlib/cortex-m/v6-m/libc.a(lib_a-fvwrite.o) (_realloc_r)
../../libtock-c/newlib/cortex-m/v6-m/libc.a(lib_a-readr.o)
                              ../../libtock-c/newlib/cortex-m/v6-m/libc.a(lib_a-stdio.o) (_read_r)
../../libtock-c/newlib/cortex-m/v6-m/libc.a(lib_a-reent.o)
                              ../../libtock-c/newlib/cortex-m/v6-m/libc.a(lib_a-sbrkr.o) (errno)
../../libtock-c/newlib/cortex-m/v6-m/libc.a(lib_a-nano-msizer.o)
                              ../../libtock-c/newlib/cortex-m/v6-m/libc.a(lib_a-nano-reallocr.o) (_malloc_usable_size_r)
../../libtock-c/libtock/build/cortex-m0/libtock.a(sys.o)
                              ../../libtock-c/newlib/cortex-m/v6-m/libc.a(lib_a-isattyr.o) (_isatty)
../../libtock-c/libtock/build/cortex-m0/libtock.a(console.o)
                              ../../libtock-c/libtock/build/cortex-m0/libtock.a(sys.o) (putnstr)
../../libtock-c/libc++/cortex-m/libgcc.a(_thumb1_case_shi.o)
                              ../../libtock-c/newlib/cortex-m/v6-m/libc.a(lib_a-nano-vfprintf_i.o) (__gnu_thumb1_case_shi)
../../libtock-c/libc++/cortex-m/libgcc.a(_udivsi3.o)
                              ../../libtock-c/newlib/cortex-m/v6-m/libc.a(lib_a-nano-vfprintf_i.o) (__aeabi_uidivmod)
../../libtock-c/libc++/cortex-m/libgcc.a(_divsi3.o)
                              ../../libtock-c/newlib/cortex-m/v6-m/libc.a(lib_a-fvwrite.o) (__aeabi_idiv)
../../libtock-c/libc++/cortex-m/libgcc.a(_dvmd_tls.o)
                              ../../libtock-c/libc++/cortex-m/libgcc.a(_udivsi3.o) (__aeabi_idiv0)
../../libtock-c/newlib/cortex-m/v6-m/libc.a(lib_a-errno.o)
                              ../../libtock-c/libtock/build/cortex-m0/libtock.a(sys.o) (__errno)
../../libtock-c/newlib/cortex-m/v6-m/libc.a(lib_a-malloc.o)
                              ../../libtock-c/libtock/build/cortex-m0/libtock.a(console.o) (malloc)
../../libtock-c/newlib/cortex-m/v6-m/libc.a(lib_a-strncpy.o)
                              ../../libtock-c/libtock/build/cortex-m0/libtock.a(console.o) (strncpy)

Allocating common symbols
Common symbol       size              file

errno               0x4               ../../libtock-c/newlib/cortex-m/v6-m/libc.a(lib_a-reent.o)

Discarded input sections

 .text          0x0000000000000000        0x0 build/cortex-m0/main.o
 .text          0x0000000000000000        0x0 ../../libtock-c/libtock/build/cortex-m0/libtock.a(crt0.o)
 .text._c_start_nopic
                0x0000000000000000       0x38 ../../libtock-c/libtock/build/cortex-m0/libtock.a(crt0.o)
 .text          0x0000000000000000        0x0 ../../libtock-c/libtock/build/cortex-m0/libtock.a(tock.o)
 .text.tock_enqueue
                0x0000000000000000       0x6c ../../libtock-c/libtock/build/cortex-m0/libtock.a(tock.o)
 .text.tock_command_return_u32_to_returncode
                0x0000000000000000       0x28 ../../libtock-c/libtock/build/cortex-m0/libtock.a(tock.o)
 .text.tock_subscribe_return_to_returncode
                0x0000000000000000       0x1a ../../libtock-c/libtock/build/cortex-m0/libtock.a(tock.o)
 .text.tock_allow_rw_return_to_returncode
                0x0000000000000000       0x1a ../../libtock-c/libtock/build/cortex-m0/libtock.a(tock.o)
 .text.tock_allow_ro_return_to_returncode
                0x0000000000000000       0x1a ../../libtock-c/libtock/build/cortex-m0/libtock.a(tock.o)
 .text.yield_no_wait
                0x0000000000000000       0x1c ../../libtock-c/libtock/build/cortex-m0/libtock.a(tock.o)
 .text.tock_exit
                0x0000000000000000        0x6 ../../libtock-c/libtock/build/cortex-m0/libtock.a(tock.o)
 .text.tock_restart
                0x0000000000000000        0x6 ../../libtock-c/libtock/build/cortex-m0/libtock.a(tock.o)
 .text.allow_readwrite
                0x0000000000000000       0x38 ../../libtock-c/libtock/build/cortex-m0/libtock.a(tock.o)
 .text.allow_userspace_read
                0x0000000000000000       0x3a ../../libtock-c/libtock/build/cortex-m0/libtock.a(tock.o)
 .text.tock_app_memory_begins_at
                0x0000000000000000       0x1c ../../libtock-c/libtock/build/cortex-m0/libtock.a(tock.o)
 .text.tock_app_memory_ends_at
                0x0000000000000000       0x1c ../../libtock-c/libtock/build/cortex-m0/libtock.a(tock.o)
 .text.tock_app_flash_begins_at
                0x0000000000000000       0x1c ../../libtock-c/libtock/build/cortex-m0/libtock.a(tock.o)
 .text.tock_app_flash_ends_at
                0x0000000000000000       0x1c ../../libtock-c/libtock/build/cortex-m0/libtock.a(tock.o)
 .text.tock_app_grant_begins_at
                0x0000000000000000       0x1c ../../libtock-c/libtock/build/cortex-m0/libtock.a(tock.o)
 .text.tock_app_number_writeable_flash_regions
                0x0000000000000000       0x1c ../../libtock-c/libtock/build/cortex-m0/libtock.a(tock.o)
 .text.tock_app_writeable_flash_region_begins_at
                0x0000000000000000       0x1c ../../libtock-c/libtock/build/cortex-m0/libtock.a(tock.o)
 .text.tock_app_writeable_flash_region_ends_at
                0x0000000000000000       0x1c ../../libtock-c/libtock/build/cortex-m0/libtock.a(tock.o)
 .text.driver_exists
                0x0000000000000000       0x1c ../../libtock-c/libtock/build/cortex-m0/libtock.a(tock.o)
 .rodata.tock_strrcode.str1.1
                0x0000000000000000      0x1c8 ../../libtock-c/libtock/build/cortex-m0/libtock.a(tock.o)
 .text.tock_strrcode
                0x0000000000000000       0xb8 ../../libtock-c/libtock/build/cortex-m0/libtock.a(tock.o)
 .text.tock_strerr
                0x0000000000000000        0xe ../../libtock-c/libtock/build/cortex-m0/libtock.a(tock.o)
 .rodata.tock_expect.str1.1
                0x0000000000000000       0x65 ../../libtock-c/libtock/build/cortex-m0/libtock.a(tock.o)
 .text.tock_expect
                0x0000000000000000       0x50 ../../libtock-c/libtock/build/cortex-m0/libtock.a(tock.o)
 .text          0x0000000000000000        0x0 ../drivers/build/cortex-m0/drivers.a(example_driver.o)
 .text          0x0000000000000000       0x14 ../../libtock-c/libc++/cortex-m/libgcc.a(_thumb1_case_uqi.o)
 .text          0x0000000000000000        0x0 ../../libtock-c/newlib/cortex-m/v6-m/libc.a(lib_a-exit.o)
 .text          0x0000000000000000        0x0 ../../libtock-c/newlib/cortex-m/v6-m/libc.a(lib_a-impure.o)
 .text          0x0000000000000000        0x0 ../../libtock-c/newlib/cortex-m/v6-m/libc.a(lib_a-memcpy-stub.o)
 .text          0x0000000000000000        0x0 ../../libtock-c/newlib/cortex-m/v6-m/libc.a(lib_a-memset.o)
 .text          0x0000000000000000        0x0 ../../libtock-c/newlib/cortex-m/v6-m/libc.a(lib_a-printf.o)
 .text._printf_r
                0x0000000000000000       0x2c ../../libtock-c/newlib/cortex-m/v6-m/libc.a(lib_a-printf.o)
 .text.printf   0x0000000000000000       0x44 ../../libtock-c/newlib/cortex-m/v6-m/libc.a(lib_a-printf.o)
 .text          0x0000000000000000        0x0 ../../libtock-c/newlib/cortex-m/v6-m/libc.a(lib_a-puts.o)
 .text          0x0000000000000000        0x0 ../../libtock-c/newlib/cortex-m/v6-m/libc.a(lib_a-wbuf.o)
 .text.__swbuf  0x0000000000000000       0x20 ../../libtock-c/newlib/cortex-m/v6-m/libc.a(lib_a-wbuf.o)
 .text          0x0000000000000000        0x0 ../../libtock-c/newlib/cortex-m/v6-m/libc.a(lib_a-wsetup.o)
 .text          0x0000000000000000        0x0 ../../libtock-c/newlib/cortex-m/v6-m/libc.a(lib_a-fflush.o)
 .text.fflush   0x0000000000000000       0x38 ../../libtock-c/newlib/cortex-m/v6-m/libc.a(lib_a-fflush.o)
 .text          0x0000000000000000        0x0 ../../libtock-c/newlib/cortex-m/v6-m/libc.a(lib_a-findfp.o)
 .text.__fp_lock
                0x0000000000000000        0x4 ../../libtock-c/newlib/cortex-m/v6-m/libc.a(lib_a-findfp.o)
 .text.__fp_unlock
                0x0000000000000000        0x4 ../../libtock-c/newlib/cortex-m/v6-m/libc.a(lib_a-findfp.o)
 .text._cleanup
                0x0000000000000000       0x18 ../../libtock-c/newlib/cortex-m/v6-m/libc.a(lib_a-findfp.o)
 .text.__fp_lock_all
                0x0000000000000000       0x28 ../../libtock-c/newlib/cortex-m/v6-m/libc.a(lib_a-findfp.o)
 .text.__fp_unlock_all
                0x0000000000000000       0x24 ../../libtock-c/newlib/cortex-m/v6-m/libc.a(lib_a-findfp.o)
 .text          0x0000000000000000        0x0 ../../libtock-c/newlib/cortex-m/v6-m/libc.a(lib_a-fwalk.o)
 .text._fwalk   0x0000000000000000       0x38 ../../libtock-c/newlib/cortex-m/v6-m/libc.a(lib_a-fwalk.o)
 .text          0x0000000000000000        0x0 ../../libtock-c/newlib/cortex-m/v6-m/libc.a(lib_a-makebuf.o)
 .text          0x0000000000000000        0x0 ../../libtock-c/newlib/cortex-m/v6-m/libc.a(lib_a-nano-freer.o)
 .text          0x0000000000000000        0x0 ../../libtock-c/newlib/cortex-m/v6-m/libc.a(lib_a-nano-mallocr.o)
 .text          0x0000000000000000        0x0 ../../libtock-c/newlib/cortex-m/v6-m/libc.a(lib_a-nano-vfprintf.o)
 .text.__sfputc_r
                0x0000000000000000       0x2a ../../libtock-c/newlib/cortex-m/v6-m/libc.a(lib_a-nano-vfprintf.o)
 .text.__sfputs_r
                0x0000000000000000       0x24 ../../libtock-c/newlib/cortex-m/v6-m/libc.a(lib_a-nano-vfprintf.o)
 .text.__sprint_r
                0x0000000000000000       0x1c ../../libtock-c/newlib/cortex-m/v6-m/libc.a(lib_a-nano-vfprintf.o)
 .rodata._vfprintf_r.str1.1
                0x0000000000000000       0x11 ../../libtock-c/newlib/cortex-m/v6-m/libc.a(lib_a-nano-vfprintf.o)
 .text._vfprintf_r
                0x0000000000000000      0x27c ../../libtock-c/newlib/cortex-m/v6-m/libc.a(lib_a-nano-vfprintf.o)
 .text.vfprintf
                0x0000000000000000       0x24 ../../libtock-c/newlib/cortex-m/v6-m/libc.a(lib_a-nano-vfprintf.o)
 .text          0x0000000000000000        0x0 ../../libtock-c/newlib/cortex-m/v6-m/libc.a(lib_a-nano-vfprintf_i.o)
 .text._printf_common
                0x0000000000000000       0xe0 ../../libtock-c/newlib/cortex-m/v6-m/libc.a(lib_a-nano-vfprintf_i.o)
 .rodata._printf_i.str1.1
                0x0000000000000000       0x22 ../../libtock-c/newlib/cortex-m/v6-m/libc.a(lib_a-nano-vfprintf_i.o)
 .text._printf_i
                0x0000000000000000      0x234 ../../libtock-c/newlib/cortex-m/v6-m/libc.a(lib_a-nano-vfprintf_i.o)
 .text          0x0000000000000000        0x0 ../../libtock-c/newlib/cortex-m/v6-m/libc.a(lib_a-sbrkr.o)
 .text          0x0000000000000000        0x0 ../../libtock-c/newlib/cortex-m/v6-m/libc.a(lib_a-stdio.o)
 .text.__seofread
                0x0000000000000000        0x4 ../../libtock-c/newlib/cortex-m/v6-m/libc.a(lib_a-stdio.o)
 .text          0x0000000000000000        0x0 ../../libtock-c/newlib/cortex-m/v6-m/libc.a(lib_a-writer.o)
 .text          0x0000000000000000        0x0 ../../libtock-c/newlib/cortex-m/v6-m/libc.a(lib_a-closer.o)
 .text          0x0000000000000000        0x0 ../../libtock-c/newlib/cortex-m/v6-m/libc.a(lib_a-fstatr.o)
 .text          0x0000000000000000        0x0 ../../libtock-c/newlib/cortex-m/v6-m/libc.a(lib_a-fvwrite.o)
 .text.__sfvwrite_r
                0x0000000000000000      0x2cc ../../libtock-c/newlib/cortex-m/v6-m/libc.a(lib_a-fvwrite.o)
 .text          0x0000000000000000        0x0 ../../libtock-c/newlib/cortex-m/v6-m/libc.a(lib_a-isattyr.o)
 .text          0x0000000000000000        0x0 ../../libtock-c/newlib/cortex-m/v6-m/libc.a(lib_a-lseekr.o)
 .text          0x0000000000000000        0x0 ../../libtock-c/newlib/cortex-m/v6-m/libc.a(lib_a-memchr-stub.o)
 .text.memchr   0x0000000000000000       0x16 ../../libtock-c/newlib/cortex-m/v6-m/libc.a(lib_a-memchr-stub.o)
 .text          0x0000000000000000        0x0 ../../libtock-c/newlib/cortex-m/v6-m/libc.a(lib_a-memmove.o)
 .text.memmove  0x0000000000000000       0x26 ../../libtock-c/newlib/cortex-m/v6-m/libc.a(lib_a-memmove.o)
 .text          0x0000000000000000        0x0 ../../libtock-c/newlib/cortex-m/v6-m/libc.a(lib_a-mlock.o)
 .text          0x0000000000000000        0x0 ../../libtock-c/newlib/cortex-m/v6-m/libc.a(lib_a-nano-reallocr.o)
 .text._realloc_r
                0x0000000000000000       0x60 ../../libtock-c/newlib/cortex-m/v6-m/libc.a(lib_a-nano-reallocr.o)
 .text          0x0000000000000000        0x0 ../../libtock-c/newlib/cortex-m/v6-m/libc.a(lib_a-readr.o)
 .text          0x0000000000000000        0x0 ../../libtock-c/newlib/cortex-m/v6-m/libc.a(lib_a-reent.o)
 .text.cleanup_glue
                0x0000000000000000       0x1a ../../libtock-c/newlib/cortex-m/v6-m/libc.a(lib_a-reent.o)
 .text._reclaim_reent
                0x0000000000000000       0xd8 ../../libtock-c/newlib/cortex-m/v6-m/libc.a(lib_a-reent.o)
 .text          0x0000000000000000        0x0 ../../libtock-c/newlib/cortex-m/v6-m/libc.a(lib_a-nano-msizer.o)
 .text._malloc_usable_size_r
                0x0000000000000000       0x10 ../../libtock-c/newlib/cortex-m/v6-m/libc.a(lib_a-nano-msizer.o)
 .text          0x0000000000000000        0x0 ../../libtock-c/libtock/build/cortex-m0/libtock.a(sys.o)
 .text._unlink  0x0000000000000000        0x6 ../../libtock-c/libtock/build/cortex-m0/libtock.a(sys.o)
 .text._open    0x0000000000000000        0xa ../../libtock-c/libtock/build/cortex-m0/libtock.a(sys.o)
 .text._getpid  0x0000000000000000        0x4 ../../libtock-c/libtock/build/cortex-m0/libtock.a(sys.o)
 .text._kill    0x0000000000000000        0x6 ../../libtock-c/libtock/build/cortex-m0/libtock.a(sys.o)
 .text          0x0000000000000000        0x0 ../../libtock-c/libtock/build/cortex-m0/libtock.a(console.o)
 .text.getnstr_upcall
                0x0000000000000000       0x18 ../../libtock-c/libtock/build/cortex-m0/libtock.a(console.o)
 .text.getnstr_async
                0x0000000000000000       0x5e ../../libtock-c/libtock/build/cortex-m0/libtock.a(console.o)
 .text.getnstr  0x0000000000000000       0x40 ../../libtock-c/libtock/build/cortex-m0/libtock.a(console.o)
 .text.getch    0x0000000000000000       0x1c ../../libtock-c/libtock/build/cortex-m0/libtock.a(console.o)
 .text.getnstr_abort
                0x0000000000000000       0x22 ../../libtock-c/libtock/build/cortex-m0/libtock.a(console.o)
 .text          0x0000000000000000       0x14 ../../libtock-c/libc++/cortex-m/libgcc.a(_thumb1_case_shi.o)
 .text          0x0000000000000000       0x8c ../../libtock-c/libc++/cortex-m/libgcc.a(_udivsi3.o)
 .text          0x0000000000000000       0xa8 ../../libtock-c/libc++/cortex-m/libgcc.a(_divsi3.o)
 .text          0x0000000000000000        0x4 ../../libtock-c/libc++/cortex-m/libgcc.a(_dvmd_tls.o)
 .text          0x0000000000000000        0x0 ../../libtock-c/newlib/cortex-m/v6-m/libc.a(lib_a-errno.o)
 .text          0x0000000000000000        0x0 ../../libtock-c/newlib/cortex-m/v6-m/libc.a(lib_a-malloc.o)
 .text          0x0000000000000000        0x0 ../../libtock-c/newlib/cortex-m/v6-m/libc.a(lib_a-strncpy.o)

Memory Configuration

Name             Origin             Length             Attributes
FLASH            0x0000000080000000 0x0000000000070000 xr
SRAM             0x0000000000000000 0x0000000000010000 xrw
*default*        0x0000000000000000 0xffffffffffffffff

Linker script and memory map

                0x0000000000000800                STACK_SIZE = 0x800
                0x0000000000000400                APP_HEAP_SIZE = 0x400
                0x0000000000000400                KERNEL_HEAP_SIZE = 0x400
START GROUP
LOAD build/cortex-m0/main.o
LOAD ../../libtock-c/libtock/build/cortex-m0/libtock.a
LOAD ../drivers/build/cortex-m0/drivers.a
LOAD ../../libtock-c/libc++/cortex-m/libstdc++.a
LOAD ../../libtock-c/libc++/cortex-m/libsupc++.a
LOAD ../../libtock-c/libc++/cortex-m/libgcc.a
LOAD ../../libtock-c/newlib/cortex-m/v6-m/libc.a
LOAD ../../libtock-c/newlib/cortex-m/v6-m/libm.a
END GROUP
                0x0000000000070000                PROG_LENGTH = 0x70000
                0x0000000000010000                RAM_LENGTH = 0x10000

.crt0_header    0x0000000080000000       0x28
                0x0000000080000000        0x4 LONG 0xfd0 (LOADADDR (.got) - ORIGIN (FLASH))
                0x0000000080000004        0x4 LONG 0x800 (_got - ORIGIN (SRAM))
                0x0000000080000008        0x4 LONG 0x64 SIZEOF (.got)
                0x000000008000000c        0x4 LONG 0x1034 (LOADADDR (.data) - ORIGIN (FLASH))
                0x0000000080000010        0x4 LONG 0x864 (_data - ORIGIN (SRAM))
                0x0000000080000014        0x4 LONG 0x70 SIZEOF (.data)
                0x0000000080000018        0x4 LONG 0x8d4 (_bss - ORIGIN (SRAM))
                0x000000008000001c        0x4 LONG 0x160 SIZEOF (.bss)
                0x0000000080000020        0x4 LONG 0x10a4 (LOADADDR (.endflash) - ORIGIN (FLASH))
                0x0000000080000024        0x4 LONG 0x800 STACK_SIZE

.wfr.app_state  0x0000000080000028        0x0
 *(.app_state)
                0x0000000080000028                . = ALIGN (0x4)

.text           0x0000000080000028      0xfa8
                0x0000000080000028                . = ALIGN (0x4)
                0x0000000080000028                _text = .
 *(.start)
 .start         0x0000000080000028       0x40 ../../libtock-c/libtock/build/cortex-m0/libtock.a(crt0.o)
                0x0000000080000028                _start
 *(.text*)
 .text.startup.main
                0x0000000080000068       0x20 build/cortex-m0/main.o
                0x0000000080000068                main
 .text._c_start_pic
                0x0000000080000088       0x86 ../../libtock-c/libtock/build/cortex-m0/libtock.a(crt0.o)
                0x0000000080000088                _c_start_pic
 .text.tock_status_to_returncode
                0x000000008000010e        0x4 ../../libtock-c/libtock/build/cortex-m0/libtock.a(tock.o)
                0x000000008000010e                tock_status_to_returncode
 *fill*         0x0000000080000112        0x2 ff
 .text.tock_command_return_novalue_to_returncode
                0x0000000080000114       0x28 ../../libtock-c/libtock/build/cortex-m0/libtock.a(tock.o)
                0x0000000080000114                tock_command_return_novalue_to_returncode
 .text.yield_check_tasks
                0x000000008000013c       0x5c ../../libtock-c/libtock/build/cortex-m0/libtock.a(tock.o)
                0x000000008000013c                yield_check_tasks
 .text.yield    0x0000000080000198       0x10 ../../libtock-c/libtock/build/cortex-m0/libtock.a(tock.o)
                0x0000000080000198                yield
 .text.yield_for
                0x00000000800001a8       0x12 ../../libtock-c/libtock/build/cortex-m0/libtock.a(tock.o)
                0x00000000800001a8                yield_for
 .text.subscribe
                0x00000000800001ba       0x38 ../../libtock-c/libtock/build/cortex-m0/libtock.a(tock.o)
                0x00000000800001ba                subscribe
 .text.command  0x00000000800001f2       0x1a ../../libtock-c/libtock/build/cortex-m0/libtock.a(tock.o)
                0x00000000800001f2                command
 .text.allow_readonly
                0x000000008000020c       0x38 ../../libtock-c/libtock/build/cortex-m0/libtock.a(tock.o)
                0x000000008000020c                allow_readonly
 .text.memop    0x0000000080000244       0x34 ../../libtock-c/libtock/build/cortex-m0/libtock.a(tock.o)
                0x0000000080000244                memop
 .text.example_driver_action
                0x0000000080000278        0x2 ../drivers/build/cortex-m0/drivers.a(example_driver.o)
                0x0000000080000278                example_driver_action
 *fill*         0x000000008000027a        0x2 ff
 .text.exit     0x000000008000027c       0x34 ../../libtock-c/newlib/cortex-m/v6-m/libc.a(lib_a-exit.o)
                0x000000008000027c                exit
 .text.memcpy   0x00000000800002b0       0x12 ../../libtock-c/newlib/cortex-m/v6-m/libc.a(lib_a-memcpy-stub.o)
                0x00000000800002b0                memcpy
 .text.memset   0x00000000800002c2       0x10 ../../libtock-c/newlib/cortex-m/v6-m/libc.a(lib_a-memset.o)
                0x00000000800002c2                memset
 *fill*         0x00000000800002d2        0x2 ff
 .text._puts_r  0x00000000800002d4       0xd0 ../../libtock-c/newlib/cortex-m/v6-m/libc.a(lib_a-puts.o)
                0x00000000800002d4                _puts_r
 .text.puts     0x00000000800003a4       0x1c ../../libtock-c/newlib/cortex-m/v6-m/libc.a(lib_a-puts.o)
                0x00000000800003a4                puts
 .text.__swbuf_r
                0x00000000800003c0       0xbc ../../libtock-c/newlib/cortex-m/v6-m/libc.a(lib_a-wbuf.o)
                0x00000000800003c0                __swbuf_r
 .text.__swsetup_r
                0x000000008000047c      0x104 ../../libtock-c/newlib/cortex-m/v6-m/libc.a(lib_a-wsetup.o)
                0x000000008000047c                __swsetup_r
 .text.__sflush_r
                0x0000000080000580      0x120 ../../libtock-c/newlib/cortex-m/v6-m/libc.a(lib_a-fflush.o)
                0x0000000080000580                __sflush_r
 .text._fflush_r
                0x00000000800006a0       0x68 ../../libtock-c/newlib/cortex-m/v6-m/libc.a(lib_a-fflush.o)
                0x00000000800006a0                _fflush_r
 .text.std      0x0000000080000708       0x58 ../../libtock-c/newlib/cortex-m/v6-m/libc.a(lib_a-findfp.o)
 .text._cleanup_r
                0x0000000080000760       0x18 ../../libtock-c/newlib/cortex-m/v6-m/libc.a(lib_a-findfp.o)
                0x0000000080000760                _cleanup_r
 .text.__sfmoreglue
                0x0000000080000778       0x2c ../../libtock-c/newlib/cortex-m/v6-m/libc.a(lib_a-findfp.o)
                0x0000000080000778                __sfmoreglue
 .text.__sfp_lock_acquire
                0x00000000800007a4        0x2 ../../libtock-c/newlib/cortex-m/v6-m/libc.a(lib_a-findfp.o)
                0x00000000800007a4                __sfp_lock_acquire
 .text.__sfp_lock_release
                0x00000000800007a6        0x2 ../../libtock-c/newlib/cortex-m/v6-m/libc.a(lib_a-findfp.o)
                0x00000000800007a6                __sfp_lock_release
 .text.__sinit_lock_acquire
                0x00000000800007a8        0x2 ../../libtock-c/newlib/cortex-m/v6-m/libc.a(lib_a-findfp.o)
                0x00000000800007a8                __sinit_lock_acquire
 .text.__sinit_lock_release
                0x00000000800007aa        0x2 ../../libtock-c/newlib/cortex-m/v6-m/libc.a(lib_a-findfp.o)
                0x00000000800007aa                __sinit_lock_release
 .text.__sinit  0x00000000800007ac       0x7c ../../libtock-c/newlib/cortex-m/v6-m/libc.a(lib_a-findfp.o)
                0x00000000800007ac                __sinit
 .text.__sfp    0x0000000080000828       0x94 ../../libtock-c/newlib/cortex-m/v6-m/libc.a(lib_a-findfp.o)
                0x0000000080000828                __sfp
 .text._fwalk_reent
                0x00000000800008bc       0x42 ../../libtock-c/newlib/cortex-m/v6-m/libc.a(lib_a-fwalk.o)
                0x00000000800008bc                _fwalk_reent
 *fill*         0x00000000800008fe        0x2 ff
 .text.__swhatbuf_r
                0x0000000080000900       0x50 ../../libtock-c/newlib/cortex-m/v6-m/libc.a(lib_a-makebuf.o)
                0x0000000080000900                __swhatbuf_r
 .text.__smakebuf_r
                0x0000000080000950       0x98 ../../libtock-c/newlib/cortex-m/v6-m/libc.a(lib_a-makebuf.o)
                0x0000000080000950                __smakebuf_r
 .text._free_r  0x00000000800009e8       0xa0 ../../libtock-c/newlib/cortex-m/v6-m/libc.a(lib_a-nano-freer.o)
                0x00000000800009e8                _free_r
 .text._malloc_r
                0x0000000080000a88       0xcc ../../libtock-c/newlib/cortex-m/v6-m/libc.a(lib_a-nano-mallocr.o)
                0x0000000080000a88                _malloc_r
 .text._sbrk_r  0x0000000080000b54       0x30 ../../libtock-c/newlib/cortex-m/v6-m/libc.a(lib_a-sbrkr.o)
                0x0000000080000b54                _sbrk_r
 .text.__sread  0x0000000080000b84       0x28 ../../libtock-c/newlib/cortex-m/v6-m/libc.a(lib_a-stdio.o)
                0x0000000080000b84                __sread
 .text.__swrite
                0x0000000080000bac       0x38 ../../libtock-c/newlib/cortex-m/v6-m/libc.a(lib_a-stdio.o)
                0x0000000080000bac                __swrite
 .text.__sseek  0x0000000080000be4       0x2c ../../libtock-c/newlib/cortex-m/v6-m/libc.a(lib_a-stdio.o)
                0x0000000080000be4                __sseek
 .text.__sclose
                0x0000000080000c10        0xc ../../libtock-c/newlib/cortex-m/v6-m/libc.a(lib_a-stdio.o)
                0x0000000080000c10                __sclose
 .text._write_r
                0x0000000080000c1c       0x34 ../../libtock-c/newlib/cortex-m/v6-m/libc.a(lib_a-writer.o)
                0x0000000080000c1c                _write_r
 .text._close_r
                0x0000000080000c50       0x30 ../../libtock-c/newlib/cortex-m/v6-m/libc.a(lib_a-closer.o)
                0x0000000080000c50                _close_r
 .text._fstat_r
                0x0000000080000c80       0x30 ../../libtock-c/newlib/cortex-m/v6-m/libc.a(lib_a-fstatr.o)
                0x0000000080000c80                _fstat_r
 .text._isatty_r
                0x0000000080000cb0       0x30 ../../libtock-c/newlib/cortex-m/v6-m/libc.a(lib_a-isattyr.o)
                0x0000000080000cb0                _isatty_r
 .text._lseek_r
                0x0000000080000ce0       0x34 ../../libtock-c/newlib/cortex-m/v6-m/libc.a(lib_a-lseekr.o)
                0x0000000080000ce0                _lseek_r
 .text.__malloc_lock
                0x0000000080000d14        0x2 ../../libtock-c/newlib/cortex-m/v6-m/libc.a(lib_a-mlock.o)
                0x0000000080000d14                __malloc_lock
 .text.__malloc_unlock
                0x0000000080000d16        0x2 ../../libtock-c/newlib/cortex-m/v6-m/libc.a(lib_a-mlock.o)
                0x0000000080000d16                __malloc_unlock
 .text._read_r  0x0000000080000d18       0x34 ../../libtock-c/newlib/cortex-m/v6-m/libc.a(lib_a-readr.o)
                0x0000000080000d18                _read_r
 .text._isatty  0x0000000080000d4c        0x6 ../../libtock-c/libtock/build/cortex-m0/libtock.a(sys.o)
                0x0000000080000d4c                _isatty
 .text._write   0x0000000080000d52       0x10 ../../libtock-c/libtock/build/cortex-m0/libtock.a(sys.o)
                0x0000000080000d52                _write
 .text._close   0x0000000080000d62        0x6 ../../libtock-c/libtock/build/cortex-m0/libtock.a(sys.o)
                0x0000000080000d62                _close
 .text._fstat   0x0000000080000d68        0xa ../../libtock-c/libtock/build/cortex-m0/libtock.a(sys.o)
                0x0000000080000d68                _fstat
 .text._lseek   0x0000000080000d72        0x4 ../../libtock-c/libtock/build/cortex-m0/libtock.a(sys.o)
                0x0000000080000d72                _lseek
 .text._read    0x0000000080000d76        0x4 ../../libtock-c/libtock/build/cortex-m0/libtock.a(sys.o)
                0x0000000080000d76                _read
 .text._exit    0x0000000080000d7a        0x2 ../../libtock-c/libtock/build/cortex-m0/libtock.a(sys.o)
                0x0000000080000d7a                _exit
 .text._sbrk    0x0000000080000d7c       0x28 ../../libtock-c/libtock/build/cortex-m0/libtock.a(sys.o)
                0x0000000080000d7c                _sbrk
 .text.putnstr_async
                0x0000000080000da4       0x5e ../../libtock-c/libtock/build/cortex-m0/libtock.a(console.o)
                0x0000000080000da4                putnstr_async
 *fill*         0x0000000080000e02        0x2 ff
 .text.putnstr  0x0000000080000e04       0xa0 ../../libtock-c/libtock/build/cortex-m0/libtock.a(console.o)
                0x0000000080000e04                putnstr
 .text.putstr_upcall
                0x0000000080000ea4       0x44 ../../libtock-c/libtock/build/cortex-m0/libtock.a(console.o)
 .text.__errno  0x0000000080000ee8       0x18 ../../libtock-c/newlib/cortex-m/v6-m/libc.a(lib_a-errno.o)
                0x0000000080000ee8                __errno
 .text.malloc   0x0000000080000f00       0x1c ../../libtock-c/newlib/cortex-m/v6-m/libc.a(lib_a-malloc.o)
                0x0000000080000f00                malloc
 .text.free     0x0000000080000f1c       0x1c ../../libtock-c/newlib/cortex-m/v6-m/libc.a(lib_a-malloc.o)
                0x0000000080000f1c                free
 .text.strncpy  0x0000000080000f38       0x28 ../../libtock-c/newlib/cortex-m/v6-m/libc.a(lib_a-strncpy.o)
                0x0000000080000f38                strncpy
 *(.rodata*)
 .rodata.main.str1.1
                0x0000000080000f60        0xe build/cortex-m0/main.o
 *fill*         0x0000000080000f6e        0x2 ff
 .rodata.__sf_fake_stderr
                0x0000000080000f70       0x20 ../../libtock-c/newlib/cortex-m/v6-m/libc.a(lib_a-findfp.o)
                0x0000000080000f70                __sf_fake_stderr
 .rodata.__sf_fake_stdin
                0x0000000080000f90       0x20 ../../libtock-c/newlib/cortex-m/v6-m/libc.a(lib_a-findfp.o)
                0x0000000080000f90                __sf_fake_stdin
 .rodata.__sf_fake_stdout
                0x0000000080000fb0       0x20 ../../libtock-c/newlib/cortex-m/v6-m/libc.a(lib_a-findfp.o)
                0x0000000080000fb0                __sf_fake_stdout
 *(.srodata*)
 *(.syscalls)
                0x0000000080000fd0                _etext = .
 *(.ARM.extab*)
                0x0000000080000fd0                . = ALIGN (0x4)

.glue_7         0x0000000080000fd0        0x0
 .glue_7        0x0000000080000fd0        0x0 linker stubs

.glue_7t        0x0000000080000fd0        0x0
 .glue_7t       0x0000000080000fd0        0x0 linker stubs

.vfp11_veneer   0x0000000080000fd0        0x0
 .vfp11_veneer  0x0000000080000fd0        0x0 linker stubs

.v4_bx          0x0000000080000fd0        0x0
 .v4_bx         0x0000000080000fd0        0x0 linker stubs

.iplt           0x0000000080000fd0        0x0
 .iplt          0x0000000080000fd0        0x0 build/cortex-m0/main.o

.rel.dyn        0x0000000080000fd0        0x0
 .rel.iplt      0x0000000080000fd0        0x0 build/cortex-m0/main.o
 .rel.got       0x0000000080000fd0        0x0 build/cortex-m0/main.o

.stack          0x0000000000000000      0x800
                0x0000000000000000                _sram_origin = .
                0x0000000000000000                . = ALIGN (0x10)
                0x0000000000000000                _stack = .
                0x0000000000000800                . = (_stack + STACK_SIZE)
 *fill*         0x0000000000000000      0x800 
                0x0000000000000800                . = ALIGN (0x10)

.got            0x0000000000000800       0x64 load address 0x0000000080000fd0
                0x0000000000000800                . = ALIGN (0x4)
                0x0000000000000800                _got = .
 *(.got*)
 .got           0x0000000000000800       0x58 build/cortex-m0/main.o
 .got.plt       0x0000000000000858        0xc build/cortex-m0/main.o
                0x0000000000000858                _GLOBAL_OFFSET_TABLE_
 *(.got.plt*)
                0x0000000000000864                . = ALIGN (0x4)

.data           0x0000000000000864       0x70 load address 0x0000000080001034
                0x0000000000000864                . = ALIGN (0x4)
                0x0000000000000864                _data = .
 *(.data*)
 .data          0x0000000000000864        0x0 build/cortex-m0/main.o
 .data          0x0000000000000864        0x0 ../../libtock-c/libtock/build/cortex-m0/libtock.a(crt0.o)
 .data          0x0000000000000864        0x0 ../../libtock-c/libtock/build/cortex-m0/libtock.a(tock.o)
 .data          0x0000000000000864        0x0 ../drivers/build/cortex-m0/drivers.a(example_driver.o)
 .data          0x0000000000000864        0x0 ../../libtock-c/libc++/cortex-m/libgcc.a(_thumb1_case_uqi.o)
 .data          0x0000000000000864        0x0 ../../libtock-c/newlib/cortex-m/v6-m/libc.a(lib_a-exit.o)
 .data          0x0000000000000864        0x0 ../../libtock-c/newlib/cortex-m/v6-m/libc.a(lib_a-impure.o)
 .data.rel.impure_data
                0x0000000000000864       0x60 ../../libtock-c/newlib/cortex-m/v6-m/libc.a(lib_a-impure.o)
 .data.rel.local._impure_ptr
                0x00000000000008c4        0x4 ../../libtock-c/newlib/cortex-m/v6-m/libc.a(lib_a-impure.o)
                0x00000000000008c4                _impure_ptr
 .data.rel.ro.local._global_impure_ptr
                0x00000000000008c8        0x4 ../../libtock-c/newlib/cortex-m/v6-m/libc.a(lib_a-impure.o)
                0x00000000000008c8                _global_impure_ptr
 .data          0x00000000000008cc        0x0 ../../libtock-c/newlib/cortex-m/v6-m/libc.a(lib_a-memcpy-stub.o)
 .data          0x00000000000008cc        0x0 ../../libtock-c/newlib/cortex-m/v6-m/libc.a(lib_a-memset.o)
 .data          0x00000000000008cc        0x0 ../../libtock-c/newlib/cortex-m/v6-m/libc.a(lib_a-printf.o)
 .data          0x00000000000008cc        0x0 ../../libtock-c/newlib/cortex-m/v6-m/libc.a(lib_a-puts.o)
 .data          0x00000000000008cc        0x0 ../../libtock-c/newlib/cortex-m/v6-m/libc.a(lib_a-wbuf.o)
 .data          0x00000000000008cc        0x0 ../../libtock-c/newlib/cortex-m/v6-m/libc.a(lib_a-wsetup.o)
 .data          0x00000000000008cc        0x0 ../../libtock-c/newlib/cortex-m/v6-m/libc.a(lib_a-fflush.o)
 .data          0x00000000000008cc        0x0 ../../libtock-c/newlib/cortex-m/v6-m/libc.a(lib_a-findfp.o)
 .data          0x00000000000008cc        0x0 ../../libtock-c/newlib/cortex-m/v6-m/libc.a(lib_a-fwalk.o)
 .data          0x00000000000008cc        0x0 ../../libtock-c/newlib/cortex-m/v6-m/libc.a(lib_a-makebuf.o)
 .data          0x00000000000008cc        0x0 ../../libtock-c/newlib/cortex-m/v6-m/libc.a(lib_a-nano-freer.o)
 .data          0x00000000000008cc        0x0 ../../libtock-c/newlib/cortex-m/v6-m/libc.a(lib_a-nano-mallocr.o)
 .data          0x00000000000008cc        0x0 ../../libtock-c/newlib/cortex-m/v6-m/libc.a(lib_a-nano-vfprintf.o)
 .data          0x00000000000008cc        0x0 ../../libtock-c/newlib/cortex-m/v6-m/libc.a(lib_a-nano-vfprintf_i.o)
 .data          0x00000000000008cc        0x0 ../../libtock-c/newlib/cortex-m/v6-m/libc.a(lib_a-sbrkr.o)
 .data          0x00000000000008cc        0x0 ../../libtock-c/newlib/cortex-m/v6-m/libc.a(lib_a-stdio.o)
 .data          0x00000000000008cc        0x0 ../../libtock-c/newlib/cortex-m/v6-m/libc.a(lib_a-writer.o)
 .data          0x00000000000008cc        0x0 ../../libtock-c/newlib/cortex-m/v6-m/libc.a(lib_a-closer.o)
 .data          0x00000000000008cc        0x0 ../../libtock-c/newlib/cortex-m/v6-m/libc.a(lib_a-fstatr.o)
 .data          0x00000000000008cc        0x0 ../../libtock-c/newlib/cortex-m/v6-m/libc.a(lib_a-fvwrite.o)
 .data          0x00000000000008cc        0x0 ../../libtock-c/newlib/cortex-m/v6-m/libc.a(lib_a-isattyr.o)
 .data          0x00000000000008cc        0x0 ../../libtock-c/newlib/cortex-m/v6-m/libc.a(lib_a-lseekr.o)
 .data          0x00000000000008cc        0x0 ../../libtock-c/newlib/cortex-m/v6-m/libc.a(lib_a-memchr-stub.o)
 .data          0x00000000000008cc        0x0 ../../libtock-c/newlib/cortex-m/v6-m/libc.a(lib_a-memmove.o)
 .data          0x00000000000008cc        0x0 ../../libtock-c/newlib/cortex-m/v6-m/libc.a(lib_a-mlock.o)
 .data          0x00000000000008cc        0x0 ../../libtock-c/newlib/cortex-m/v6-m/libc.a(lib_a-nano-reallocr.o)
 .data          0x00000000000008cc        0x0 ../../libtock-c/newlib/cortex-m/v6-m/libc.a(lib_a-readr.o)
 .data          0x00000000000008cc        0x0 ../../libtock-c/newlib/cortex-m/v6-m/libc.a(lib_a-reent.o)
 .data          0x00000000000008cc        0x0 ../../libtock-c/newlib/cortex-m/v6-m/libc.a(lib_a-nano-msizer.o)
 .data          0x00000000000008cc        0x0 ../../libtock-c/libtock/build/cortex-m0/libtock.a(sys.o)
 .data          0x00000000000008cc        0x0 ../../libtock-c/libtock/build/cortex-m0/libtock.a(console.o)
 .data.getnstr_data
                0x00000000000008cc        0x8 ../../libtock-c/libtock/build/cortex-m0/libtock.a(console.o)
 .data          0x00000000000008d4        0x0 ../../libtock-c/libc++/cortex-m/libgcc.a(_thumb1_case_shi.o)
 .data          0x00000000000008d4        0x0 ../../libtock-c/libc++/cortex-m/libgcc.a(_udivsi3.o)
 .data          0x00000000000008d4        0x0 ../../libtock-c/libc++/cortex-m/libgcc.a(_divsi3.o)
 .data          0x00000000000008d4        0x0 ../../libtock-c/libc++/cortex-m/libgcc.a(_dvmd_tls.o)
 .data          0x00000000000008d4        0x0 ../../libtock-c/newlib/cortex-m/v6-m/libc.a(lib_a-errno.o)
 .data          0x00000000000008d4        0x0 ../../libtock-c/newlib/cortex-m/v6-m/libc.a(lib_a-malloc.o)
 .data          0x00000000000008d4        0x0 ../../libtock-c/newlib/cortex-m/v6-m/libc.a(lib_a-strncpy.o)
 *(.sdata*)
                0x00000000000008d4                . = ALIGN (0x4)

.igot.plt       0x00000000000008d4        0x0 load address 0x00000000800010a4
 .igot.plt      0x00000000000008d4        0x0 build/cortex-m0/main.o

.bss            0x00000000000008d4      0x160 load address 0x00000000800010a4
                0x00000000000008d4                . = ALIGN (0x4)
                0x00000000000008d4                _bss = .
 *(.bss*)
 .bss           0x00000000000008d4        0x0 build/cortex-m0/main.o
 .bss           0x00000000000008d4        0x0 ../../libtock-c/libtock/build/cortex-m0/libtock.a(crt0.o)
 .bss           0x00000000000008d4        0x0 ../../libtock-c/libtock/build/cortex-m0/libtock.a(tock.o)
 .bss.task_cur  0x00000000000008d4        0x4 ../../libtock-c/libtock/build/cortex-m0/libtock.a(tock.o)
 .bss.task_last
                0x00000000000008d8        0x4 ../../libtock-c/libtock/build/cortex-m0/libtock.a(tock.o)
 .bss.task_queue
                0x00000000000008dc      0x140 ../../libtock-c/libtock/build/cortex-m0/libtock.a(tock.o)
 .bss           0x0000000000000a1c        0x0 ../drivers/build/cortex-m0/drivers.a(example_driver.o)
 .bss           0x0000000000000a1c        0x0 ../../libtock-c/libc++/cortex-m/libgcc.a(_thumb1_case_uqi.o)
 .bss           0x0000000000000a1c        0x0 ../../libtock-c/newlib/cortex-m/v6-m/libc.a(lib_a-exit.o)
 .bss           0x0000000000000a1c        0x0 ../../libtock-c/newlib/cortex-m/v6-m/libc.a(lib_a-impure.o)
 .bss           0x0000000000000a1c        0x0 ../../libtock-c/newlib/cortex-m/v6-m/libc.a(lib_a-memcpy-stub.o)
 .bss           0x0000000000000a1c        0x0 ../../libtock-c/newlib/cortex-m/v6-m/libc.a(lib_a-memset.o)
 .bss           0x0000000000000a1c        0x0 ../../libtock-c/newlib/cortex-m/v6-m/libc.a(lib_a-printf.o)
 .bss           0x0000000000000a1c        0x0 ../../libtock-c/newlib/cortex-m/v6-m/libc.a(lib_a-puts.o)
 .bss           0x0000000000000a1c        0x0 ../../libtock-c/newlib/cortex-m/v6-m/libc.a(lib_a-wbuf.o)
 .bss           0x0000000000000a1c        0x0 ../../libtock-c/newlib/cortex-m/v6-m/libc.a(lib_a-wsetup.o)
 .bss           0x0000000000000a1c        0x0 ../../libtock-c/newlib/cortex-m/v6-m/libc.a(lib_a-fflush.o)
 .bss           0x0000000000000a1c        0x0 ../../libtock-c/newlib/cortex-m/v6-m/libc.a(lib_a-findfp.o)
 .bss           0x0000000000000a1c        0x0 ../../libtock-c/newlib/cortex-m/v6-m/libc.a(lib_a-fwalk.o)
 .bss           0x0000000000000a1c        0x0 ../../libtock-c/newlib/cortex-m/v6-m/libc.a(lib_a-makebuf.o)
 .bss           0x0000000000000a1c        0x0 ../../libtock-c/newlib/cortex-m/v6-m/libc.a(lib_a-nano-freer.o)
 .bss           0x0000000000000a1c        0x0 ../../libtock-c/newlib/cortex-m/v6-m/libc.a(lib_a-nano-mallocr.o)
 .bss.__malloc_free_list
                0x0000000000000a1c        0x4 ../../libtock-c/newlib/cortex-m/v6-m/libc.a(lib_a-nano-mallocr.o)
                0x0000000000000a1c                __malloc_free_list
 .bss.__malloc_sbrk_start
                0x0000000000000a20        0x4 ../../libtock-c/newlib/cortex-m/v6-m/libc.a(lib_a-nano-mallocr.o)
                0x0000000000000a20                __malloc_sbrk_start
 .bss           0x0000000000000a24        0x0 ../../libtock-c/newlib/cortex-m/v6-m/libc.a(lib_a-nano-vfprintf.o)
 .bss           0x0000000000000a24        0x0 ../../libtock-c/newlib/cortex-m/v6-m/libc.a(lib_a-nano-vfprintf_i.o)
 .bss           0x0000000000000a24        0x0 ../../libtock-c/newlib/cortex-m/v6-m/libc.a(lib_a-sbrkr.o)
 .bss           0x0000000000000a24        0x0 ../../libtock-c/newlib/cortex-m/v6-m/libc.a(lib_a-stdio.o)
 .bss           0x0000000000000a24        0x0 ../../libtock-c/newlib/cortex-m/v6-m/libc.a(lib_a-writer.o)
 .bss           0x0000000000000a24        0x0 ../../libtock-c/newlib/cortex-m/v6-m/libc.a(lib_a-closer.o)
 .bss           0x0000000000000a24        0x0 ../../libtock-c/newlib/cortex-m/v6-m/libc.a(lib_a-fstatr.o)
 .bss           0x0000000000000a24        0x0 ../../libtock-c/newlib/cortex-m/v6-m/libc.a(lib_a-fvwrite.o)
 .bss           0x0000000000000a24        0x0 ../../libtock-c/newlib/cortex-m/v6-m/libc.a(lib_a-isattyr.o)
 .bss           0x0000000000000a24        0x0 ../../libtock-c/newlib/cortex-m/v6-m/libc.a(lib_a-lseekr.o)
 .bss           0x0000000000000a24        0x0 ../../libtock-c/newlib/cortex-m/v6-m/libc.a(lib_a-memchr-stub.o)
 .bss           0x0000000000000a24        0x0 ../../libtock-c/newlib/cortex-m/v6-m/libc.a(lib_a-memmove.o)
 .bss           0x0000000000000a24        0x0 ../../libtock-c/newlib/cortex-m/v6-m/libc.a(lib_a-mlock.o)
 .bss           0x0000000000000a24        0x0 ../../libtock-c/newlib/cortex-m/v6-m/libc.a(lib_a-nano-reallocr.o)
 .bss           0x0000000000000a24        0x0 ../../libtock-c/newlib/cortex-m/v6-m/libc.a(lib_a-readr.o)
 .bss           0x0000000000000a24        0x0 ../../libtock-c/newlib/cortex-m/v6-m/libc.a(lib_a-reent.o)
 .bss           0x0000000000000a24        0x0 ../../libtock-c/newlib/cortex-m/v6-m/libc.a(lib_a-nano-msizer.o)
 .bss           0x0000000000000a24        0x0 ../../libtock-c/libtock/build/cortex-m0/libtock.a(sys.o)
 .bss.__dso_handle
                0x0000000000000a24        0x4 ../../libtock-c/libtock/build/cortex-m0/libtock.a(sys.o)
                0x0000000000000a24                __dso_handle
 .bss           0x0000000000000a28        0x0 ../../libtock-c/libtock/build/cortex-m0/libtock.a(console.o)
 .bss.putstr_head
                0x0000000000000a28        0x4 ../../libtock-c/libtock/build/cortex-m0/libtock.a(console.o)
 .bss.putstr_tail
                0x0000000000000a2c        0x4 ../../libtock-c/libtock/build/cortex-m0/libtock.a(console.o)
 .bss           0x0000000000000a30        0x0 ../../libtock-c/libc++/cortex-m/libgcc.a(_thumb1_case_shi.o)
 .bss           0x0000000000000a30        0x0 ../../libtock-c/libc++/cortex-m/libgcc.a(_udivsi3.o)
 .bss           0x0000000000000a30        0x0 ../../libtock-c/libc++/cortex-m/libgcc.a(_divsi3.o)
 .bss           0x0000000000000a30        0x0 ../../libtock-c/libc++/cortex-m/libgcc.a(_dvmd_tls.o)
 .bss           0x0000000000000a30        0x0 ../../libtock-c/newlib/cortex-m/v6-m/libc.a(lib_a-errno.o)
 .bss           0x0000000000000a30        0x0 ../../libtock-c/newlib/cortex-m/v6-m/libc.a(lib_a-malloc.o)
 .bss           0x0000000000000a30        0x0 ../../libtock-c/newlib/cortex-m/v6-m/libc.a(lib_a-strncpy.o)
 *(.sbss*)
 *(COMMON)
 COMMON         0x0000000000000a30        0x4 ../../libtock-c/newlib/cortex-m/v6-m/libc.a(lib_a-reent.o)
                0x0000000000000a30                errno
                0x0000000000000a34                . = ALIGN (0x4)

.endflash       0x00000000800010a4        0x0
                [!provide]                        PROVIDE (__exidx_start = .)

.ARM.exidx
 *(.ARM.exidx* .gnu.linkonce.armexidx.*)
                [!provide]                        PROVIDE (__exidx_end = .)
                0x0000000000000001                ASSERT ((_got <= _bss), 
The GOT section must be before the BSS section for crt0 setup to be correct.)
                0x0000000000000001                ASSERT ((_data <= _bss), 
The data section must be before the BSS section for crt0 setup to be correct.)
OUTPUT(build/cortex-m0/cortex-m0.elf elf32-littlearm)
LOAD linker stubs

.GCC.command.line
                0x0000000000000000      0x6d5
 .GCC.command.line
                0x0000000000000000      0x41a build/cortex-m0/main.o
 .GCC.command.line
                0x000000000000041a       0x5d ../../libtock-c/libtock/build/cortex-m0/libtock.a(crt0.o)
                                        0x44a (size before relaxing)
 .GCC.command.line
                0x0000000000000477       0x5d ../../libtock-c/libtock/build/cortex-m0/libtock.a(tock.o)
                                        0x44a (size before relaxing)
 .GCC.command.line
                0x00000000000004d4      0x143 ../drivers/build/cortex-m0/drivers.a(example_driver.o)
                                        0x439 (size before relaxing)
 .GCC.command.line
                0x0000000000000617       0x5b ../../libtock-c/libtock/build/cortex-m0/libtock.a(sys.o)
                                        0x448 (size before relaxing)
 .GCC.command.line
                0x0000000000000672       0x63 ../../libtock-c/libtock/build/cortex-m0/libtock.a(console.o)
                                        0x450 (size before relaxing)

.comment        0x0000000000000000       0xd2
 .comment       0x0000000000000000       0x59 build/cortex-m0/main.o
                                         0x5a (size before relaxing)
 .comment       0x0000000000000059       0x5a ../../libtock-c/libtock/build/cortex-m0/libtock.a(crt0.o)
 .comment       0x0000000000000059       0x5a ../../libtock-c/libtock/build/cortex-m0/libtock.a(tock.o)
 .comment       0x0000000000000059       0x5a ../drivers/build/cortex-m0/drivers.a(example_driver.o)
 .comment       0x0000000000000059       0x79 ../../libtock-c/newlib/cortex-m/v6-m/libc.a(lib_a-exit.o)
                                         0x7a (size before relaxing)
 .comment       0x00000000000000d2       0x7a ../../libtock-c/newlib/cortex-m/v6-m/libc.a(lib_a-impure.o)
 .comment       0x00000000000000d2       0x7a ../../libtock-c/newlib/cortex-m/v6-m/libc.a(lib_a-memcpy-stub.o)
 .comment       0x00000000000000d2       0x7a ../../libtock-c/newlib/cortex-m/v6-m/libc.a(lib_a-memset.o)
 .comment       0x00000000000000d2       0x7a ../../libtock-c/newlib/cortex-m/v6-m/libc.a(lib_a-printf.o)
 .comment       0x00000000000000d2       0x7a ../../libtock-c/newlib/cortex-m/v6-m/libc.a(lib_a-puts.o)
 .comment       0x00000000000000d2       0x7a ../../libtock-c/newlib/cortex-m/v6-m/libc.a(lib_a-wbuf.o)
 .comment       0x00000000000000d2       0x7a ../../libtock-c/newlib/cortex-m/v6-m/libc.a(lib_a-wsetup.o)
 .comment       0x00000000000000d2       0x7a ../../libtock-c/newlib/cortex-m/v6-m/libc.a(lib_a-fflush.o)
 .comment       0x00000000000000d2       0x7a ../../libtock-c/newlib/cortex-m/v6-m/libc.a(lib_a-findfp.o)
 .comment       0x00000000000000d2       0x7a ../../libtock-c/newlib/cortex-m/v6-m/libc.a(lib_a-fwalk.o)
 .comment       0x00000000000000d2       0x7a ../../libtock-c/newlib/cortex-m/v6-m/libc.a(lib_a-makebuf.o)
 .comment       0x00000000000000d2       0x7a ../../libtock-c/newlib/cortex-m/v6-m/libc.a(lib_a-nano-freer.o)
 .comment       0x00000000000000d2       0x7a ../../libtock-c/newlib/cortex-m/v6-m/libc.a(lib_a-nano-mallocr.o)
 .comment       0x00000000000000d2       0x7a ../../libtock-c/newlib/cortex-m/v6-m/libc.a(lib_a-nano-vfprintf.o)
 .comment       0x00000000000000d2       0x7a ../../libtock-c/newlib/cortex-m/v6-m/libc.a(lib_a-nano-vfprintf_i.o)
 .comment       0x00000000000000d2       0x7a ../../libtock-c/newlib/cortex-m/v6-m/libc.a(lib_a-sbrkr.o)
 .comment       0x00000000000000d2       0x7a ../../libtock-c/newlib/cortex-m/v6-m/libc.a(lib_a-stdio.o)
 .comment       0x00000000000000d2       0x7a ../../libtock-c/newlib/cortex-m/v6-m/libc.a(lib_a-writer.o)
 .comment       0x00000000000000d2       0x7a ../../libtock-c/newlib/cortex-m/v6-m/libc.a(lib_a-closer.o)
 .comment       0x00000000000000d2       0x7a ../../libtock-c/newlib/cortex-m/v6-m/libc.a(lib_a-fstatr.o)
 .comment       0x00000000000000d2       0x7a ../../libtock-c/newlib/cortex-m/v6-m/libc.a(lib_a-fvwrite.o)
 .comment       0x00000000000000d2       0x7a ../../libtock-c/newlib/cortex-m/v6-m/libc.a(lib_a-isattyr.o)
 .comment       0x00000000000000d2       0x7a ../../libtock-c/newlib/cortex-m/v6-m/libc.a(lib_a-lseekr.o)
 .comment       0x00000000000000d2       0x7a ../../libtock-c/newlib/cortex-m/v6-m/libc.a(lib_a-memchr-stub.o)
 .comment       0x00000000000000d2       0x7a ../../libtock-c/newlib/cortex-m/v6-m/libc.a(lib_a-memmove.o)
 .comment       0x00000000000000d2       0x7a ../../libtock-c/newlib/cortex-m/v6-m/libc.a(lib_a-mlock.o)
 .comment       0x00000000000000d2       0x7a ../../libtock-c/newlib/cortex-m/v6-m/libc.a(lib_a-nano-reallocr.o)
 .comment       0x00000000000000d2       0x7a ../../libtock-c/newlib/cortex-m/v6-m/libc.a(lib_a-readr.o)
 .comment       0x00000000000000d2       0x7a ../../libtock-c/newlib/cortex-m/v6-m/libc.a(lib_a-reent.o)
 .comment       0x00000000000000d2       0x7a ../../libtock-c/newlib/cortex-m/v6-m/libc.a(lib_a-nano-msizer.o)
 .comment       0x00000000000000d2       0x5a ../../libtock-c/libtock/build/cortex-m0/libtock.a(sys.o)
 .comment       0x00000000000000d2       0x5a ../../libtock-c/libtock/build/cortex-m0/libtock.a(console.o)
 .comment       0x00000000000000d2       0x7a ../../libtock-c/newlib/cortex-m/v6-m/libc.a(lib_a-errno.o)
 .comment       0x00000000000000d2       0x7a ../../libtock-c/newlib/cortex-m/v6-m/libc.a(lib_a-malloc.o)
 .comment       0x00000000000000d2       0x7a ../../libtock-c/newlib/cortex-m/v6-m/libc.a(lib_a-strncpy.o)

.ARM.attributes
                0x0000000000000000       0x2c
 .ARM.attributes
                0x0000000000000000       0x2c build/cortex-m0/main.o
 .ARM.attributes
                0x000000000000002c       0x2c ../../libtock-c/libtock/build/cortex-m0/libtock.a(crt0.o)
 .ARM.attributes
                0x0000000000000058       0x2c ../../libtock-c/libtock/build/cortex-m0/libtock.a(tock.o)
 .ARM.attributes
                0x0000000000000084       0x2c ../drivers/build/cortex-m0/drivers.a(example_driver.o)
 .ARM.attributes
                0x00000000000000b0       0x1e ../../libtock-c/libc++/cortex-m/libgcc.a(_thumb1_case_uqi.o)
 .ARM.attributes
                0x00000000000000ce       0x2c ../../libtock-c/newlib/cortex-m/v6-m/libc.a(lib_a-exit.o)
 .ARM.attributes
                0x00000000000000fa       0x2c ../../libtock-c/newlib/cortex-m/v6-m/libc.a(lib_a-impure.o)
 .ARM.attributes
                0x0000000000000126       0x2c ../../libtock-c/newlib/cortex-m/v6-m/libc.a(lib_a-memcpy-stub.o)
 .ARM.attributes
                0x0000000000000152       0x2c ../../libtock-c/newlib/cortex-m/v6-m/libc.a(lib_a-memset.o)
 .ARM.attributes
                0x000000000000017e       0x2c ../../libtock-c/newlib/cortex-m/v6-m/libc.a(lib_a-printf.o)
 .ARM.attributes
                0x00000000000001aa       0x2c ../../libtock-c/newlib/cortex-m/v6-m/libc.a(lib_a-puts.o)
 .ARM.attributes
                0x00000000000001d6       0x2c ../../libtock-c/newlib/cortex-m/v6-m/libc.a(lib_a-wbuf.o)
 .ARM.attributes
                0x0000000000000202       0x2c ../../libtock-c/newlib/cortex-m/v6-m/libc.a(lib_a-wsetup.o)
 .ARM.attributes
                0x000000000000022e       0x2c ../../libtock-c/newlib/cortex-m/v6-m/libc.a(lib_a-fflush.o)
 .ARM.attributes
                0x000000000000025a       0x2c ../../libtock-c/newlib/cortex-m/v6-m/libc.a(lib_a-findfp.o)
 .ARM.attributes
                0x0000000000000286       0x2c ../../libtock-c/newlib/cortex-m/v6-m/libc.a(lib_a-fwalk.o)
 .ARM.attributes
                0x00000000000002b2       0x2c ../../libtock-c/newlib/cortex-m/v6-m/libc.a(lib_a-makebuf.o)
 .ARM.attributes
                0x00000000000002de       0x2c ../../libtock-c/newlib/cortex-m/v6-m/libc.a(lib_a-nano-freer.o)
 .ARM.attributes
                0x000000000000030a       0x2c ../../libtock-c/newlib/cortex-m/v6-m/libc.a(lib_a-nano-mallocr.o)
 .ARM.attributes
                0x0000000000000336       0x2c ../../libtock-c/newlib/cortex-m/v6-m/libc.a(lib_a-nano-vfprintf.o)
 .ARM.attributes
                0x0000000000000362       0x2c ../../libtock-c/newlib/cortex-m/v6-m/libc.a(lib_a-nano-vfprintf_i.o)
 .ARM.attributes
                0x000000000000038e       0x2c ../../libtock-c/newlib/cortex-m/v6-m/libc.a(lib_a-sbrkr.o)
 .ARM.attributes
                0x00000000000003ba       0x2c ../../libtock-c/newlib/cortex-m/v6-m/libc.a(lib_a-stdio.o)
 .ARM.attributes
                0x00000000000003e6       0x2c ../../libtock-c/newlib/cortex-m/v6-m/libc.a(lib_a-writer.o)
 .ARM.attributes
                0x0000000000000412       0x2c ../../libtock-c/newlib/cortex-m/v6-m/libc.a(lib_a-closer.o)
 .ARM.attributes
                0x000000000000043e       0x2c ../../libtock-c/newlib/cortex-m/v6-m/libc.a(lib_a-fstatr.o)
 .ARM.attributes
                0x000000000000046a       0x2c ../../libtock-c/newlib/cortex-m/v6-m/libc.a(lib_a-fvwrite.o)
 .ARM.attributes
                0x0000000000000496       0x2c ../../libtock-c/newlib/cortex-m/v6-m/libc.a(lib_a-isattyr.o)
 .ARM.attributes
                0x00000000000004c2       0x2c ../../libtock-c/newlib/cortex-m/v6-m/libc.a(lib_a-lseekr.o)
 .ARM.attributes
                0x00000000000004ee       0x2c ../../libtock-c/newlib/cortex-m/v6-m/libc.a(lib_a-memchr-stub.o)
 .ARM.attributes
                0x000000000000051a       0x2c ../../libtock-c/newlib/cortex-m/v6-m/libc.a(lib_a-memmove.o)
 .ARM.attributes
                0x0000000000000546       0x2c ../../libtock-c/newlib/cortex-m/v6-m/libc.a(lib_a-mlock.o)
 .ARM.attributes
                0x0000000000000572       0x2c ../../libtock-c/newlib/cortex-m/v6-m/libc.a(lib_a-nano-reallocr.o)
 .ARM.attributes
                0x000000000000059e       0x2c ../../libtock-c/newlib/cortex-m/v6-m/libc.a(lib_a-readr.o)
 .ARM.attributes
                0x00000000000005ca       0x2c ../../libtock-c/newlib/cortex-m/v6-m/libc.a(lib_a-reent.o)
 .ARM.attributes
                0x00000000000005f6       0x2c ../../libtock-c/newlib/cortex-m/v6-m/libc.a(lib_a-nano-msizer.o)
 .ARM.attributes
                0x0000000000000622       0x2c ../../libtock-c/libtock/build/cortex-m0/libtock.a(sys.o)
 .ARM.attributes
                0x000000000000064e       0x2c ../../libtock-c/libtock/build/cortex-m0/libtock.a(console.o)
 .ARM.attributes
                0x000000000000067a       0x1e ../../libtock-c/libc++/cortex-m/libgcc.a(_thumb1_case_shi.o)
 .ARM.attributes
                0x0000000000000698       0x1e ../../libtock-c/libc++/cortex-m/libgcc.a(_udivsi3.o)
 .ARM.attributes
                0x00000000000006b6       0x1e ../../libtock-c/libc++/cortex-m/libgcc.a(_divsi3.o)
 .ARM.attributes
                0x00000000000006d4       0x1e ../../libtock-c/libc++/cortex-m/libgcc.a(_dvmd_tls.o)
 .ARM.attributes
                0x00000000000006f2       0x2c ../../libtock-c/newlib/cortex-m/v6-m/libc.a(lib_a-errno.o)
 .ARM.attributes
                0x000000000000071e       0x2c ../../libtock-c/newlib/cortex-m/v6-m/libc.a(lib_a-malloc.o)
 .ARM.attributes
                0x000000000000074a       0x2c ../../libtock-c/newlib/cortex-m/v6-m/libc.a(lib_a-strncpy.o)

.debug_info     0x0000000000000000    0x20622
 .debug_info    0x0000000000000000      0xa3a build/cortex-m0/main.o
 .debug_info    0x0000000000000a3a      0xf86 ../../libtock-c/libtock/build/cortex-m0/libtock.a(crt0.o)
 .debug_info    0x00000000000019c0     0x1d60 ../../libtock-c/libtock/build/cortex-m0/libtock.a(tock.o)
 .debug_info    0x0000000000003720       0x94 ../drivers/build/cortex-m0/drivers.a(example_driver.o)
 .debug_info    0x00000000000037b4       0x26 ../../libtock-c/libc++/cortex-m/libgcc.a(_thumb1_case_uqi.o)
 .debug_info    0x00000000000037da      0x9e7 ../../libtock-c/newlib/cortex-m/v6-m/libc.a(lib_a-exit.o)
 .debug_info    0x00000000000041c1      0x92a ../../libtock-c/newlib/cortex-m/v6-m/libc.a(lib_a-impure.o)
 .debug_info    0x0000000000004aeb      0xf06 ../../libtock-c/newlib/cortex-m/v6-m/libc.a(lib_a-memcpy-stub.o)
 .debug_info    0x00000000000059f1      0xec5 ../../libtock-c/newlib/cortex-m/v6-m/libc.a(lib_a-memset.o)
 .debug_info    0x00000000000068b6      0xc6e ../../libtock-c/newlib/cortex-m/v6-m/libc.a(lib_a-printf.o)
 .debug_info    0x0000000000007524      0xd2e ../../libtock-c/newlib/cortex-m/v6-m/libc.a(lib_a-puts.o)
 .debug_info    0x0000000000008252      0xc97 ../../libtock-c/newlib/cortex-m/v6-m/libc.a(lib_a-wbuf.o)
 .debug_info    0x0000000000008ee9      0xbfa ../../libtock-c/newlib/cortex-m/v6-m/libc.a(lib_a-wsetup.o)
 .debug_info    0x0000000000009ae3      0xd72 ../../libtock-c/newlib/cortex-m/v6-m/libc.a(lib_a-fflush.o)
 .debug_info    0x000000000000a855     0x10b5 ../../libtock-c/newlib/cortex-m/v6-m/libc.a(lib_a-findfp.o)
 .debug_info    0x000000000000b90a      0xcac ../../libtock-c/newlib/cortex-m/v6-m/libc.a(lib_a-fwalk.o)
 .debug_info    0x000000000000c5b6      0xf55 ../../libtock-c/newlib/cortex-m/v6-m/libc.a(lib_a-makebuf.o)
 .debug_info    0x000000000000d50b      0xb58 ../../libtock-c/newlib/cortex-m/v6-m/libc.a(lib_a-nano-freer.o)
 .debug_info    0x000000000000e063      0xc88 ../../libtock-c/newlib/cortex-m/v6-m/libc.a(lib_a-nano-mallocr.o)
 .debug_info    0x000000000000eceb     0x1716 ../../libtock-c/newlib/cortex-m/v6-m/libc.a(lib_a-nano-vfprintf.o)
 .debug_info    0x0000000000010401     0x157d ../../libtock-c/newlib/cortex-m/v6-m/libc.a(lib_a-nano-vfprintf_i.o)
 .debug_info    0x000000000001197e      0x9fb ../../libtock-c/newlib/cortex-m/v6-m/libc.a(lib_a-sbrkr.o)
 .debug_info    0x0000000000012379      0xe72 ../../libtock-c/newlib/cortex-m/v6-m/libc.a(lib_a-stdio.o)
 .debug_info    0x00000000000131eb      0xa2d ../../libtock-c/newlib/cortex-m/v6-m/libc.a(lib_a-writer.o)
 .debug_info    0x0000000000013c18      0x9d8 ../../libtock-c/newlib/cortex-m/v6-m/libc.a(lib_a-closer.o)
 .debug_info    0x00000000000145f0      0xc24 ../../libtock-c/newlib/cortex-m/v6-m/libc.a(lib_a-fstatr.o)
 .debug_info    0x0000000000015214      0xefa ../../libtock-c/newlib/cortex-m/v6-m/libc.a(lib_a-fvwrite.o)
 .debug_info    0x000000000001610e      0x9d8 ../../libtock-c/newlib/cortex-m/v6-m/libc.a(lib_a-isattyr.o)
 .debug_info    0x0000000000016ae6      0xa0e ../../libtock-c/newlib/cortex-m/v6-m/libc.a(lib_a-lseekr.o)
 .debug_info    0x00000000000174f4      0x9a3 ../../libtock-c/newlib/cortex-m/v6-m/libc.a(lib_a-memchr-stub.o)
 .debug_info    0x0000000000017e97      0xee8 ../../libtock-c/newlib/cortex-m/v6-m/libc.a(lib_a-memmove.o)
 .debug_info    0x0000000000018d7f      0x961 ../../libtock-c/newlib/cortex-m/v6-m/libc.a(lib_a-mlock.o)
 .debug_info    0x00000000000196e0      0xb7a ../../libtock-c/newlib/cortex-m/v6-m/libc.a(lib_a-nano-reallocr.o)
 .debug_info    0x000000000001a25a      0xa26 ../../libtock-c/newlib/cortex-m/v6-m/libc.a(lib_a-readr.o)
 .debug_info    0x000000000001ac80      0xb04 ../../libtock-c/newlib/cortex-m/v6-m/libc.a(lib_a-reent.o)
 .debug_info    0x000000000001b784      0xaa6 ../../libtock-c/newlib/cortex-m/v6-m/libc.a(lib_a-nano-msizer.o)
 .debug_info    0x000000000001c22a     0x10b3 ../../libtock-c/libtock/build/cortex-m0/libtock.a(sys.o)
 .debug_info    0x000000000001d2dd     0x160f ../../libtock-c/libtock/build/cortex-m0/libtock.a(console.o)
 .debug_info    0x000000000001e8ec       0x26 ../../libtock-c/libc++/cortex-m/libgcc.a(_thumb1_case_shi.o)
 .debug_info    0x000000000001e912       0x26 ../../libtock-c/libc++/cortex-m/libgcc.a(_udivsi3.o)
 .debug_info    0x000000000001e938       0x26 ../../libtock-c/libc++/cortex-m/libgcc.a(_divsi3.o)
 .debug_info    0x000000000001e95e       0x26 ../../libtock-c/libc++/cortex-m/libgcc.a(_dvmd_tls.o)
 .debug_info    0x000000000001e984      0x953 ../../libtock-c/newlib/cortex-m/v6-m/libc.a(lib_a-errno.o)
 .debug_info    0x000000000001f2d7      0x9b6 ../../libtock-c/newlib/cortex-m/v6-m/libc.a(lib_a-malloc.o)
 .debug_info    0x000000000001fc8d      0x995 ../../libtock-c/newlib/cortex-m/v6-m/libc.a(lib_a-strncpy.o)

.debug_abbrev   0x0000000000000000     0x5b2e
 .debug_abbrev  0x0000000000000000      0x1d1 build/cortex-m0/main.o
 .debug_abbrev  0x00000000000001d1      0x2ca ../../libtock-c/libtock/build/cortex-m0/libtock.a(crt0.o)
 .debug_abbrev  0x000000000000049b      0x44f ../../libtock-c/libtock/build/cortex-m0/libtock.a(tock.o)
 .debug_abbrev  0x00000000000008ea       0x46 ../drivers/build/cortex-m0/drivers.a(example_driver.o)
 .debug_abbrev  0x0000000000000930       0x14 ../../libtock-c/libc++/cortex-m/libgcc.a(_thumb1_case_uqi.o)
 .debug_abbrev  0x0000000000000944      0x1f6 ../../libtock-c/newlib/cortex-m/v6-m/libc.a(lib_a-exit.o)
 .debug_abbrev  0x0000000000000b3a      0x17a ../../libtock-c/newlib/cortex-m/v6-m/libc.a(lib_a-impure.o)
 .debug_abbrev  0x0000000000000cb4      0x1e3 ../../libtock-c/newlib/cortex-m/v6-m/libc.a(lib_a-memcpy-stub.o)
 .debug_abbrev  0x0000000000000e97      0x1c3 ../../libtock-c/newlib/cortex-m/v6-m/libc.a(lib_a-memset.o)
 .debug_abbrev  0x000000000000105a      0x294 ../../libtock-c/newlib/cortex-m/v6-m/libc.a(lib_a-printf.o)
 .debug_abbrev  0x00000000000012ee      0x2cb ../../libtock-c/newlib/cortex-m/v6-m/libc.a(lib_a-puts.o)
 .debug_abbrev  0x00000000000015b9      0x26c ../../libtock-c/newlib/cortex-m/v6-m/libc.a(lib_a-wbuf.o)
 .debug_abbrev  0x0000000000001825      0x23a ../../libtock-c/newlib/cortex-m/v6-m/libc.a(lib_a-wsetup.o)
 .debug_abbrev  0x0000000000001a5f      0x2c2 ../../libtock-c/newlib/cortex-m/v6-m/libc.a(lib_a-fflush.o)
 .debug_abbrev  0x0000000000001d21      0x3b3 ../../libtock-c/newlib/cortex-m/v6-m/libc.a(lib_a-findfp.o)
 .debug_abbrev  0x00000000000020d4      0x213 ../../libtock-c/newlib/cortex-m/v6-m/libc.a(lib_a-fwalk.o)
 .debug_abbrev  0x00000000000022e7      0x2f6 ../../libtock-c/newlib/cortex-m/v6-m/libc.a(lib_a-makebuf.o)
 .debug_abbrev  0x00000000000025dd      0x26e ../../libtock-c/newlib/cortex-m/v6-m/libc.a(lib_a-nano-freer.o)
 .debug_abbrev  0x000000000000284b      0x2d8 ../../libtock-c/newlib/cortex-m/v6-m/libc.a(lib_a-nano-mallocr.o)
 .debug_abbrev  0x0000000000002b23      0x2fd ../../libtock-c/newlib/cortex-m/v6-m/libc.a(lib_a-nano-vfprintf.o)
 .debug_abbrev  0x0000000000002e20      0x2e4 ../../libtock-c/newlib/cortex-m/v6-m/libc.a(lib_a-nano-vfprintf_i.o)
 .debug_abbrev  0x0000000000003104      0x212 ../../libtock-c/newlib/cortex-m/v6-m/libc.a(lib_a-sbrkr.o)
 .debug_abbrev  0x0000000000003316      0x24f ../../libtock-c/newlib/cortex-m/v6-m/libc.a(lib_a-stdio.o)
 .debug_abbrev  0x0000000000003565      0x1ec ../../libtock-c/newlib/cortex-m/v6-m/libc.a(lib_a-writer.o)
 .debug_abbrev  0x0000000000003751      0x1e7 ../../libtock-c/newlib/cortex-m/v6-m/libc.a(lib_a-closer.o)
 .debug_abbrev  0x0000000000003938      0x1fb ../../libtock-c/newlib/cortex-m/v6-m/libc.a(lib_a-fstatr.o)
 .debug_abbrev  0x0000000000003b33      0x270 ../../libtock-c/newlib/cortex-m/v6-m/libc.a(lib_a-fvwrite.o)
 .debug_abbrev  0x0000000000003da3      0x1e7 ../../libtock-c/newlib/cortex-m/v6-m/libc.a(lib_a-isattyr.o)
 .debug_abbrev  0x0000000000003f8a      0x1fb ../../libtock-c/newlib/cortex-m/v6-m/libc.a(lib_a-lseekr.o)
 .debug_abbrev  0x0000000000004185      0x1c3 ../../libtock-c/newlib/cortex-m/v6-m/libc.a(lib_a-memchr-stub.o)
 .debug_abbrev  0x0000000000004348      0x1c8 ../../libtock-c/newlib/cortex-m/v6-m/libc.a(lib_a-memmove.o)
 .debug_abbrev  0x0000000000004510      0x1c5 ../../libtock-c/newlib/cortex-m/v6-m/libc.a(lib_a-mlock.o)
 .debug_abbrev  0x00000000000046d5      0x23b ../../libtock-c/newlib/cortex-m/v6-m/libc.a(lib_a-nano-reallocr.o)
 .debug_abbrev  0x0000000000004910      0x1e7 ../../libtock-c/newlib/cortex-m/v6-m/libc.a(lib_a-readr.o)
 .debug_abbrev  0x0000000000004af7      0x263 ../../libtock-c/newlib/cortex-m/v6-m/libc.a(lib_a-reent.o)
 .debug_abbrev  0x0000000000004d5a      0x1e5 ../../libtock-c/newlib/cortex-m/v6-m/libc.a(lib_a-nano-msizer.o)
 .debug_abbrev  0x0000000000004f3f      0x2e8 ../../libtock-c/libtock/build/cortex-m0/libtock.a(sys.o)
 .debug_abbrev  0x0000000000005227      0x370 ../../libtock-c/libtock/build/cortex-m0/libtock.a(console.o)
 .debug_abbrev  0x0000000000005597       0x14 ../../libtock-c/libc++/cortex-m/libgcc.a(_thumb1_case_shi.o)
 .debug_abbrev  0x00000000000055ab       0x14 ../../libtock-c/libc++/cortex-m/libgcc.a(_udivsi3.o)
 .debug_abbrev  0x00000000000055bf       0x14 ../../libtock-c/libc++/cortex-m/libgcc.a(_divsi3.o)
 .debug_abbrev  0x00000000000055d3       0x14 ../../libtock-c/libc++/cortex-m/libgcc.a(_dvmd_tls.o)
 .debug_abbrev  0x00000000000055e7      0x198 ../../libtock-c/newlib/cortex-m/v6-m/libc.a(lib_a-errno.o)
 .debug_abbrev  0x000000000000577f      0x1ef ../../libtock-c/newlib/cortex-m/v6-m/libc.a(lib_a-malloc.o)
 .debug_abbrev  0x000000000000596e      0x1c0 ../../libtock-c/newlib/cortex-m/v6-m/libc.a(lib_a-strncpy.o)

.debug_loc      0x0000000000000000     0x5494
 .debug_loc     0x0000000000000000       0x2c build/cortex-m0/main.o
 .debug_loc     0x000000000000002c      0x54e ../../libtock-c/libtock/build/cortex-m0/libtock.a(crt0.o)
 .debug_loc     0x000000000000057a      0xdb0 ../../libtock-c/libtock/build/cortex-m0/libtock.a(tock.o)
 .debug_loc     0x000000000000132a       0x22 ../../libtock-c/newlib/cortex-m/v6-m/libc.a(lib_a-exit.o)
 .debug_loc     0x000000000000134c       0xfb ../../libtock-c/newlib/cortex-m/v6-m/libc.a(lib_a-memcpy-stub.o)
 .debug_loc     0x0000000000001447       0x96 ../../libtock-c/newlib/cortex-m/v6-m/libc.a(lib_a-memset.o)
 .debug_loc     0x00000000000014dd       0x71 ../../libtock-c/newlib/cortex-m/v6-m/libc.a(lib_a-printf.o)
 .debug_loc     0x000000000000154e      0x24f ../../libtock-c/newlib/cortex-m/v6-m/libc.a(lib_a-puts.o)
 .debug_loc     0x000000000000179d      0x184 ../../libtock-c/newlib/cortex-m/v6-m/libc.a(lib_a-wbuf.o)
 .debug_loc     0x0000000000001921       0x90 ../../libtock-c/newlib/cortex-m/v6-m/libc.a(lib_a-wsetup.o)
 .debug_loc     0x00000000000019b1      0x364 ../../libtock-c/newlib/cortex-m/v6-m/libc.a(lib_a-fflush.o)
 .debug_loc     0x0000000000001d15      0x2a8 ../../libtock-c/newlib/cortex-m/v6-m/libc.a(lib_a-findfp.o)
 .debug_loc     0x0000000000001fbd      0x23d ../../libtock-c/newlib/cortex-m/v6-m/libc.a(lib_a-fwalk.o)
 .debug_loc     0x00000000000021fa      0x25d ../../libtock-c/newlib/cortex-m/v6-m/libc.a(lib_a-makebuf.o)
 .debug_loc     0x0000000000002457      0x12b ../../libtock-c/newlib/cortex-m/v6-m/libc.a(lib_a-nano-freer.o)
 .debug_loc     0x0000000000002582      0x284 ../../libtock-c/newlib/cortex-m/v6-m/libc.a(lib_a-nano-mallocr.o)
 .debug_loc     0x0000000000002806      0x783 ../../libtock-c/newlib/cortex-m/v6-m/libc.a(lib_a-nano-vfprintf.o)
 .debug_loc     0x0000000000002f89      0x5eb ../../libtock-c/newlib/cortex-m/v6-m/libc.a(lib_a-nano-vfprintf_i.o)
 .debug_loc     0x0000000000003574       0x6c ../../libtock-c/newlib/cortex-m/v6-m/libc.a(lib_a-sbrkr.o)
 .debug_loc     0x00000000000035e0      0x3a7 ../../libtock-c/newlib/cortex-m/v6-m/libc.a(lib_a-stdio.o)
 .debug_loc     0x0000000000003987       0xdd ../../libtock-c/newlib/cortex-m/v6-m/libc.a(lib_a-writer.o)
 .debug_loc     0x0000000000003a64       0x6c ../../libtock-c/newlib/cortex-m/v6-m/libc.a(lib_a-closer.o)
 .debug_loc     0x0000000000003ad0       0xab ../../libtock-c/newlib/cortex-m/v6-m/libc.a(lib_a-fstatr.o)
 .debug_loc     0x0000000000003b7b      0x643 ../../libtock-c/newlib/cortex-m/v6-m/libc.a(lib_a-fvwrite.o)
 .debug_loc     0x00000000000041be       0x6c ../../libtock-c/newlib/cortex-m/v6-m/libc.a(lib_a-isattyr.o)
 .debug_loc     0x000000000000422a       0xdd ../../libtock-c/newlib/cortex-m/v6-m/libc.a(lib_a-lseekr.o)
 .debug_loc     0x0000000000004307       0xb8 ../../libtock-c/newlib/cortex-m/v6-m/libc.a(lib_a-memchr-stub.o)
 .debug_loc     0x00000000000043bf      0x109 ../../libtock-c/newlib/cortex-m/v6-m/libc.a(lib_a-memmove.o)
 .debug_loc     0x00000000000044c8      0x21c ../../libtock-c/newlib/cortex-m/v6-m/libc.a(lib_a-nano-reallocr.o)
 .debug_loc     0x00000000000046e4       0xdd ../../libtock-c/newlib/cortex-m/v6-m/libc.a(lib_a-readr.o)
 .debug_loc     0x00000000000047c1       0xe7 ../../libtock-c/newlib/cortex-m/v6-m/libc.a(lib_a-reent.o)
 .debug_loc     0x00000000000048a8       0x8d ../../libtock-c/newlib/cortex-m/v6-m/libc.a(lib_a-nano-msizer.o)
 .debug_loc     0x0000000000004935      0x261 ../../libtock-c/libtock/build/cortex-m0/libtock.a(sys.o)
 .debug_loc     0x0000000000004b96      0x791 ../../libtock-c/libtock/build/cortex-m0/libtock.a(console.o)
 .debug_loc     0x0000000000005327       0x64 ../../libtock-c/newlib/cortex-m/v6-m/libc.a(lib_a-malloc.o)
 .debug_loc     0x000000000000538b      0x109 ../../libtock-c/newlib/cortex-m/v6-m/libc.a(lib_a-strncpy.o)

.debug_aranges  0x0000000000000000      0x800
 .debug_aranges
                0x0000000000000000       0x20 build/cortex-m0/main.o
 .debug_aranges
                0x0000000000000020       0x30 ../../libtock-c/libtock/build/cortex-m0/libtock.a(crt0.o)
 .debug_aranges
                0x0000000000000050      0x110 ../../libtock-c/libtock/build/cortex-m0/libtock.a(tock.o)
 .debug_aranges
                0x0000000000000160       0x20 ../drivers/build/cortex-m0/drivers.a(example_driver.o)
 .debug_aranges
                0x0000000000000180       0x20 ../../libtock-c/libc++/cortex-m/libgcc.a(_thumb1_case_uqi.o)
 .debug_aranges
                0x00000000000001a0       0x20 ../../libtock-c/newlib/cortex-m/v6-m/libc.a(lib_a-exit.o)
 .debug_aranges
                0x00000000000001c0       0x18 ../../libtock-c/newlib/cortex-m/v6-m/libc.a(lib_a-impure.o)
 .debug_aranges
                0x00000000000001d8       0x20 ../../libtock-c/newlib/cortex-m/v6-m/libc.a(lib_a-memcpy-stub.o)
 .debug_aranges
                0x00000000000001f8       0x20 ../../libtock-c/newlib/cortex-m/v6-m/libc.a(lib_a-memset.o)
 .debug_aranges
                0x0000000000000218       0x28 ../../libtock-c/newlib/cortex-m/v6-m/libc.a(lib_a-printf.o)
 .debug_aranges
                0x0000000000000240       0x28 ../../libtock-c/newlib/cortex-m/v6-m/libc.a(lib_a-puts.o)
 .debug_aranges
                0x0000000000000268       0x28 ../../libtock-c/newlib/cortex-m/v6-m/libc.a(lib_a-wbuf.o)
 .debug_aranges
                0x0000000000000290       0x20 ../../libtock-c/newlib/cortex-m/v6-m/libc.a(lib_a-wsetup.o)
 .debug_aranges
                0x00000000000002b0       0x30 ../../libtock-c/newlib/cortex-m/v6-m/libc.a(lib_a-fflush.o)
 .debug_aranges
                0x00000000000002e0       0x68 ../../libtock-c/newlib/cortex-m/v6-m/libc.a(lib_a-findfp.o)
 .debug_aranges
                0x0000000000000348       0x28 ../../libtock-c/newlib/cortex-m/v6-m/libc.a(lib_a-fwalk.o)
 .debug_aranges
                0x0000000000000370       0x28 ../../libtock-c/newlib/cortex-m/v6-m/libc.a(lib_a-makebuf.o)
 .debug_aranges
                0x0000000000000398       0x20 ../../libtock-c/newlib/cortex-m/v6-m/libc.a(lib_a-nano-freer.o)
 .debug_aranges
                0x00000000000003b8       0x20 ../../libtock-c/newlib/cortex-m/v6-m/libc.a(lib_a-nano-mallocr.o)
 .debug_aranges
                0x00000000000003d8       0x40 ../../libtock-c/newlib/cortex-m/v6-m/libc.a(lib_a-nano-vfprintf.o)
 .debug_aranges
                0x0000000000000418       0x28 ../../libtock-c/newlib/cortex-m/v6-m/libc.a(lib_a-nano-vfprintf_i.o)
 .debug_aranges
                0x0000000000000440       0x20 ../../libtock-c/newlib/cortex-m/v6-m/libc.a(lib_a-sbrkr.o)
 .debug_aranges
                0x0000000000000460       0x40 ../../libtock-c/newlib/cortex-m/v6-m/libc.a(lib_a-stdio.o)
 .debug_aranges
                0x00000000000004a0       0x20 ../../libtock-c/newlib/cortex-m/v6-m/libc.a(lib_a-writer.o)
 .debug_aranges
                0x00000000000004c0       0x20 ../../libtock-c/newlib/cortex-m/v6-m/libc.a(lib_a-closer.o)
 .debug_aranges
                0x00000000000004e0       0x20 ../../libtock-c/newlib/cortex-m/v6-m/libc.a(lib_a-fstatr.o)
 .debug_aranges
                0x0000000000000500       0x20 ../../libtock-c/newlib/cortex-m/v6-m/libc.a(lib_a-fvwrite.o)
 .debug_aranges
                0x0000000000000520       0x20 ../../libtock-c/newlib/cortex-m/v6-m/libc.a(lib_a-isattyr.o)
 .debug_aranges
                0x0000000000000540       0x20 ../../libtock-c/newlib/cortex-m/v6-m/libc.a(lib_a-lseekr.o)
 .debug_aranges
                0x0000000000000560       0x20 ../../libtock-c/newlib/cortex-m/v6-m/libc.a(lib_a-memchr-stub.o)
 .debug_aranges
                0x0000000000000580       0x20 ../../libtock-c/newlib/cortex-m/v6-m/libc.a(lib_a-memmove.o)
 .debug_aranges
                0x00000000000005a0       0x20 ../../libtock-c/newlib/cortex-m/v6-m/libc.a(lib_a-mlock.o)
 .debug_aranges
                0x00000000000005c0       0x20 ../../libtock-c/newlib/cortex-m/v6-m/libc.a(lib_a-nano-reallocr.o)
 .debug_aranges
                0x00000000000005e0       0x20 ../../libtock-c/newlib/cortex-m/v6-m/libc.a(lib_a-readr.o)
 .debug_aranges
                0x0000000000000600       0x28 ../../libtock-c/newlib/cortex-m/v6-m/libc.a(lib_a-reent.o)
 .debug_aranges
                0x0000000000000628       0x20 ../../libtock-c/newlib/cortex-m/v6-m/libc.a(lib_a-nano-msizer.o)
 .debug_aranges
                0x0000000000000648       0x78 ../../libtock-c/libtock/build/cortex-m0/libtock.a(sys.o)
 .debug_aranges
                0x00000000000006c0       0x58 ../../libtock-c/libtock/build/cortex-m0/libtock.a(console.o)
 .debug_aranges
                0x0000000000000718       0x20 ../../libtock-c/libc++/cortex-m/libgcc.a(_thumb1_case_shi.o)
 .debug_aranges
                0x0000000000000738       0x20 ../../libtock-c/libc++/cortex-m/libgcc.a(_udivsi3.o)
 .debug_aranges
                0x0000000000000758       0x20 ../../libtock-c/libc++/cortex-m/libgcc.a(_divsi3.o)
 .debug_aranges
                0x0000000000000778       0x20 ../../libtock-c/libc++/cortex-m/libgcc.a(_dvmd_tls.o)
 .debug_aranges
                0x0000000000000798       0x20 ../../libtock-c/newlib/cortex-m/v6-m/libc.a(lib_a-errno.o)
 .debug_aranges
                0x00000000000007b8       0x28 ../../libtock-c/newlib/cortex-m/v6-m/libc.a(lib_a-malloc.o)
 .debug_aranges
                0x00000000000007e0       0x20 ../../libtock-c/newlib/cortex-m/v6-m/libc.a(lib_a-strncpy.o)

.debug_ranges   0x0000000000000000      0x7e0
 .debug_ranges  0x0000000000000000       0x10 build/cortex-m0/main.o
 .debug_ranges  0x0000000000000010      0x120 ../../libtock-c/libtock/build/cortex-m0/libtock.a(crt0.o)
 .debug_ranges  0x0000000000000130      0x100 ../../libtock-c/libtock/build/cortex-m0/libtock.a(tock.o)
 .debug_ranges  0x0000000000000230       0x10 ../drivers/build/cortex-m0/drivers.a(example_driver.o)
 .debug_ranges  0x0000000000000240       0x10 ../../libtock-c/newlib/cortex-m/v6-m/libc.a(lib_a-exit.o)
 .debug_ranges  0x0000000000000250       0x10 ../../libtock-c/newlib/cortex-m/v6-m/libc.a(lib_a-memcpy-stub.o)
 .debug_ranges  0x0000000000000260       0x10 ../../libtock-c/newlib/cortex-m/v6-m/libc.a(lib_a-memset.o)
 .debug_ranges  0x0000000000000270       0x18 ../../libtock-c/newlib/cortex-m/v6-m/libc.a(lib_a-printf.o)
 .debug_ranges  0x0000000000000288       0x68 ../../libtock-c/newlib/cortex-m/v6-m/libc.a(lib_a-puts.o)
 .debug_ranges  0x00000000000002f0       0x38 ../../libtock-c/newlib/cortex-m/v6-m/libc.a(lib_a-wbuf.o)
 .debug_ranges  0x0000000000000328       0x48 ../../libtock-c/newlib/cortex-m/v6-m/libc.a(lib_a-wsetup.o)
 .debug_ranges  0x0000000000000370       0x68 ../../libtock-c/newlib/cortex-m/v6-m/libc.a(lib_a-fflush.o)
 .debug_ranges  0x00000000000003d8       0x70 ../../libtock-c/newlib/cortex-m/v6-m/libc.a(lib_a-findfp.o)
 .debug_ranges  0x0000000000000448       0x18 ../../libtock-c/newlib/cortex-m/v6-m/libc.a(lib_a-fwalk.o)
 .debug_ranges  0x0000000000000460       0x30 ../../libtock-c/newlib/cortex-m/v6-m/libc.a(lib_a-makebuf.o)
 .debug_ranges  0x0000000000000490       0x10 ../../libtock-c/newlib/cortex-m/v6-m/libc.a(lib_a-nano-freer.o)
 .debug_ranges  0x00000000000004a0       0x48 ../../libtock-c/newlib/cortex-m/v6-m/libc.a(lib_a-nano-mallocr.o)
 .debug_ranges  0x00000000000004e8       0x50 ../../libtock-c/newlib/cortex-m/v6-m/libc.a(lib_a-nano-vfprintf.o)
 .debug_ranges  0x0000000000000538       0x70 ../../libtock-c/newlib/cortex-m/v6-m/libc.a(lib_a-nano-vfprintf_i.o)
 .debug_ranges  0x00000000000005a8       0x10 ../../libtock-c/newlib/cortex-m/v6-m/libc.a(lib_a-sbrkr.o)
 .debug_ranges  0x00000000000005b8       0x30 ../../libtock-c/newlib/cortex-m/v6-m/libc.a(lib_a-stdio.o)
 .debug_ranges  0x00000000000005e8       0x10 ../../libtock-c/newlib/cortex-m/v6-m/libc.a(lib_a-writer.o)
 .debug_ranges  0x00000000000005f8       0x10 ../../libtock-c/newlib/cortex-m/v6-m/libc.a(lib_a-closer.o)
 .debug_ranges  0x0000000000000608       0x10 ../../libtock-c/newlib/cortex-m/v6-m/libc.a(lib_a-fstatr.o)
 .debug_ranges  0x0000000000000618       0x30 ../../libtock-c/newlib/cortex-m/v6-m/libc.a(lib_a-fvwrite.o)
 .debug_ranges  0x0000000000000648       0x10 ../../libtock-c/newlib/cortex-m/v6-m/libc.a(lib_a-isattyr.o)
 .debug_ranges  0x0000000000000658       0x10 ../../libtock-c/newlib/cortex-m/v6-m/libc.a(lib_a-lseekr.o)
 .debug_ranges  0x0000000000000668       0x10 ../../libtock-c/newlib/cortex-m/v6-m/libc.a(lib_a-memchr-stub.o)
 .debug_ranges  0x0000000000000678       0x10 ../../libtock-c/newlib/cortex-m/v6-m/libc.a(lib_a-memmove.o)
 .debug_ranges  0x0000000000000688       0x10 ../../libtock-c/newlib/cortex-m/v6-m/libc.a(lib_a-mlock.o)
 .debug_ranges  0x0000000000000698       0x10 ../../libtock-c/newlib/cortex-m/v6-m/libc.a(lib_a-nano-reallocr.o)
 .debug_ranges  0x00000000000006a8       0x10 ../../libtock-c/newlib/cortex-m/v6-m/libc.a(lib_a-readr.o)
 .debug_ranges  0x00000000000006b8       0x30 ../../libtock-c/newlib/cortex-m/v6-m/libc.a(lib_a-reent.o)
 .debug_ranges  0x00000000000006e8       0x10 ../../libtock-c/newlib/cortex-m/v6-m/libc.a(lib_a-nano-msizer.o)
 .debug_ranges  0x00000000000006f8       0x68 ../../libtock-c/libtock/build/cortex-m0/libtock.a(sys.o)
 .debug_ranges  0x0000000000000760       0x48 ../../libtock-c/libtock/build/cortex-m0/libtock.a(console.o)
 .debug_ranges  0x00000000000007a8       0x10 ../../libtock-c/newlib/cortex-m/v6-m/libc.a(lib_a-errno.o)
 .debug_ranges  0x00000000000007b8       0x18 ../../libtock-c/newlib/cortex-m/v6-m/libc.a(lib_a-malloc.o)
 .debug_ranges  0x00000000000007d0       0x10 ../../libtock-c/newlib/cortex-m/v6-m/libc.a(lib_a-strncpy.o)

.debug_line     0x0000000000000000     0x7867
 .debug_line    0x0000000000000000       0xee build/cortex-m0/main.o
 .debug_line    0x00000000000000ee      0x360 ../../libtock-c/libtock/build/cortex-m0/libtock.a(crt0.o)
 .debug_line    0x000000000000044e      0x873 ../../libtock-c/libtock/build/cortex-m0/libtock.a(tock.o)
 .debug_line    0x0000000000000cc1       0x6b ../drivers/build/cortex-m0/drivers.a(example_driver.o)
 .debug_line    0x0000000000000d2c       0x6a ../../libtock-c/libc++/cortex-m/libgcc.a(_thumb1_case_uqi.o)
 .debug_line    0x0000000000000d96      0x1c8 ../../libtock-c/newlib/cortex-m/v6-m/libc.a(lib_a-exit.o)
 .debug_line    0x0000000000000f5e      0x131 ../../libtock-c/newlib/cortex-m/v6-m/libc.a(lib_a-impure.o)
 .debug_line    0x000000000000108f      0x242 ../../libtock-c/newlib/cortex-m/v6-m/libc.a(lib_a-memcpy-stub.o)
 .debug_line    0x00000000000012d1      0x227 ../../libtock-c/newlib/cortex-m/v6-m/libc.a(lib_a-memset.o)
 .debug_line    0x00000000000014f8      0x2a4 ../../libtock-c/newlib/cortex-m/v6-m/libc.a(lib_a-printf.o)
 .debug_line    0x000000000000179c      0x367 ../../libtock-c/newlib/cortex-m/v6-m/libc.a(lib_a-puts.o)
 .debug_line    0x0000000000001b03      0x2fb ../../libtock-c/newlib/cortex-m/v6-m/libc.a(lib_a-wbuf.o)
 .debug_line    0x0000000000001dfe      0x346 ../../libtock-c/newlib/cortex-m/v6-m/libc.a(lib_a-wsetup.o)
 .debug_line    0x0000000000002144      0x478 ../../libtock-c/newlib/cortex-m/v6-m/libc.a(lib_a-fflush.o)
 .debug_line    0x00000000000025bc      0x5b2 ../../libtock-c/newlib/cortex-m/v6-m/libc.a(lib_a-findfp.o)
 .debug_line    0x0000000000002b6e      0x301 ../../libtock-c/newlib/cortex-m/v6-m/libc.a(lib_a-fwalk.o)
 .debug_line    0x0000000000002e6f      0x3a8 ../../libtock-c/newlib/cortex-m/v6-m/libc.a(lib_a-makebuf.o)
 .debug_line    0x0000000000003217      0x2e6 ../../libtock-c/newlib/cortex-m/v6-m/libc.a(lib_a-nano-freer.o)
 .debug_line    0x00000000000034fd      0x394 ../../libtock-c/newlib/cortex-m/v6-m/libc.a(lib_a-nano-mallocr.o)
 .debug_line    0x0000000000003891      0x777 ../../libtock-c/newlib/cortex-m/v6-m/libc.a(lib_a-nano-vfprintf.o)
 .debug_line    0x0000000000004008      0x6fb ../../libtock-c/newlib/cortex-m/v6-m/libc.a(lib_a-nano-vfprintf_i.o)
 .debug_line    0x0000000000004703      0x1e4 ../../libtock-c/newlib/cortex-m/v6-m/libc.a(lib_a-sbrkr.o)
 .debug_line    0x00000000000048e7      0x2e3 ../../libtock-c/newlib/cortex-m/v6-m/libc.a(lib_a-stdio.o)
 .debug_line    0x0000000000004bca      0x1dc ../../libtock-c/newlib/cortex-m/v6-m/libc.a(lib_a-writer.o)
 .debug_line    0x0000000000004da6      0x1e4 ../../libtock-c/newlib/cortex-m/v6-m/libc.a(lib_a-closer.o)
 .debug_line    0x0000000000004f8a      0x275 ../../libtock-c/newlib/cortex-m/v6-m/libc.a(lib_a-fstatr.o)
 .debug_line    0x00000000000051ff      0x61f ../../libtock-c/newlib/cortex-m/v6-m/libc.a(lib_a-fvwrite.o)
 .debug_line    0x000000000000581e      0x1e5 ../../libtock-c/newlib/cortex-m/v6-m/libc.a(lib_a-isattyr.o)
 .debug_line    0x0000000000005a03      0x1dc ../../libtock-c/newlib/cortex-m/v6-m/libc.a(lib_a-lseekr.o)
 .debug_line    0x0000000000005bdf      0x1d5 ../../libtock-c/newlib/cortex-m/v6-m/libc.a(lib_a-memchr-stub.o)
 .debug_line    0x0000000000005db4      0x255 ../../libtock-c/newlib/cortex-m/v6-m/libc.a(lib_a-memmove.o)
 .debug_line    0x0000000000006009      0x199 ../../libtock-c/newlib/cortex-m/v6-m/libc.a(lib_a-mlock.o)
 .debug_line    0x00000000000061a2      0x22e ../../libtock-c/newlib/cortex-m/v6-m/libc.a(lib_a-nano-reallocr.o)
 .debug_line    0x00000000000063d0      0x1db ../../libtock-c/newlib/cortex-m/v6-m/libc.a(lib_a-readr.o)
 .debug_line    0x00000000000065ab      0x2cc ../../libtock-c/newlib/cortex-m/v6-m/libc.a(lib_a-reent.o)
 .debug_line    0x0000000000006877      0x1c3 ../../libtock-c/newlib/cortex-m/v6-m/libc.a(lib_a-nano-msizer.o)
 .debug_line    0x0000000000006a3a      0x2e8 ../../libtock-c/libtock/build/cortex-m0/libtock.a(sys.o)
 .debug_line    0x0000000000006d22      0x450 ../../libtock-c/libtock/build/cortex-m0/libtock.a(console.o)
 .debug_line    0x0000000000007172       0x6b ../../libtock-c/libc++/cortex-m/libgcc.a(_thumb1_case_shi.o)
 .debug_line    0x00000000000071dd       0x79 ../../libtock-c/libc++/cortex-m/libgcc.a(_udivsi3.o)
 .debug_line    0x0000000000007256       0x87 ../../libtock-c/libc++/cortex-m/libgcc.a(_divsi3.o)
 .debug_line    0x00000000000072dd       0x62 ../../libtock-c/libc++/cortex-m/libgcc.a(_dvmd_tls.o)
 .debug_line    0x000000000000733f      0x162 ../../libtock-c/newlib/cortex-m/v6-m/libc.a(lib_a-errno.o)
 .debug_line    0x00000000000074a1      0x1f2 ../../libtock-c/newlib/cortex-m/v6-m/libc.a(lib_a-malloc.o)
 .debug_line    0x0000000000007693      0x1d4 ../../libtock-c/newlib/cortex-m/v6-m/libc.a(lib_a-strncpy.o)

.debug_str      0x0000000000000000     0x2791
 .debug_str     0x0000000000000000      0x52a build/cortex-m0/main.o
                                        0x603 (size before relaxing)
 .debug_str     0x000000000000052a      0x12e ../../libtock-c/libtock/build/cortex-m0/libtock.a(crt0.o)
                                        0x735 (size before relaxing)
 .debug_str     0x0000000000000658      0x7f2 ../../libtock-c/libtock/build/cortex-m0/libtock.a(tock.o)
                                        0xe2f (size before relaxing)
 .debug_str     0x0000000000000e4a       0x39 ../drivers/build/cortex-m0/drivers.a(example_driver.o)
                                        0x23e (size before relaxing)
 .debug_str     0x0000000000000e83       0x99 ../../libtock-c/libc++/cortex-m/libgcc.a(_thumb1_case_uqi.o)
 .debug_str     0x0000000000000f1c      0x21f ../../libtock-c/newlib/cortex-m/v6-m/libc.a(lib_a-exit.o)
                                        0x69e (size before relaxing)
 .debug_str     0x000000000000113b       0xb4 ../../libtock-c/newlib/cortex-m/v6-m/libc.a(lib_a-impure.o)
                                        0x652 (size before relaxing)
 .debug_str     0x00000000000011ef      0x33b ../../libtock-c/newlib/cortex-m/v6-m/libc.a(lib_a-memcpy-stub.o)
                                        0x991 (size before relaxing)
 .debug_str     0x000000000000152a       0xaa ../../libtock-c/newlib/cortex-m/v6-m/libc.a(lib_a-memset.o)
                                        0x96b (size before relaxing)
 .debug_str     0x00000000000015d4      0x1de ../../libtock-c/newlib/cortex-m/v6-m/libc.a(lib_a-printf.o)
                                        0x7cc (size before relaxing)
 .debug_str     0x00000000000017b2       0x76 ../../libtock-c/newlib/cortex-m/v6-m/libc.a(lib_a-puts.o)
                                        0x7d5 (size before relaxing)
 .debug_str     0x0000000000001828       0x67 ../../libtock-c/newlib/cortex-m/v6-m/libc.a(lib_a-wbuf.o)
                                        0x7db (size before relaxing)
 .debug_str     0x000000000000188f       0x55 ../../libtock-c/newlib/cortex-m/v6-m/libc.a(lib_a-wsetup.o)
                                        0x7d6 (size before relaxing)
 .debug_str     0x00000000000018e4       0x70 ../../libtock-c/newlib/cortex-m/v6-m/libc.a(lib_a-fflush.o)
                                        0x804 (size before relaxing)
 .debug_str     0x0000000000001954      0x182 ../../libtock-c/newlib/cortex-m/v6-m/libc.a(lib_a-findfp.o)
                                        0x914 (size before relaxing)
 .debug_str     0x0000000000001ad6       0x4e ../../libtock-c/newlib/cortex-m/v6-m/libc.a(lib_a-fwalk.o)
                                        0x7c8 (size before relaxing)
 .debug_str     0x0000000000001b24      0x179 ../../libtock-c/newlib/cortex-m/v6-m/libc.a(lib_a-makebuf.o)
                                        0x949 (size before relaxing)
 .debug_str     0x0000000000001c9d      0x12d ../../libtock-c/newlib/cortex-m/v6-m/libc.a(lib_a-nano-freer.o)
                                        0x782 (size before relaxing)
 .debug_str     0x0000000000001dca       0x49 ../../libtock-c/newlib/cortex-m/v6-m/libc.a(lib_a-nano-mallocr.o)
                                        0x7c3 (size before relaxing)
 .debug_str     0x0000000000001e13      0x15d ../../libtock-c/newlib/cortex-m/v6-m/libc.a(lib_a-nano-vfprintf.o)
                                        0xc60 (size before relaxing)
 .debug_str     0x0000000000001f70       0xa1 ../../libtock-c/newlib/cortex-m/v6-m/libc.a(lib_a-nano-vfprintf_i.o)
                                        0xbde (size before relaxing)
 .debug_str     0x0000000000002011       0x54 ../../libtock-c/newlib/cortex-m/v6-m/libc.a(lib_a-sbrkr.o)
                                        0x695 (size before relaxing)
 .debug_str     0x0000000000002065       0x9f ../../libtock-c/newlib/cortex-m/v6-m/libc.a(lib_a-stdio.o)
                                        0x81c (size before relaxing)
 .debug_str     0x0000000000002104       0x40 ../../libtock-c/newlib/cortex-m/v6-m/libc.a(lib_a-writer.o)
                                        0x692 (size before relaxing)
 .debug_str     0x0000000000002144       0x40 ../../libtock-c/newlib/cortex-m/v6-m/libc.a(lib_a-closer.o)
                                        0x682 (size before relaxing)
 .debug_str     0x0000000000002184       0x4d ../../libtock-c/newlib/cortex-m/v6-m/libc.a(lib_a-fstatr.o)
                                        0x7f0 (size before relaxing)
 .debug_str     0x00000000000021d1       0x72 ../../libtock-c/newlib/cortex-m/v6-m/libc.a(lib_a-fvwrite.o)
                                        0x855 (size before relaxing)
 .debug_str     0x0000000000002243       0x49 ../../libtock-c/newlib/cortex-m/v6-m/libc.a(lib_a-isattyr.o)
                                        0x68c (size before relaxing)
 .debug_str     0x000000000000228c       0x47 ../../libtock-c/newlib/cortex-m/v6-m/libc.a(lib_a-lseekr.o)
                                        0x690 (size before relaxing)
 .debug_str     0x00000000000022d3       0x5e ../../libtock-c/newlib/cortex-m/v6-m/libc.a(lib_a-memchr-stub.o)
                                        0x678 (size before relaxing)
 .debug_str     0x0000000000002331       0x4b ../../libtock-c/newlib/cortex-m/v6-m/libc.a(lib_a-memmove.o)
                                        0x986 (size before relaxing)
 .debug_str     0x000000000000237c       0x59 ../../libtock-c/newlib/cortex-m/v6-m/libc.a(lib_a-mlock.o)
                                        0x67e (size before relaxing)
 .debug_str     0x00000000000023d5       0x2c ../../libtock-c/newlib/cortex-m/v6-m/libc.a(lib_a-nano-reallocr.o)
                                        0x788 (size before relaxing)
 .debug_str     0x0000000000002401       0x3f ../../libtock-c/newlib/cortex-m/v6-m/libc.a(lib_a-readr.o)
                                        0x690 (size before relaxing)
 .debug_str     0x0000000000002440       0x6b ../../libtock-c/newlib/cortex-m/v6-m/libc.a(lib_a-reent.o)
                                        0x68e (size before relaxing)
 .debug_str     0x00000000000024ab        0xf ../../libtock-c/newlib/cortex-m/v6-m/libc.a(lib_a-nano-msizer.o)
                                        0x75d (size before relaxing)
 .debug_str     0x00000000000024ba       0x7e ../../libtock-c/libtock/build/cortex-m0/libtock.a(sys.o)
                                        0x98a (size before relaxing)
 .debug_str     0x0000000000002538      0x117 ../../libtock-c/libtock/build/cortex-m0/libtock.a(console.o)
                                        0xbef (size before relaxing)
 .debug_str     0x000000000000264f       0x99 ../../libtock-c/libc++/cortex-m/libgcc.a(_thumb1_case_shi.o)
 .debug_str     0x000000000000264f       0x99 ../../libtock-c/libc++/cortex-m/libgcc.a(_udivsi3.o)
 .debug_str     0x000000000000264f       0x99 ../../libtock-c/libc++/cortex-m/libgcc.a(_divsi3.o)
 .debug_str     0x000000000000264f       0x99 ../../libtock-c/libc++/cortex-m/libgcc.a(_dvmd_tls.o)
 .debug_str     0x000000000000264f       0xa7 ../../libtock-c/newlib/cortex-m/v6-m/libc.a(lib_a-errno.o)
                                        0x664 (size before relaxing)
 .debug_str     0x00000000000026f6       0x4d ../../libtock-c/newlib/cortex-m/v6-m/libc.a(lib_a-malloc.o)
                                        0x683 (size before relaxing)
 .debug_str     0x0000000000002743       0x4e ../../libtock-c/newlib/cortex-m/v6-m/libc.a(lib_a-strncpy.o)
                                        0x674 (size before relaxing)

.debug_frame    0x0000000000000000      0xf34
 .debug_frame   0x0000000000000000       0x30 build/cortex-m0/main.o
 .debug_frame   0x0000000000000030       0x5c ../../libtock-c/libtock/build/cortex-m0/libtock.a(crt0.o)
 .debug_frame   0x000000000000008c      0x330 ../../libtock-c/libtock/build/cortex-m0/libtock.a(tock.o)
 .debug_frame   0x00000000000003bc       0x20 ../drivers/build/cortex-m0/drivers.a(example_driver.o)
 .debug_frame   0x00000000000003dc       0x30 ../../libtock-c/newlib/cortex-m/v6-m/libc.a(lib_a-exit.o)
 .debug_frame   0x000000000000040c       0x28 ../../libtock-c/newlib/cortex-m/v6-m/libc.a(lib_a-memcpy-stub.o)
 .debug_frame   0x0000000000000434       0x20 ../../libtock-c/newlib/cortex-m/v6-m/libc.a(lib_a-memset.o)
 .debug_frame   0x0000000000000454       0x54 ../../libtock-c/newlib/cortex-m/v6-m/libc.a(lib_a-printf.o)
 .debug_frame   0x00000000000004a8       0x4c ../../libtock-c/newlib/cortex-m/v6-m/libc.a(lib_a-puts.o)
 .debug_frame   0x00000000000004f4       0x4c ../../libtock-c/newlib/cortex-m/v6-m/libc.a(lib_a-wbuf.o)
 .debug_frame   0x0000000000000540       0x34 ../../libtock-c/newlib/cortex-m/v6-m/libc.a(lib_a-wsetup.o)
 .debug_frame   0x0000000000000574       0x6c ../../libtock-c/newlib/cortex-m/v6-m/libc.a(lib_a-fflush.o)
 .debug_frame   0x00000000000005e0      0x158 ../../libtock-c/newlib/cortex-m/v6-m/libc.a(lib_a-findfp.o)
 .debug_frame   0x0000000000000738       0x50 ../../libtock-c/newlib/cortex-m/v6-m/libc.a(lib_a-fwalk.o)
 .debug_frame   0x0000000000000788       0x58 ../../libtock-c/newlib/cortex-m/v6-m/libc.a(lib_a-makebuf.o)
 .debug_frame   0x00000000000007e0       0x30 ../../libtock-c/newlib/cortex-m/v6-m/libc.a(lib_a-nano-freer.o)
 .debug_frame   0x0000000000000810       0x34 ../../libtock-c/newlib/cortex-m/v6-m/libc.a(lib_a-nano-mallocr.o)
 .debug_frame   0x0000000000000844       0xa8 ../../libtock-c/newlib/cortex-m/v6-m/libc.a(lib_a-nano-vfprintf.o)
 .debug_frame   0x00000000000008ec       0x58 ../../libtock-c/newlib/cortex-m/v6-m/libc.a(lib_a-nano-vfprintf_i.o)
 .debug_frame   0x0000000000000944       0x30 ../../libtock-c/newlib/cortex-m/v6-m/libc.a(lib_a-sbrkr.o)
 .debug_frame   0x0000000000000974       0x90 ../../libtock-c/newlib/cortex-m/v6-m/libc.a(lib_a-stdio.o)
 .debug_frame   0x0000000000000a04       0x30 ../../libtock-c/newlib/cortex-m/v6-m/libc.a(lib_a-writer.o)
 .debug_frame   0x0000000000000a34       0x30 ../../libtock-c/newlib/cortex-m/v6-m/libc.a(lib_a-closer.o)
 .debug_frame   0x0000000000000a64       0x30 ../../libtock-c/newlib/cortex-m/v6-m/libc.a(lib_a-fstatr.o)
 .debug_frame   0x0000000000000a94       0x30 ../../libtock-c/newlib/cortex-m/v6-m/libc.a(lib_a-fvwrite.o)
 .debug_frame   0x0000000000000ac4       0x30 ../../libtock-c/newlib/cortex-m/v6-m/libc.a(lib_a-isattyr.o)
 .debug_frame   0x0000000000000af4       0x30 ../../libtock-c/newlib/cortex-m/v6-m/libc.a(lib_a-lseekr.o)
 .debug_frame   0x0000000000000b24       0x20 ../../libtock-c/newlib/cortex-m/v6-m/libc.a(lib_a-memchr-stub.o)
 .debug_frame   0x0000000000000b44       0x28 ../../libtock-c/newlib/cortex-m/v6-m/libc.a(lib_a-memmove.o)
 .debug_frame   0x0000000000000b6c       0x30 ../../libtock-c/newlib/cortex-m/v6-m/libc.a(lib_a-mlock.o)
 .debug_frame   0x0000000000000b9c       0x30 ../../libtock-c/newlib/cortex-m/v6-m/libc.a(lib_a-nano-reallocr.o)
 .debug_frame   0x0000000000000bcc       0x30 ../../libtock-c/newlib/cortex-m/v6-m/libc.a(lib_a-readr.o)
 .debug_frame   0x0000000000000bfc       0x50 ../../libtock-c/newlib/cortex-m/v6-m/libc.a(lib_a-reent.o)
 .debug_frame   0x0000000000000c4c       0x20 ../../libtock-c/newlib/cortex-m/v6-m/libc.a(lib_a-nano-msizer.o)
 .debug_frame   0x0000000000000c6c       0xe8 ../../libtock-c/libtock/build/cortex-m0/libtock.a(sys.o)
 .debug_frame   0x0000000000000d54      0x108 ../../libtock-c/libtock/build/cortex-m0/libtock.a(console.o)
 .debug_frame   0x0000000000000e5c       0x20 ../../libtock-c/libc++/cortex-m/libgcc.a(_udivsi3.o)
 .debug_frame   0x0000000000000e7c       0x20 ../../libtock-c/libc++/cortex-m/libgcc.a(_divsi3.o)
 .debug_frame   0x0000000000000e9c       0x2c ../../libtock-c/newlib/cortex-m/v6-m/libc.a(lib_a-errno.o)
 .debug_frame   0x0000000000000ec8       0x40 ../../libtock-c/newlib/cortex-m/v6-m/libc.a(lib_a-malloc.o)
 .debug_frame   0x0000000000000f08       0x2c ../../libtock-c/newlib/cortex-m/v6-m/libc.a(lib_a-strncpy.o)
